******************************************************************************
                  TI ARM Linker PC v20.2.7                     
******************************************************************************
>> Linked Sat Apr 22 22:08:22 2023

OUTPUT FILE NAME:   <Lab_4.out>
ENTRY POINT SYMBOL: "_c_int00_noargs"  address: 000031a5


MEMORY CONFIGURATION

         name            origin    length      used     unused   attr    fill
----------------------  --------  ---------  --------  --------  ----  --------
  MAIN                  00000000   00040000  00003718  0003c8e8  R  X
  INFO                  00200000   00004000  00000000  00004000  R  X
  SRAM_CODE             01000000   00010000  00000b84  0000f47c  RW X
  SRAM_DATA             20000000   00010000  00000b84  0000f47c  RW  


SEGMENT ALLOCATION MAP

run origin  load origin   length   init length attrs members
----------  ----------- ---------- ----------- ----- -------
00000000    00000000    00003718   00003718    r-x
  00000000    00000000    000000e4   000000e4    r-- .intvecs
  000000e4    000000e4    0000340c   0000340c    r-x .text
  000034f0    000034f0    00000168   00000168    r-- .const
  00003658    00003658    000000c0   000000c0    r-- .cinit
20000000    20000000    00000984   00000000    rw-
  20000000    20000000    00000400   00000000    rw- .sysmem
  20000400    20000400    00000358   00000000    rw- .bss
  20000758    20000758    0000022c   00000000    rw- .data
2000fe00    2000fe00    00000200   00000000    rw-
  2000fe00    2000fe00    00000200   00000000    rw- .stack


SECTION ALLOCATION MAP

 output                                  attributes/
section   page    origin      length       input sections
--------  ----  ----------  ----------   ----------------
.intvecs   0    00000000    000000e4     
                  00000000    000000e4     startup_msp432p401r_ccs.obj (.intvecs:retain)

.text      0    000000e4    0000340c     
                  000000e4    00000a4e     rtsv7M4_T_le_v4SPD16_eabi.lib : _printfi.c.obj (.text:__TI_printfi)
                  00000b32    00000002                                   : _lock.c.obj (.text:_nop)
                  00000b34    00000334     system_msp432p401r.obj (.text)
                  00000e68    00000270     rtsv7M4_T_le_v4SPD16_eabi.lib : _printfi.c.obj (.text:_pconv_a)
                  000010d8    000001e4     main.obj (.text)
                  000012bc    000001d0     rtsv7M4_T_le_v4SPD16_eabi.lib : _printfi.c.obj (.text:_pconv_g)
                  0000148c    000001b6                                   : fd_add_t2.asm.obj (.text)
                  00001642    00000002                                   : div0.asm.obj (.text)
                  00001644    0000014c     msp432p4xx_driverlib.lib : cs.o (.text:CS_setDCOFrequency)
                  00001790    0000013c     rtsv7M4_T_le_v4SPD16_eabi.lib : _printfi.c.obj (.text:_pconv_e)
                  000018cc    00000136                                   : fd_div_t2.asm.obj (.text)
                  00001a02    00000002     --HOLE-- [fill = 0]
                  00001a04    00000124                                   : _printfi.c.obj (.text:fcvt)
                  00001b28    00000114                                   : fputs.c.obj (.text:fputs)
                  00001c3c    00000110                                   : s_scalbn.c.obj (.text:scalbn)
                  00001d4c    00000100                                   : memory.c.obj (.text:aligned_alloc)
                  00001e4c    000000fc                                   : fd_mul_t2.asm.obj (.text)
                  00001f48    000000e4                                   : memory.c.obj (.text:free)
                  0000202c    000000e0     msp432p4xx_driverlib.lib : cs.o (.text:CS_initClockSignal)
                  0000210c    000000dc     rtsv7M4_T_le_v4SPD16_eabi.lib : setvbuf.c.obj (.text:setvbuf)
                  000021e8    000000b1                                   : _printfi.c.obj (.text:_ltostr)
                  00002299    00000001     --HOLE-- [fill = 0]
                  0000229a    0000009c                                   : memcpy_t2.asm.obj (.text)
                  00002336    00000096                                   : ull_div_t2.asm.obj (.text)
                  000023cc    00000094     msp432p4xx_driverlib.lib : uart.o (.text:UART_initModule)
                  00002460    0000008c     rtsv7M4_T_le_v4SPD16_eabi.lib : fputc.c.obj (.text:fputc)
                  000024ec    00000086                                   : fd_cmp_t2.asm.obj (.text:__aeabi_cdcmple)
                  00002572    00000086                                   : fd_cmp_t2.asm.obj (.text:__aeabi_cdrcmple)
                  000025f8    0000007a                                   : memset_t2.asm.obj (.text)
                  00002672    00000002     --HOLE-- [fill = 0]
                  00002674    00000074                                   : fclose.c.obj (.text:__TI_closefile)
                  000026e8    00000070                                   : memory.c.obj (.text:split)
                  00002758    0000006e                                   : _printfi.c.obj (.text:_mcpy)
                  000027c6    00000002     --HOLE-- [fill = 0]
                  000027c8    0000006c                                   : hostrename.c.obj (.text:HOSTrename)
                  00002834    00000068                                   : hostlseek.c.obj (.text:HOSTlseek)
                  0000289c    00000068                                   : copy_decompress_lzss.c.obj (.text:decompress:lzss:__TI_decompress_lzss)
                  00002904    00000068                                   : printf.c.obj (.text:printf)
                  0000296c    00000064     msp432p4xx_driverlib.lib : interrupt.o (.text:Interrupt_enableInterrupt)
                  000029d0    00000064     rtsv7M4_T_le_v4SPD16_eabi.lib : s_frexp.c.obj (.text:frexp)
                  00002a34    00000064                                   : fseek.c.obj (.text:fseek)
                  00002a98    00000062                                   : _io_perm.c.obj (.text:__TI_wrt_ok)
                  00002afa    00000002     --HOLE-- [fill = 0]
                  00002afc    00000060                                   : hostopen.c.obj (.text:HOSTopen)
                  00002b5c    0000005c                                   : close.c.obj (.text:close)
                  00002bb8    00000058                                   : hostread.c.obj (.text:HOSTread)
                  00002c10    00000058                                   : hostwrite.c.obj (.text:HOSTwrite)
                  00002c68    00000056                                   : _printfi.c.obj (.text:_pconv_f)
                  00002cbe    00000002     --HOLE-- [fill = 0]
                  00002cc0    00000054     msp432p4xx_driverlib.lib : cs.o (.text:CS_tuneDCOFrequency)
                  00002d14    00000054     rtsv7M4_T_le_v4SPD16_eabi.lib : _ltoa.c.obj (.text:__TI_ltoa)
                  00002d68    00000052                                   : _printfi.c.obj (.text:_ecpy)
                  00002dba    00000002     --HOLE-- [fill = 0]
                  00002dbc    00000050     msp432p4xx_driverlib.lib : sysctl.o (.text:SysCtl_getTLVInfo)
                  00002e0c    0000004c     rtsv7M4_T_le_v4SPD16_eabi.lib : fflush.c.obj (.text:__TI_doflush)
                  00002e58    0000004c                                   : atoi.c.obj (.text:atoi)
                  00002ea4    00000048     msp432p4xx_driverlib.lib : gpio.o (.text:GPIO_setAsPeripheralModuleFunctionInputPin)
                  00002eec    00000048     rtsv7M4_T_le_v4SPD16_eabi.lib : exit.c.obj (.text:exit)
                  00002f34    00000048                                   : fd_toi_t2.asm.obj (.text)
                  00002f7c    00000044                                   : hostclose.c.obj (.text:HOSTclose)
                  00002fc0    00000044                                   : hostunlink.c.obj (.text:HOSTunlink)
                  00003004    00000044                                   : autoinit.c.obj (.text:__TI_auto_init_nobinit_nopinit:__TI_auto_init_nobinit_nopinit)
                  00003048    00000044                                   : getdevice.c.obj (.text:getdevice)
                  0000308c    0000003e                                   : _printfi.c.obj (.text:_fcpy)
                  000030ca    00000002     --HOLE-- [fill = 0]
                  000030cc    00000038                                   : trgmsg.c.obj (.text:__TI_writemsg)
                  00003104    00000036                                   : strncpy.c.obj (.text:strncpy)
                  0000313a    00000002     --HOLE-- [fill = 0]
                  0000313c    00000034                                   : fopen.c.obj (.text:__TI_cleanup)
                  00003170    00000034                                   : trgmsg.c.obj (.text:__TI_readmsg)
                  000031a4    00000034                                   : boot_cortex_m.c.obj (.text:_c_int00_noargs:_c_int00_noargs)
                  000031d8    00000030                                   : getdevice.c.obj (.text:finddevice)
                  00003208    0000002e                                   : i_tofd_t2.asm.obj (.text)
                  00003236    00000002     --HOLE-- [fill = 0]
                  00003238    0000002c                                   : unlink.c.obj (.text:unlink)
                  00003264    00000028                                   : memory.c.obj (.text:free_list_insert)
                  0000328c    00000028                                   : lseek.c.obj (.text:lseek)
                  000032b4    00000028                                   : write.c.obj (.text:write)
                  000032dc    00000024     msp432p4xx_driverlib.lib : cs.o (.text:CS_setDCOCenteredFrequency)
                  00003300    00000024                              : uart.o (.text:UART_receiveData)
                  00003324    00000024                              : uart.o (.text:UART_transmitData)
                  00003348    00000020     rtsv7M4_T_le_v4SPD16_eabi.lib : memchr.c.obj (.text:memchr)
                  00003368    0000001c                                   : copy_zero_init.c.obj (.text:decompress:ZI:__TI_zero_init_nomemset:__TI_zero_init_nomemset)
                  00003384    0000001c                                   : memory.c.obj (.text:free_list_remove)
                  000033a0    0000001c                                   : memccpy.c.obj (.text:memccpy)
                  000033bc    0000001a                                   : s_copysign.c.obj (.text:copysign)
                  000033d6    00000002     --HOLE-- [fill = 0]
                  000033d8    00000018     msp432p4xx_driverlib.lib : wdt_a.o (.text:WDT_A_holdTimer)
                  000033f0    00000018     rtsv7M4_T_le_v4SPD16_eabi.lib : strcmp.c.obj (.text:strcmp)
                  00003408    00000016     msp432p4xx_driverlib.lib : uart.o (.text:UART_enableInterrupt)
                  0000341e    00000016     rtsv7M4_T_le_v4SPD16_eabi.lib : strchr.c.obj (.text:strchr)
                  00003434    00000014                                   : strcpy.c.obj (.text:strcpy)
                  00003448    00000014                                   : strlen.c.obj (.text:strlen)
                  0000345c    00000012                                   : wcslen.c.obj (.text:wcslen)
                  0000346e    00000010     msp432p4xx_driverlib.lib : interrupt.o (.text:Interrupt_disableMaster)
                  0000347e    00000010                              : interrupt.o (.text:Interrupt_enableMaster)
                  0000348e    0000000e     rtsv7M4_T_le_v4SPD16_eabi.lib : copy_decompress_none.c.obj (.text:decompress:none:__TI_decompress_none)
                  0000349c    0000000e     startup_msp432p401r_ccs.obj (.text)
                  000034aa    0000000c     msp432p4xx_driverlib.lib : cpu.o (.text:CPU_cpsid)
                  000034b6    0000000c                              : cpu.o (.text:CPU_cpsie)
                  000034c2    0000000c                              : uart.o (.text:UART_enableModule)
                  000034ce    00000002     --HOLE-- [fill = 0]
                  000034d0    00000008     rtsv7M4_T_le_v4SPD16_eabi.lib : errno.c.obj (.text:__aeabi_errno_addr)
                  000034d8    00000008                                   : memory.c.obj (.text:malloc)
                  000034e0    00000004                                   : printf.c.obj (.text:_outc)
                  000034e4    00000004                                   : printf.c.obj (.text:_outs)
                  000034e8    00000004                                   : pre_init.c.obj (.text:_system_pre_init)
                  000034ec    00000004                                   : exit.c.obj (.text:abort:abort)

.const     0    000034f0    00000168     
                  000034f0    00000101     rtsv7M4_T_le_v4SPD16_eabi.lib : ctype.c.obj (.const:.string:_ctypes_)
                  000035f1    00000003     --HOLE-- [fill = 0]
                  000035f4    00000040     msp432p4xx_driverlib.lib : interrupt.o (.const)
                  00003634    00000024     main.obj (.const:UART_init)

.cinit     0    00003658    000000c0     
                  00003658    0000009a     (.cinit..data.load) [load image, compression = lzss]
                  000036f2    00000002     --HOLE-- [fill = 0]
                  000036f4    0000000c     (__TI_handler_table)
                  00003700    00000008     (.cinit..bss.load) [load image, compression = zero_init]
                  00003708    00000010     (__TI_cinit_table)

.init_array 
*          0    00000000    00000000     UNINITIALIZED

.binit     0    00000000    00000000     

.sysmem    0    20000000    00000400     UNINITIALIZED
                  20000000    00000010     rtsv7M4_T_le_v4SPD16_eabi.lib : memory.c.obj (.sysmem)
                  20000010    000003f0     --HOLE--

.bss       0    20000400    00000358     UNINITIALIZED
                  20000400    00000120     rtsv7M4_T_le_v4SPD16_eabi.lib : trgmsg.c.obj (.bss:_CIOBUF_)
                  20000520    000000c8     (.common:receivedBuffer)
                  200005e8    000000c8     (.common:receivedBuffer1)
                  200006b0    000000a0     (.common:__TI_tmpnams)
                  20000750    00000008     (.common:parmbuf)

.data      0    20000758    0000022c     UNINITIALIZED
                  20000758    000000f0     rtsv7M4_T_le_v4SPD16_eabi.lib : defs.c.obj (.data:_ftable)
                  20000848    00000078                                   : host_device.c.obj (.data:_device)
                  200008c0    00000050                                   : host_device.c.obj (.data:_stream)
                  20000910    00000030     msp432p4xx_driverlib.lib : gpio.o (.data:GPIO_PORT_TO_BASE)
                  20000940    00000010     main.obj (.data)
                  20000950    00000010     rtsv7M4_T_le_v4SPD16_eabi.lib : defs.c.obj (.data)
                  20000960    0000000c                                   : exit.c.obj (.data:$O1$$)
                  2000096c    00000008                                   : _lock.c.obj (.data:$O1$$)
                  20000974    00000008                                   : memory.c.obj (.data:$O1$$)
                  2000097c    00000004                                   : errno.c.obj (.data)
                  20000980    00000004     system_msp432p401r.obj (.data)

.stack     0    2000fe00    00000200     UNINITIALIZED
                  2000fe00    00000004     rtsv7M4_T_le_v4SPD16_eabi.lib : boot_cortex_m.c.obj (.stack)
                  2000fe04    000001fc     --HOLE--

__llvm_prf_cnts 
*          0    20000000    00000000     UNINITIALIZED

MODULE SUMMARY

       Module                        code    ro data   rw data
       ------                        ----    -------   -------
    .\
       main.obj                      484     36        832    
       system_msp432p401r.obj        820     0         8      
       startup_msp432p401r_ccs.obj   14      228       0      
    +--+-----------------------------+-------+---------+---------+
       Total:                        1318    264       840    
                                                              
    C:/ti/msp432_driverlib_3_21_00_05/driverlib/MSP432P4xx/ccs/msp432p4xx_driverlib.lib
       cs.o                          676     0         0      
       uart.o                        254     0         0      
       interrupt.o                   132     64        0      
       gpio.o                        72      0         96     
       sysctl.o                      80      0         0      
       cpu.o                         24      0         0      
       wdt_a.o                       24      0         0      
    +--+-----------------------------+-------+---------+---------+
       Total:                        1262    64        96     
                                                              
    C:\ti\ccs1220\ccs\tools\compiler\ti-cgt-arm_20.2.7.LTS\lib\rtsv7M4_T_le_v4SPD16_eabi.lib
       _printfi.c.obj                4851    0         0      
       defs.c.obj                    0       0         832    
       memory.c.obj                  672     0         16     
       trgmsg.c.obj                  108     0         576    
       fd_add_t2.asm.obj             438     0         0      
       host_device.c.obj             0       0         400    
       fd_div_t2.asm.obj             310     0         0      
       fputs.c.obj                   276     0         0      
       s_scalbn.c.obj                272     0         0      
       fd_cmp_t2.asm.obj             268     0         0      
       ctype.c.obj                   0       257       0      
       fd_mul_t2.asm.obj             252     0         0      
       setvbuf.c.obj                 220     0         0      
       memcpy_t2.asm.obj             156     0         0      
       ull_div_t2.asm.obj            150     0         0      
       fputc.c.obj                   140     0         0      
       memset_t2.asm.obj             122     0         0      
       fclose.c.obj                  116     0         0      
       getdevice.c.obj               116     0         0      
       hostopen.c.obj                96      0         16     
       printf.c.obj                  112     0         0      
       hostrename.c.obj              108     0         0      
       copy_decompress_lzss.c.obj    104     0         0      
       hostlseek.c.obj               104     0         0      
       exit.c.obj                    76      0         24     
       fseek.c.obj                   100     0         0      
       s_frexp.c.obj                 100     0         0      
       _io_perm.c.obj                98      0         0      
       close.c.obj                   92      0         0      
       hostread.c.obj                88      0         0      
       hostwrite.c.obj               88      0         0      
       _ltoa.c.obj                   84      0         0      
       atoi.c.obj                    76      0         0      
       fflush.c.obj                  76      0         0      
       fd_toi_t2.asm.obj             72      0         0      
       autoinit.c.obj                68      0         0      
       hostclose.c.obj               68      0         0      
       hostunlink.c.obj              68      0         0      
       strncpy.c.obj                 54      0         0      
       boot_cortex_m.c.obj           52      0         0      
       fopen.c.obj                   52      0         0      
       i_tofd_t2.asm.obj             46      0         0      
       unlink.c.obj                  44      0         0      
       lseek.c.obj                   40      0         0      
       write.c.obj                   40      0         0      
       memchr.c.obj                  32      0         0      
       copy_zero_init.c.obj          28      0         0      
       memccpy.c.obj                 28      0         0      
       s_copysign.c.obj              26      0         0      
       strcmp.c.obj                  24      0         0      
       strchr.c.obj                  22      0         0      
       strcpy.c.obj                  20      0         0      
       strlen.c.obj                  20      0         0      
       _lock.c.obj                   2       0         16     
       wcslen.c.obj                  18      0         0      
       errno.c.obj                   8       0         8      
       copy_decompress_none.c.obj    14      0         0      
       pre_init.c.obj                4       0         0      
       div0.asm.obj                  2       0         0      
    +--+-----------------------------+-------+---------+---------+
       Total:                        10721   257       1888   
                                                              
       Heap:                         0       0         2048   
       Stack:                        0       0         1024   
       Linker Generated:             0       190       0      
    +--+-----------------------------+-------+---------+---------+
       Grand Total:                  13301   775       5896   


LINKER GENERATED COPY TABLES

__TI_cinit_table @ 00003708 records: 2, size/record: 8, table size: 16
	.data: load addr=00003658, load size=0000009a bytes, run addr=20000758, run size=0000022c bytes, compression=lzss
	.bss: load addr=00003700, load size=00000008 bytes, run addr=20000400, run size=00000358 bytes, compression=zero_init


LINKER GENERATED HANDLER TABLE

__TI_handler_table @ 000036f4 records: 3, size/record: 4, table size: 12
	index: 0, handler: __TI_decompress_lzss
	index: 1, handler: __TI_decompress_none
	index: 2, handler: __TI_zero_init


GLOBAL SYMBOLS: SORTED ALPHABETICALLY BY Name 

address   name                                      
-------   ----                                      
000034a9  ADC14_IRQHandler                          
000034a9  AES256_IRQHandler                         
000034a9  BusFault_Handler                          
000034ed  C$$EXIT                                   
000030fb  C$$IO$$                                   
000034a9  COMP_E0_IRQHandler                        
000034a9  COMP_E1_IRQHandler                        
000034ab  CPU_cpsid                                 
000034b7  CPU_cpsie                                 
000034a9  CS_IRQHandler                             
0000202d  CS_initClockSignal                        
000032dd  CS_setDCOCenteredFrequency                
00001645  CS_setDCOFrequency                        
00002cc1  CS_tuneDCOFrequency                       
000034a9  DMA_ERR_IRQHandler                        
000034a9  DMA_INT0_IRQHandler                       
000034a9  DMA_INT1_IRQHandler                       
000034a9  DMA_INT2_IRQHandler                       
000034a9  DMA_INT3_IRQHandler                       
000034a9  DebugMon_Handler                          
000034a9  Default_Handler                           
00001219  EUSCIA0_IRQHandler                        
00001219  EUSCIA0_IRQHandler                        
0000124b  EUSCIA1_IRQHandler                        
0000124b  EUSCIA1_IRQHandler                        
000034a9  EUSCIA2_IRQHandler                        
000034a9  EUSCIA3_IRQHandler                        
000034a9  EUSCIB0_IRQHandler                        
000034a9  EUSCIB1_IRQHandler                        
000034a9  EUSCIB2_IRQHandler                        
000034a9  EUSCIB3_IRQHandler                        
000034a9  FLCTL_IRQHandler                          
000034a9  FPU_IRQHandler                            
00002ea5  GPIO_setAsPeripheralModuleFunctionInputPin
00002f7d  HOSTclose                                 
00002835  HOSTlseek                                 
00002afd  HOSTopen                                  
00002bb9  HOSTread                                  
000027c9  HOSTrename                                
00002fc1  HOSTunlink                                
00002c11  HOSTwrite                                 
000034a9  HardFault_Handler                         
0000346f  Interrupt_disableMaster                   
0000296d  Interrupt_enableInterrupt                 
0000347f  Interrupt_enableMaster                    
000034a9  MemManage_Handler                         
000034a9  NMI_Handler                               
000034a9  PCM_IRQHandler                            
000034a9  PORT1_IRQHandler                          
000034a9  PORT2_IRQHandler                          
000034a9  PORT3_IRQHandler                          
000034a9  PORT4_IRQHandler                          
000034a9  PORT5_IRQHandler                          
000034a9  PORT6_IRQHandler                          
000034a9  PSS_IRQHandler                            
000034a9  PendSV_Handler                            
000034a9  RTC_C_IRQHandler                          
0000349d  Reset_Handler                             
000034a9  SVC_Handler                               
00002dbd  SysCtl_getTLVInfo                         
000034a9  SysTick_Handler                           
20000980  SystemCoreClock                           
00000b35  SystemCoreClockUpdate                     
00000dad  SystemInit                                
000034a9  T32_INT1_IRQHandler                       
000034a9  T32_INT2_IRQHandler                       
000034a9  T32_INTC_IRQHandler                       
000034a9  TA0_0_IRQHandler                          
000034a9  TA0_N_IRQHandler                          
000034a9  TA1_0_IRQHandler                          
000034a9  TA1_N_IRQHandler                          
000034a9  TA2_0_IRQHandler                          
000034a9  TA2_N_IRQHandler                          
000034a9  TA3_0_IRQHandler                          
000034a9  TA3_N_IRQHandler                          
00003409  UART_enableInterrupt                      
000034c3  UART_enableModule                         
00003634  UART_init                                 
000023cd  UART_initModule                           
00003301  UART_receiveData                          
00003325  UART_transmitData                         
000034a9  UsageFault_Handler                        
4000480c  WDTCTL_SYM                                
000034a9  WDT_A_IRQHandler                          
000033d9  WDT_A_holdTimer                           
20000400  __CIOBUF_                                 
20010000  __STACK_END                               
00000200  __STACK_SIZE                              
00000400  __SYSMEM_SIZE                             
00003708  __TI_CINIT_Base                           
00003718  __TI_CINIT_Limit                          
000036f4  __TI_Handler_Table_Base                   
00003700  __TI_Handler_Table_Limit                  
00003005  __TI_auto_init_nobinit_nopinit            
0000313d  __TI_cleanup                              
20000960  __TI_cleanup_ptr                          
00002675  __TI_closefile                            
0000289d  __TI_decompress_lzss                      
0000348f  __TI_decompress_none                      
00002e0d  __TI_doflush                              
20000964  __TI_dtors_ptr                            
20000968  __TI_enable_exit_profile_output           
20000950  __TI_ft_end                               
00002d15  __TI_ltoa                                 
ffffffff  __TI_pprof_out_hndl                       
000000e5  __TI_printfi                              
ffffffff  __TI_prof_data_size                       
ffffffff  __TI_prof_data_start                      
00003171  __TI_readmsg                              
00000000  __TI_static_base__                        
200006b0  __TI_tmpnams                              
000030cd  __TI_writemsg                             
00002a99  __TI_wrt_ok                               
00003369  __TI_zero_init_nomemset                   
000024ed  __aeabi_cdcmpeq                           
000024ed  __aeabi_cdcmple                           
00002573  __aeabi_cdrcmple                          
00002f35  __aeabi_d2iz                              
00001497  __aeabi_dadd                              
000018cd  __aeabi_ddiv                              
00001e4d  __aeabi_dmul                              
0000148d  __aeabi_dsub                              
000034d1  __aeabi_errno_addr                        
00003209  __aeabi_i2d                               
00001643  __aeabi_idiv0                             
00001643  __aeabi_ldiv0                             
000025f9  __aeabi_memclr                            
000025f9  __aeabi_memclr4                           
000025f9  __aeabi_memclr8                           
0000229b  __aeabi_memcpy                            
0000229b  __aeabi_memcpy4                           
0000229b  __aeabi_memcpy8                           
000025fb  __aeabi_memset                            
000025fb  __aeabi_memset4                           
000025fb  __aeabi_memset8                           
2000095c  __aeabi_stderr                            
20000954  __aeabi_stdin                             
20000958  __aeabi_stdout                            
00002337  __aeabi_uldivmod                          
ffffffff  __binit__                                 
ffffffff  __c_args__                                
UNDEFED   __mpu_init                                
2000fe00  __stack                                   
20000000  __start___llvm_prf_cnts                   
20000000  __stop___llvm_prf_cnts                    
000031a5  _c_int00_noargs                           
000034f0  _ctypes_                                  
20000848  _device                                   
20000758  _ftable                                   
2000096c  _lock                                     
00000b33  _nop                                      
200008c0  _stream                                   
20000000  _sys_memory                               
UNDEFED   _system_post_cinit                        
000034e9  _system_pre_init                          
20000970  _unlock                                   
000034ed  abort                                     
00001d4d  aligned_alloc                             
00002e59  atoi                                      
ffffffff  binit                                     
00002b5d  close                                     
000033bd  copysign                                  
000033bd  copysignl                                 
2000097c  errno                                     
00002eed  exit                                      
000031d9  finddevice                                
00002461  fputc                                     
00001b29  fputs                                     
00001f49  free                                      
000029d1  frexp                                     
000029d1  frexpl                                    
00002a35  fseek                                     
00003049  getdevice                                 
20000944  i                                         
20000948  index                                     
2000094c  index1                                    
00000000  interruptVectors                          
00001c3d  ldexp                                     
00001c3d  ldexpl                                    
0000328d  lseek                                     
000010d9  main                                      
000034d9  malloc                                    
00001d4d  memalign                                  
000033a1  memccpy                                   
00003349  memchr                                    
0000229b  memcpy                                    
00002601  memset                                    
20000750  parmbuf                                   
20000940  printPrompt                               
20000941  printPrompt1                              
00002905  printf                                    
00002461  putc                                      
20000520  receivedBuffer                            
200005e8  receivedBuffer1                           
00003239  remove                                    
00001c3d  scalbn                                    
00001c3d  scalbnl                                   
0000210d  setvbuf                                   
0000341f  strchr                                    
000033f1  strcmp                                    
00003435  strcpy                                    
00003449  strlen                                    
00003105  strncpy                                   
00003239  unlink                                    
0000345d  wcslen                                    
000032b5  write                                     


GLOBAL SYMBOLS: SORTED BY Symbol Address 

address   name                                      
-------   ----                                      
00000000  __TI_static_base__                        
00000000  interruptVectors                          
000000e5  __TI_printfi                              
00000200  __STACK_SIZE                              
00000400  __SYSMEM_SIZE                             
00000b33  _nop                                      
00000b35  SystemCoreClockUpdate                     
00000dad  SystemInit                                
000010d9  main                                      
00001219  EUSCIA0_IRQHandler                        
00001219  EUSCIA0_IRQHandler                        
0000124b  EUSCIA1_IRQHandler                        
0000124b  EUSCIA1_IRQHandler                        
0000148d  __aeabi_dsub                              
00001497  __aeabi_dadd                              
00001643  __aeabi_idiv0                             
00001643  __aeabi_ldiv0                             
00001645  CS_setDCOFrequency                        
000018cd  __aeabi_ddiv                              
00001b29  fputs                                     
00001c3d  ldexp                                     
00001c3d  ldexpl                                    
00001c3d  scalbn                                    
00001c3d  scalbnl                                   
00001d4d  aligned_alloc                             
00001d4d  memalign                                  
00001e4d  __aeabi_dmul                              
00001f49  free                                      
0000202d  CS_initClockSignal                        
0000210d  setvbuf                                   
0000229b  __aeabi_memcpy                            
0000229b  __aeabi_memcpy4                           
0000229b  __aeabi_memcpy8                           
0000229b  memcpy                                    
00002337  __aeabi_uldivmod                          
000023cd  UART_initModule                           
00002461  fputc                                     
00002461  putc                                      
000024ed  __aeabi_cdcmpeq                           
000024ed  __aeabi_cdcmple                           
00002573  __aeabi_cdrcmple                          
000025f9  __aeabi_memclr                            
000025f9  __aeabi_memclr4                           
000025f9  __aeabi_memclr8                           
000025fb  __aeabi_memset                            
000025fb  __aeabi_memset4                           
000025fb  __aeabi_memset8                           
00002601  memset                                    
00002675  __TI_closefile                            
000027c9  HOSTrename                                
00002835  HOSTlseek                                 
0000289d  __TI_decompress_lzss                      
00002905  printf                                    
0000296d  Interrupt_enableInterrupt                 
000029d1  frexp                                     
000029d1  frexpl                                    
00002a35  fseek                                     
00002a99  __TI_wrt_ok                               
00002afd  HOSTopen                                  
00002b5d  close                                     
00002bb9  HOSTread                                  
00002c11  HOSTwrite                                 
00002cc1  CS_tuneDCOFrequency                       
00002d15  __TI_ltoa                                 
00002dbd  SysCtl_getTLVInfo                         
00002e0d  __TI_doflush                              
00002e59  atoi                                      
00002ea5  GPIO_setAsPeripheralModuleFunctionInputPin
00002eed  exit                                      
00002f35  __aeabi_d2iz                              
00002f7d  HOSTclose                                 
00002fc1  HOSTunlink                                
00003005  __TI_auto_init_nobinit_nopinit            
00003049  getdevice                                 
000030cd  __TI_writemsg                             
000030fb  C$$IO$$                                   
00003105  strncpy                                   
0000313d  __TI_cleanup                              
00003171  __TI_readmsg                              
000031a5  _c_int00_noargs                           
000031d9  finddevice                                
00003209  __aeabi_i2d                               
00003239  remove                                    
00003239  unlink                                    
0000328d  lseek                                     
000032b5  write                                     
000032dd  CS_setDCOCenteredFrequency                
00003301  UART_receiveData                          
00003325  UART_transmitData                         
00003349  memchr                                    
00003369  __TI_zero_init_nomemset                   
000033a1  memccpy                                   
000033bd  copysign                                  
000033bd  copysignl                                 
000033d9  WDT_A_holdTimer                           
000033f1  strcmp                                    
00003409  UART_enableInterrupt                      
0000341f  strchr                                    
00003435  strcpy                                    
00003449  strlen                                    
0000345d  wcslen                                    
0000346f  Interrupt_disableMaster                   
0000347f  Interrupt_enableMaster                    
0000348f  __TI_decompress_none                      
0000349d  Reset_Handler                             
000034a9  ADC14_IRQHandler                          
000034a9  AES256_IRQHandler                         
000034a9  BusFault_Handler                          
000034a9  COMP_E0_IRQHandler                        
000034a9  COMP_E1_IRQHandler                        
000034a9  CS_IRQHandler                             
000034a9  DMA_ERR_IRQHandler                        
000034a9  DMA_INT0_IRQHandler                       
000034a9  DMA_INT1_IRQHandler                       
000034a9  DMA_INT2_IRQHandler                       
000034a9  DMA_INT3_IRQHandler                       
000034a9  DebugMon_Handler                          
000034a9  Default_Handler                           
000034a9  EUSCIA2_IRQHandler                        
000034a9  EUSCIA3_IRQHandler                        
000034a9  EUSCIB0_IRQHandler                        
000034a9  EUSCIB1_IRQHandler                        
000034a9  EUSCIB2_IRQHandler                        
000034a9  EUSCIB3_IRQHandler                        
000034a9  FLCTL_IRQHandler                          
000034a9  FPU_IRQHandler                            
000034a9  HardFault_Handler                         
000034a9  MemManage_Handler                         
000034a9  NMI_Handler                               
000034a9  PCM_IRQHandler                            
000034a9  PORT1_IRQHandler                          
000034a9  PORT2_IRQHandler                          
000034a9  PORT3_IRQHandler                          
000034a9  PORT4_IRQHandler                          
000034a9  PORT5_IRQHandler                          
000034a9  PORT6_IRQHandler                          
000034a9  PSS_IRQHandler                            
000034a9  PendSV_Handler                            
000034a9  RTC_C_IRQHandler                          
000034a9  SVC_Handler                               
000034a9  SysTick_Handler                           
000034a9  T32_INT1_IRQHandler                       
000034a9  T32_INT2_IRQHandler                       
000034a9  T32_INTC_IRQHandler                       
000034a9  TA0_0_IRQHandler                          
000034a9  TA0_N_IRQHandler                          
000034a9  TA1_0_IRQHandler                          
000034a9  TA1_N_IRQHandler                          
000034a9  TA2_0_IRQHandler                          
000034a9  TA2_N_IRQHandler                          
000034a9  TA3_0_IRQHandler                          
000034a9  TA3_N_IRQHandler                          
000034a9  UsageFault_Handler                        
000034a9  WDT_A_IRQHandler                          
000034ab  CPU_cpsid                                 
000034b7  CPU_cpsie                                 
000034c3  UART_enableModule                         
000034d1  __aeabi_errno_addr                        
000034d9  malloc                                    
000034e9  _system_pre_init                          
000034ed  C$$EXIT                                   
000034ed  abort                                     
000034f0  _ctypes_                                  
00003634  UART_init                                 
000036f4  __TI_Handler_Table_Base                   
00003700  __TI_Handler_Table_Limit                  
00003708  __TI_CINIT_Base                           
00003718  __TI_CINIT_Limit                          
20000000  __start___llvm_prf_cnts                   
20000000  __stop___llvm_prf_cnts                    
20000000  _sys_memory                               
20000400  __CIOBUF_                                 
20000520  receivedBuffer                            
200005e8  receivedBuffer1                           
200006b0  __TI_tmpnams                              
20000750  parmbuf                                   
20000758  _ftable                                   
20000848  _device                                   
200008c0  _stream                                   
20000940  printPrompt                               
20000941  printPrompt1                              
20000944  i                                         
20000948  index                                     
2000094c  index1                                    
20000950  __TI_ft_end                               
20000954  __aeabi_stdin                             
20000958  __aeabi_stdout                            
2000095c  __aeabi_stderr                            
20000960  __TI_cleanup_ptr                          
20000964  __TI_dtors_ptr                            
20000968  __TI_enable_exit_profile_output           
2000096c  _lock                                     
20000970  _unlock                                   
2000097c  errno                                     
20000980  SystemCoreClock                           
2000fe00  __stack                                   
20010000  __STACK_END                               
4000480c  WDTCTL_SYM                                
ffffffff  __TI_pprof_out_hndl                       
ffffffff  __TI_prof_data_size                       
ffffffff  __TI_prof_data_start                      
ffffffff  __binit__                                 
ffffffff  __c_args__                                
ffffffff  binit                                     
UNDEFED   __mpu_init                                
UNDEFED   _system_post_cinit                        

[206 symbols]
