******************************************************************************
                  TI ARM Linker PC v20.2.7                     
******************************************************************************
>> Linked Fri Feb  3 00:19:29 2023

OUTPUT FILE NAME:   <Lab_2.out>
ENTRY POINT SYMBOL: "_c_int00_noargs"  address: 00000a49


MEMORY CONFIGURATION

         name            origin    length      used     unused   attr    fill
----------------------  --------  ---------  --------  --------  ----  --------
  MAIN                  00000000   00200000  00000c18  001ff3e8  R  X
  INFO                  00200000   00008000  00000000  00008000  R  X
  SRAM_CODE             01000000   00040000  00000234  0003fdcc  RW X
  SRAM_DATA             20000000   00040000  00000234  0003fdcc  RW  


SEGMENT ALLOCATION MAP

run origin  load origin   length   init length attrs members
----------  ----------- ---------- ----------- ----- -------
00000000    00000000    00000c18   00000c18    r-x
  00000000    00000000    000000e8   000000e8    r-- .intvecs
  000000e8    000000e8    00000a98   00000a98    r-x .text
  00000b80    00000b80    00000058   00000058    r-- .const
  00000bd8    00000bd8    00000040   00000040    r-- .cinit
20000000    20000000    00000034   00000000    rw-
  20000000    20000000    00000034   00000000    rw- .data
2003fe00    2003fe00    00000200   00000000    rw-
  2003fe00    2003fe00    00000200   00000000    rw- .stack


SECTION ALLOCATION MAP

 output                                  attributes/
section   page    origin      length       input sections
--------  ----  ----------  ----------   ----------------
.intvecs   0    00000000    000000e8     
                  00000000    000000e8     startup_msp432p4111_ccs.obj (.intvecs:retain)

.text      0    000000e8    00000a98     
                  000000e8    00000350     system_msp432p4111.obj (.text)
                  00000438    0000014c     msp432p4xx_driverlib.lib : cs.o (.text:CS_setDCOFrequency)
                  00000584    000000e0                              : cs.o (.text:CS_initClockSignal)
                  00000664    000000b2                              : timer_a.o (.text:privateTimer_AProcessClockSourceDivider)
                  00000716    00000002     --HOLE-- [fill = 0]
                  00000718    0000009c     main.obj (.text)
                  000007b4    0000009c     rtsv7M4_T_le_v4SPD16_eabi.lib : memcpy_t2.asm.obj (.text)
                  00000850    00000068                                   : copy_decompress_lzss.c.obj (.text:decompress:lzss:__TI_decompress_lzss)
                  000008b8    00000064     msp432p4xx_driverlib.lib : interrupt.o (.text:Interrupt_enableInterrupt)
                  0000091c    00000054                              : cs.o (.text:CS_tuneDCOFrequency)
                  00000970    00000050                              : sysctl.o (.text:SysCtl_getTLVInfo)
                  000009c0    00000044                              : timer_a.o (.text:Timer_A_configureUpMode)
                  00000a04    00000044     rtsv7M4_T_le_v4SPD16_eabi.lib : autoinit.c.obj (.text:__TI_auto_init_nobinit_nopinit:__TI_auto_init_nobinit_nopinit)
                  00000a48    00000034                                   : boot_cortex_m.c.obj (.text:_c_int00_noargs:_c_int00_noargs)
                  00000a7c    00000024     msp432p4xx_driverlib.lib : cs.o (.text:CS_setDCOCenteredFrequency)
                  00000aa0    00000024                              : gpio.o (.text:GPIO_setAsOutputPin)
                  00000ac4    0000001a                              : timer_a.o (.text:Timer_A_clearCaptureCompareInterrupt)
                  00000ade    00000002     --HOLE-- [fill = 0]
                  00000ae0    00000018                              : gpio.o (.text:GPIO_setOutputLowOnPin)
                  00000af8    00000018                              : wdt_a.o (.text:WDT_A_holdTimer)
                  00000b10    00000014                              : gpio.o (.text:GPIO_toggleOutputOnPin)
                  00000b24    00000014                              : interrupt.o (.text:Interrupt_enableSleepOnIsrExit)
                  00000b38    00000010                              : interrupt.o (.text:Interrupt_enableMaster)
                  00000b48    0000000e     rtsv7M4_T_le_v4SPD16_eabi.lib : copy_decompress_none.c.obj (.text:decompress:none:__TI_decompress_none)
                  00000b56    0000000e     startup_msp432p4111_ccs.obj (.text)
                  00000b64    0000000c     msp432p4xx_driverlib.lib : cpu.o (.text:CPU_cpsie)
                  00000b70    00000008                              : timer_a.o (.text:Timer_A_startCounter)
                  00000b78    00000004     rtsv7M4_T_le_v4SPD16_eabi.lib : pre_init.c.obj (.text:_system_pre_init)
                  00000b7c    00000004                                   : exit.c.obj (.text:abort:abort)

.const     0    00000b80    00000058     
                  00000b80    00000040     msp432p4xx_driverlib.lib : interrupt.o (.const)
                  00000bc0    00000018     main.obj (.const:upConfig_0)

.cinit     0    00000bd8    00000040     
                  00000bd8    0000002f     (.cinit..data.load) [load image, compression = lzss]
                  00000c07    00000001     --HOLE-- [fill = 0]
                  00000c08    00000008     (__TI_handler_table)
                  00000c10    00000008     (__TI_cinit_table)

.init_array 
*          0    00000000    00000000     UNINITIALIZED

.binit     0    00000000    00000000     

.data      0    20000000    00000034     UNINITIALIZED
                  20000000    00000030     msp432p4xx_driverlib.lib : gpio.o (.data:GPIO_PORT_TO_BASE)
                  20000030    00000004     system_msp432p4111.obj (.data)

.stack     0    2003fe00    00000200     UNINITIALIZED
                  2003fe00    00000004     rtsv7M4_T_le_v4SPD16_eabi.lib : boot_cortex_m.c.obj (.stack)
                  2003fe04    000001fc     --HOLE--

__llvm_prf_cnts 
*          0    20000000    00000000     UNINITIALIZED

MODULE SUMMARY

       Module                        code   ro data   rw data
       ------                        ----   -------   -------
    .\
       system_msp432p4111.obj        848    0         8      
       startup_msp432p4111_ccs.obj   14     232       0      
       main.obj                      156    24        0      
    +--+-----------------------------+------+---------+---------+
       Total:                        1018   256       8      
                                                             
    C:/ti/msp432_driverlib_3_21_00_05/driverlib/MSP432P4xx/ccs/msp432p4xx_driverlib.lib
       cs.o                          676    0         0      
       timer_a.o                     280    0         0      
       interrupt.o                   136    64        0      
       gpio.o                        80     0         96     
       sysctl.o                      80     0         0      
       wdt_a.o                       24     0         0      
       cpu.o                         12     0         0      
    +--+-----------------------------+------+---------+---------+
       Total:                        1288   64        96     
                                                             
    C:\ti\ccs1220\ccs\tools\compiler\ti-cgt-arm_20.2.7.LTS\lib\rtsv7M4_T_le_v4SPD16_eabi.lib
       memcpy_t2.asm.obj             156    0         0      
       copy_decompress_lzss.c.obj    104    0         0      
       autoinit.c.obj                68     0         0      
       boot_cortex_m.c.obj           52     0         0      
       copy_decompress_none.c.obj    14     0         0      
       exit.c.obj                    4      0         0      
       pre_init.c.obj                4      0         0      
    +--+-----------------------------+------+---------+---------+
       Total:                        402    0         0      
                                                             
       Stack:                        0      0         1024   
       Linker Generated:             0      63        0      
    +--+-----------------------------+------+---------+---------+
       Grand Total:                  2708   383       1128   


LINKER GENERATED COPY TABLES

__TI_cinit_table @ 00000c10 records: 1, size/record: 8, table size: 8
	.data: load addr=00000bd8, load size=0000002f bytes, run addr=20000000, run size=00000034 bytes, compression=lzss


LINKER GENERATED HANDLER TABLE

__TI_handler_table @ 00000c08 records: 2, size/record: 4, table size: 8
	index: 0, handler: __TI_decompress_lzss
	index: 1, handler: __TI_decompress_none


GLOBAL SYMBOLS: SORTED ALPHABETICALLY BY Name 

address   name                                
-------   ----                                
00000b63  ADC14_IRQHandler                    
00000b63  AES256_IRQHandler                   
00000b63  BusFault_Handler                    
00000b7d  C$$EXIT                             
00000b63  COMP_E0_IRQHandler                  
00000b63  COMP_E1_IRQHandler                  
00000b65  CPU_cpsie                           
00000b63  CS_IRQHandler                       
00000585  CS_initClockSignal                  
00000a7d  CS_setDCOCenteredFrequency          
00000439  CS_setDCOFrequency                  
0000091d  CS_tuneDCOFrequency                 
00000b63  DMA_ERR_IRQHandler                  
00000b63  DMA_INT0_IRQHandler                 
00000b63  DMA_INT1_IRQHandler                 
00000b63  DMA_INT2_IRQHandler                 
00000b63  DMA_INT3_IRQHandler                 
00000b63  DebugMon_Handler                    
00000b63  Default_Handler                     
00000b63  EUSCIA0_IRQHandler                  
00000b63  EUSCIA1_IRQHandler                  
00000b63  EUSCIA2_IRQHandler                  
00000b63  EUSCIA3_IRQHandler                  
00000b63  EUSCIB0_IRQHandler                  
00000b63  EUSCIB1_IRQHandler                  
00000b63  EUSCIB2_IRQHandler                  
00000b63  EUSCIB3_IRQHandler                  
00000b63  FLCTL_A_IRQHandler                  
00000b63  FPU_IRQHandler                      
00000aa1  GPIO_setAsOutputPin                 
00000ae1  GPIO_setOutputLowOnPin              
00000b11  GPIO_toggleOutputOnPin              
00000b63  HardFault_Handler                   
000008b9  Interrupt_enableInterrupt           
00000b39  Interrupt_enableMaster              
00000b25  Interrupt_enableSleepOnIsrExit      
00000b63  LCD_F_IRQHandler                    
00000b63  MemManage_Handler                   
00000b63  NMI_Handler                         
00000b63  PCM_IRQHandler                      
00000b63  PORT1_IRQHandler                    
00000b63  PORT2_IRQHandler                    
00000b63  PORT3_IRQHandler                    
00000b63  PORT4_IRQHandler                    
00000b63  PORT5_IRQHandler                    
00000b63  PORT6_IRQHandler                    
00000b63  PSS_IRQHandler                      
00000b63  PendSV_Handler                      
00000b63  RTC_C_IRQHandler                    
00000b57  Reset_Handler                       
00000b63  SVC_Handler                         
00000971  SysCtl_getTLVInfo                   
00000b63  SysTick_Handler                     
20000030  SystemCoreClock                     
000000e9  SystemCoreClockUpdate               
00000361  SystemInit                          
00000b63  T32_INT1_IRQHandler                 
00000b63  T32_INT2_IRQHandler                 
00000b63  T32_INTC_IRQHandler                 
00000b63  TA0_N_IRQHandler                    
00000b63  TA1_0_IRQHandler                    
00000b63  TA1_N_IRQHandler                    
00000b63  TA2_0_IRQHandler                    
00000b63  TA2_N_IRQHandler                    
00000b63  TA3_0_IRQHandler                    
00000b63  TA3_N_IRQHandler                    
00000ac5  Timer_A_clearCaptureCompareInterrupt
000009c1  Timer_A_configureUpMode             
00000b71  Timer_A_startCounter                
00000b63  UsageFault_Handler                  
4000480c  WDTCTL_SYM                          
00000b63  WDT_A_IRQHandler                    
00000af9  WDT_A_holdTimer                     
20040000  __STACK_END                         
00000200  __STACK_SIZE                        
00000c10  __TI_CINIT_Base                     
00000c18  __TI_CINIT_Limit                    
00000c08  __TI_Handler_Table_Base             
00000c10  __TI_Handler_Table_Limit            
00000a05  __TI_auto_init_nobinit_nopinit      
00000851  __TI_decompress_lzss                
00000b49  __TI_decompress_none                
ffffffff  __TI_pprof_out_hndl                 
ffffffff  __TI_prof_data_size                 
ffffffff  __TI_prof_data_start                
00000000  __TI_static_base__                  
000007b5  __aeabi_memcpy                      
000007b5  __aeabi_memcpy4                     
000007b5  __aeabi_memcpy8                     
ffffffff  __binit__                           
ffffffff  __c_args__                          
UNDEFED   __mpu_init                          
2003fe00  __stack                             
20000000  __start___llvm_prf_cnts             
20000000  __stop___llvm_prf_cnts              
00000a49  _c_int00_noargs                     
UNDEFED   _system_post_cinit                  
00000b79  _system_pre_init                    
00000b7d  abort                               
ffffffff  binit                               
00000000  interruptVectors                    
00000719  main                                
000007b5  memcpy                              
0000078f  timer_a_0_isr                       
00000bc0  upConfig_0                          


GLOBAL SYMBOLS: SORTED BY Symbol Address 

address   name                                
-------   ----                                
00000000  __TI_static_base__                  
00000000  interruptVectors                    
000000e9  SystemCoreClockUpdate               
00000200  __STACK_SIZE                        
00000361  SystemInit                          
00000439  CS_setDCOFrequency                  
00000585  CS_initClockSignal                  
00000719  main                                
0000078f  timer_a_0_isr                       
000007b5  __aeabi_memcpy                      
000007b5  __aeabi_memcpy4                     
000007b5  __aeabi_memcpy8                     
000007b5  memcpy                              
00000851  __TI_decompress_lzss                
000008b9  Interrupt_enableInterrupt           
0000091d  CS_tuneDCOFrequency                 
00000971  SysCtl_getTLVInfo                   
000009c1  Timer_A_configureUpMode             
00000a05  __TI_auto_init_nobinit_nopinit      
00000a49  _c_int00_noargs                     
00000a7d  CS_setDCOCenteredFrequency          
00000aa1  GPIO_setAsOutputPin                 
00000ac5  Timer_A_clearCaptureCompareInterrupt
00000ae1  GPIO_setOutputLowOnPin              
00000af9  WDT_A_holdTimer                     
00000b11  GPIO_toggleOutputOnPin              
00000b25  Interrupt_enableSleepOnIsrExit      
00000b39  Interrupt_enableMaster              
00000b49  __TI_decompress_none                
00000b57  Reset_Handler                       
00000b63  ADC14_IRQHandler                    
00000b63  AES256_IRQHandler                   
00000b63  BusFault_Handler                    
00000b63  COMP_E0_IRQHandler                  
00000b63  COMP_E1_IRQHandler                  
00000b63  CS_IRQHandler                       
00000b63  DMA_ERR_IRQHandler                  
00000b63  DMA_INT0_IRQHandler                 
00000b63  DMA_INT1_IRQHandler                 
00000b63  DMA_INT2_IRQHandler                 
00000b63  DMA_INT3_IRQHandler                 
00000b63  DebugMon_Handler                    
00000b63  Default_Handler                     
00000b63  EUSCIA0_IRQHandler                  
00000b63  EUSCIA1_IRQHandler                  
00000b63  EUSCIA2_IRQHandler                  
00000b63  EUSCIA3_IRQHandler                  
00000b63  EUSCIB0_IRQHandler                  
00000b63  EUSCIB1_IRQHandler                  
00000b63  EUSCIB2_IRQHandler                  
00000b63  EUSCIB3_IRQHandler                  
00000b63  FLCTL_A_IRQHandler                  
00000b63  FPU_IRQHandler                      
00000b63  HardFault_Handler                   
00000b63  LCD_F_IRQHandler                    
00000b63  MemManage_Handler                   
00000b63  NMI_Handler                         
00000b63  PCM_IRQHandler                      
00000b63  PORT1_IRQHandler                    
00000b63  PORT2_IRQHandler                    
00000b63  PORT3_IRQHandler                    
00000b63  PORT4_IRQHandler                    
00000b63  PORT5_IRQHandler                    
00000b63  PORT6_IRQHandler                    
00000b63  PSS_IRQHandler                      
00000b63  PendSV_Handler                      
00000b63  RTC_C_IRQHandler                    
00000b63  SVC_Handler                         
00000b63  SysTick_Handler                     
00000b63  T32_INT1_IRQHandler                 
00000b63  T32_INT2_IRQHandler                 
00000b63  T32_INTC_IRQHandler                 
00000b63  TA0_N_IRQHandler                    
00000b63  TA1_0_IRQHandler                    
00000b63  TA1_N_IRQHandler                    
00000b63  TA2_0_IRQHandler                    
00000b63  TA2_N_IRQHandler                    
00000b63  TA3_0_IRQHandler                    
00000b63  TA3_N_IRQHandler                    
00000b63  UsageFault_Handler                  
00000b63  WDT_A_IRQHandler                    
00000b65  CPU_cpsie                           
00000b71  Timer_A_startCounter                
00000b79  _system_pre_init                    
00000b7d  C$$EXIT                             
00000b7d  abort                               
00000bc0  upConfig_0                          
00000c08  __TI_Handler_Table_Base             
00000c10  __TI_CINIT_Base                     
00000c10  __TI_Handler_Table_Limit            
00000c18  __TI_CINIT_Limit                    
20000000  __start___llvm_prf_cnts             
20000000  __stop___llvm_prf_cnts              
20000030  SystemCoreClock                     
2003fe00  __stack                             
20040000  __STACK_END                         
4000480c  WDTCTL_SYM                          
ffffffff  __TI_pprof_out_hndl                 
ffffffff  __TI_prof_data_size                 
ffffffff  __TI_prof_data_start                
ffffffff  __binit__                           
ffffffff  __c_args__                          
ffffffff  binit                               
UNDEFED   __mpu_init                          
UNDEFED   _system_post_cinit                  

[105 symbols]
