******************************************************************************
                  TI ARM Linker PC v20.2.7                     
******************************************************************************
>> Linked Fri Mar 10 01:01:19 2023

OUTPUT FILE NAME:   <Lab5.out>
ENTRY POINT SYMBOL: "_c_int00_noargs"  address: 00003475


MEMORY CONFIGURATION

         name            origin    length      used     unused   attr    fill
----------------------  --------  ---------  --------  --------  ----  --------
  MAIN                  00000000   00040000  00003b4c  0003c4b4  R  X
  INFO                  00200000   00004000  00000000  00004000  R  X
  SRAM_CODE             01000000   00010000  000009f0  0000f610  RW X
  SRAM_DATA             20000000   00010000  000009f0  0000f610  RW  


SEGMENT ALLOCATION MAP

run origin  load origin   length   init length attrs members
----------  ----------- ---------- ----------- ----- -------
00000000    00000000    00003b50   00003b50    r-x
  00000000    00000000    000000e4   000000e4    r-- .intvecs
  000000e4    000000e4    000037d4   000037d4    r-x .text
  000038b8    000038b8    000001dc   000001dc    r-- .const
  00003a98    00003a98    000000b8   000000b8    r-- .cinit
20000000    20000000    000007f0   00000000    rw-
  20000000    20000000    00000400   00000000    rw- .sysmem
  20000400    20000400    00000228   00000000    rw- .data
  20000628    20000628    000001c8   00000000    rw- .bss
2000fe00    2000fe00    00000200   00000000    rw-
  2000fe00    2000fe00    00000200   00000000    rw- .stack


SECTION ALLOCATION MAP

 output                                  attributes/
section   page    origin      length       input sections
--------  ----  ----------  ----------   ----------------
.intvecs   0    00000000    000000e4     
                  00000000    000000e4     startup_msp432p401r_ccs.obj (.intvecs:retain)

.text      0    000000e4    000037d4     
                  000000e4    00000a4e     rtsv7M4_T_le_v4SPD16_eabi.lib : _printfi.c.obj (.text:__TI_printfi)
                  00000b32    00000002                                   : _lock.c.obj (.text:_nop)
                  00000b34    00000334     system_msp432p401r.obj (.text)
                  00000e68    00000270     rtsv7M4_T_le_v4SPD16_eabi.lib : _printfi.c.obj (.text:_pconv_a)
                  000010d8    000001d0                                   : _printfi.c.obj (.text:_pconv_g)
                  000012a8    000001b6                                   : fd_add_t2.asm.obj (.text)
                  0000145e    00000002                                   : div0.asm.obj (.text)
                  00001460    00000170     main.obj (.text)
                  000015d0    00000154     msp432p4xx_driverlib.lib : adc14.o (.text:_getIndexForMemRegister)
                  00001724    0000014c                              : cs.o (.text:CS_setDCOFrequency)
                  00001870    0000013c     rtsv7M4_T_le_v4SPD16_eabi.lib : _printfi.c.obj (.text:_pconv_e)
                  000019ac    00000136                                   : fd_div_t2.asm.obj (.text)
                  00001ae2    00000002     --HOLE-- [fill = 0]
                  00001ae4    00000124                                   : _printfi.c.obj (.text:fcvt)
                  00001c08    00000114                                   : fputs.c.obj (.text:fputs)
                  00001d1c    00000110                                   : s_scalbn.c.obj (.text:scalbn)
                  00001e2c    00000100                                   : memory.c.obj (.text:aligned_alloc)
                  00001f2c    000000fc                                   : fd_mul_t2.asm.obj (.text)
                  00002028    000000e4                                   : memory.c.obj (.text:free)
                  0000210c    000000e0     msp432p4xx_driverlib.lib : cs.o (.text:CS_initClockSignal)
                  000021ec    000000dc     rtsv7M4_T_le_v4SPD16_eabi.lib : setvbuf.c.obj (.text:setvbuf)
                  000022c8    000000b2     msp432p4xx_driverlib.lib : timer_a.o (.text:privateTimer_AProcessClockSourceDivider)
                  0000237a    00000002     --HOLE-- [fill = 0]
                  0000237c    000000b1     rtsv7M4_T_le_v4SPD16_eabi.lib : _printfi.c.obj (.text:_ltostr)
                  0000242d    00000001     --HOLE-- [fill = 0]
                  0000242e    0000009c                                   : memcpy_t2.asm.obj (.text)
                  000024ca    00000096                                   : ull_div_t2.asm.obj (.text)
                  00002560    0000008c                                   : fputc.c.obj (.text:fputc)
                  000025ec    00000086                                   : fd_cmp_t2.asm.obj (.text:__aeabi_cdcmple)
                  00002672    00000086                                   : fd_cmp_t2.asm.obj (.text:__aeabi_cdrcmple)
                  000026f8    0000007a                                   : memset_t2.asm.obj (.text)
                  00002772    00000002     --HOLE-- [fill = 0]
                  00002774    00000074                                   : fclose.c.obj (.text:__TI_closefile)
                  000027e8    00000070                                   : memory.c.obj (.text:split)
                  00002858    0000006e                                   : _printfi.c.obj (.text:_mcpy)
                  000028c6    0000006e                                   : fd_tos_t2.asm.obj (.text)
                  00002934    0000006c     msp432p4xx_driverlib.lib : adc14.o (.text:ADC14_configureConversionMemory)
                  000029a0    0000006c     rtsv7M4_T_le_v4SPD16_eabi.lib : hostrename.c.obj (.text:HOSTrename)
                  00002a0c    00000068                                   : hostlseek.c.obj (.text:HOSTlseek)
                  00002a74    00000068                                   : copy_decompress_lzss.c.obj (.text:decompress:lzss:__TI_decompress_lzss)
                  00002adc    00000068                                   : printf.c.obj (.text:printf)
                  00002b44    00000064     msp432p4xx_driverlib.lib : interrupt.o (.text:Interrupt_enableInterrupt)
                  00002ba8    00000064     rtsv7M4_T_le_v4SPD16_eabi.lib : s_frexp.c.obj (.text:frexp)
                  00002c0c    00000064                                   : fseek.c.obj (.text:fseek)
                  00002c70    00000062                                   : _io_perm.c.obj (.text:__TI_wrt_ok)
                  00002cd2    00000002     --HOLE-- [fill = 0]
                  00002cd4    00000060                                   : hostopen.c.obj (.text:HOSTopen)
                  00002d34    0000005c                                   : close.c.obj (.text:close)
                  00002d90    00000058                                   : hostread.c.obj (.text:HOSTread)
                  00002de8    00000058                                   : hostwrite.c.obj (.text:HOSTwrite)
                  00002e40    00000056                                   : _printfi.c.obj (.text:_pconv_f)
                  00002e96    00000002     --HOLE-- [fill = 0]
                  00002e98    00000054     msp432p4xx_driverlib.lib : cs.o (.text:CS_tuneDCOFrequency)
                  00002eec    00000054     rtsv7M4_T_le_v4SPD16_eabi.lib : _ltoa.c.obj (.text:__TI_ltoa)
                  00002f40    00000052                                   : _printfi.c.obj (.text:_ecpy)
                  00002f92    00000002     --HOLE-- [fill = 0]
                  00002f94    00000050     msp432p4xx_driverlib.lib : sysctl.o (.text:SysCtl_getTLVInfo)
                  00002fe4    0000004c     rtsv7M4_T_le_v4SPD16_eabi.lib : fflush.c.obj (.text:__TI_doflush)
                  00003030    0000004c                                   : atoi.c.obj (.text:atoi)
                  0000307c    00000048     msp432p4xx_driverlib.lib : gpio.o (.text:GPIO_setAsPeripheralModuleFunctionInputPin)
                  000030c4    00000048     rtsv7M4_T_le_v4SPD16_eabi.lib : exit.c.obj (.text:exit)
                  0000310c    00000048                                   : fd_toi_t2.asm.obj (.text)
                  00003154    00000044     msp432p4xx_driverlib.lib : adc14.o (.text:ADC14_configureSingleSampleMode)
                  00003198    00000044     rtsv7M4_T_le_v4SPD16_eabi.lib : hostclose.c.obj (.text:HOSTclose)
                  000031dc    00000044                                   : hostunlink.c.obj (.text:HOSTunlink)
                  00003220    00000044     msp432p4xx_driverlib.lib : timer_a.o (.text:Timer_A_configureUpMode)
                  00003264    00000044     rtsv7M4_T_le_v4SPD16_eabi.lib : autoinit.c.obj (.text:__TI_auto_init_nobinit_nopinit:__TI_auto_init_nobinit_nopinit)
                  000032a8    00000044                                   : getdevice.c.obj (.text:getdevice)
                  000032ec    0000003e                                   : _printfi.c.obj (.text:_fcpy)
                  0000332a    00000002     --HOLE-- [fill = 0]
                  0000332c    00000038     msp432p4xx_driverlib.lib : adc14.o (.text:ADC14_initModule)
                  00003364    00000038     rtsv7M4_T_le_v4SPD16_eabi.lib : trgmsg.c.obj (.text:__TI_writemsg)
                  0000339c    00000038                                   : fs_tod_t2.asm.obj (.text)
                  000033d4    00000036                                   : strncpy.c.obj (.text:strncpy)
                  0000340a    00000002     --HOLE-- [fill = 0]
                  0000340c    00000034                                   : fopen.c.obj (.text:__TI_cleanup)
                  00003440    00000034                                   : trgmsg.c.obj (.text:__TI_readmsg)
                  00003474    00000034                                   : boot_cortex_m.c.obj (.text:_c_int00_noargs:_c_int00_noargs)
                  000034a8    00000030                                   : getdevice.c.obj (.text:finddevice)
                  000034d8    0000002e                                   : i_tofd_t2.asm.obj (.text)
                  00003506    00000002     --HOLE-- [fill = 0]
                  00003508    0000002c     msp432p4xx_driverlib.lib : adc14.o (.text:ADC14_enableConversion)
                  00003534    0000002c     rtsv7M4_T_le_v4SPD16_eabi.lib : unlink.c.obj (.text:unlink)
                  00003560    00000028     msp432p4xx_driverlib.lib : adc14.o (.text:ADC14_enableSampleTimer)
                  00003588    00000028     rtsv7M4_T_le_v4SPD16_eabi.lib : memory.c.obj (.text:free_list_insert)
                  000035b0    00000028                                   : lseek.c.obj (.text:lseek)
                  000035d8    00000028                                   : write.c.obj (.text:write)
                  00003600    00000024     msp432p4xx_driverlib.lib : cs.o (.text:CS_setDCOCenteredFrequency)
                  00003624    00000024                              : gpio.o (.text:GPIO_setAsOutputPin)
                  00003648    00000020                              : adc14.o (.text:ADC14_toggleConversionTrigger)
                  00003668    00000020     rtsv7M4_T_le_v4SPD16_eabi.lib : memchr.c.obj (.text:memchr)
                  00003688    00000020                                   : u_tofd_t2.asm.obj (.text)
                  000036a8    0000001c                                   : copy_zero_init.c.obj (.text:decompress:ZI:__TI_zero_init_nomemset:__TI_zero_init_nomemset)
                  000036c4    0000001c                                   : memory.c.obj (.text:free_list_remove)
                  000036e0    0000001c                                   : memccpy.c.obj (.text:memccpy)
                  000036fc    0000001a     msp432p4xx_driverlib.lib : timer_a.o (.text:Timer_A_clearCaptureCompareInterrupt)
                  00003716    0000001a     rtsv7M4_T_le_v4SPD16_eabi.lib : s_copysign.c.obj (.text:copysign)
                  00003730    00000018     msp432p4xx_driverlib.lib : adc14.o (.text:ADC14_getResult)
                  00003748    00000018                              : gpio.o (.text:GPIO_setOutputLowOnPin)
                  00003760    00000018                              : wdt_a.o (.text:WDT_A_holdTimer)
                  00003778    00000018     rtsv7M4_T_le_v4SPD16_eabi.lib : strcmp.c.obj (.text:strcmp)
                  00003790    00000016                                   : strchr.c.obj (.text:strchr)
                  000037a6    00000002     --HOLE-- [fill = 0]
                  000037a8    00000014     msp432p4xx_driverlib.lib : adc14.o (.text:ADC14_isBusy)
                  000037bc    00000014                              : adc14.o (.text:ADC14_setResolution)
                  000037d0    00000014                              : adc14.o (.text:ADCIsConversionRunning)
                  000037e4    00000014                              : gpio.o (.text:GPIO_setOutputHighOnPin)
                  000037f8    00000014                              : ref_a.o (.text:REF_A_setReferenceVoltage)
                  0000380c    00000014     rtsv7M4_T_le_v4SPD16_eabi.lib : strcpy.c.obj (.text:strcpy)
                  00003820    00000014                                   : strlen.c.obj (.text:strlen)
                  00003834    00000012                                   : wcslen.c.obj (.text:wcslen)
                  00003846    00000002     --HOLE-- [fill = 0]
                  00003848    00000010     msp432p4xx_driverlib.lib : adc14.o (.text:ADC14_enableModule)
                  00003858    00000010                              : interrupt.o (.text:Interrupt_enableMaster)
                  00003868    0000000e     rtsv7M4_T_le_v4SPD16_eabi.lib : copy_decompress_none.c.obj (.text:decompress:none:__TI_decompress_none)
                  00003876    0000000e     startup_msp432p401r_ccs.obj (.text)
                  00003884    0000000c     msp432p4xx_driverlib.lib : cpu.o (.text:CPU_cpsie)
                  00003890    00000008                              : timer_a.o (.text:Timer_A_startCounter)
                  00003898    00000008     rtsv7M4_T_le_v4SPD16_eabi.lib : errno.c.obj (.text:__aeabi_errno_addr)
                  000038a0    00000008                                   : memory.c.obj (.text:malloc)
                  000038a8    00000004                                   : printf.c.obj (.text:_outc)
                  000038ac    00000004                                   : printf.c.obj (.text:_outs)
                  000038b0    00000004                                   : pre_init.c.obj (.text:_system_pre_init)
                  000038b4    00000004                                   : exit.c.obj (.text:abort:abort)

.const     0    000038b8    000001dc     
                  000038b8    00000101     rtsv7M4_T_le_v4SPD16_eabi.lib : ctype.c.obj (.const:.string:_ctypes_)
                  000039b9    00000003     --HOLE-- [fill = 0]
                  000039bc    00000080     msp432p4xx_driverlib.lib : adc14.o (.const:_ctlRegs)
                  00003a3c    00000040                              : interrupt.o (.const)
                  00003a7c    00000018     main.obj (.const:upConfig_0)

.cinit     0    00003a98    000000b8     
                  00003a98    00000094     (.cinit..data.load) [load image, compression = lzss]
                  00003b2c    0000000c     (__TI_handler_table)
                  00003b38    00000008     (.cinit..bss.load) [load image, compression = zero_init]
                  00003b40    00000010     (__TI_cinit_table)

.init_array 
*          0    00000000    00000000     UNINITIALIZED

.binit     0    00000000    00000000     

.sysmem    0    20000000    00000400     UNINITIALIZED
                  20000000    00000010     rtsv7M4_T_le_v4SPD16_eabi.lib : memory.c.obj (.sysmem)
                  20000010    000003f0     --HOLE--

.data      0    20000400    00000228     UNINITIALIZED
                  20000400    000000f0     rtsv7M4_T_le_v4SPD16_eabi.lib : defs.c.obj (.data:_ftable)
                  200004f0    00000078                                   : host_device.c.obj (.data:_device)
                  20000568    00000050                                   : host_device.c.obj (.data:_stream)
                  200005b8    00000030     msp432p4xx_driverlib.lib : gpio.o (.data:GPIO_PORT_TO_BASE)
                  200005e8    00000010     rtsv7M4_T_le_v4SPD16_eabi.lib : defs.c.obj (.data)
                  200005f8    0000000c                                   : exit.c.obj (.data:$O1$$)
                  20000604    0000000c     main.obj (.data)
                  20000610    00000008     rtsv7M4_T_le_v4SPD16_eabi.lib : _lock.c.obj (.data:$O1$$)
                  20000618    00000008                                   : memory.c.obj (.data:$O1$$)
                  20000620    00000004                                   : errno.c.obj (.data)
                  20000624    00000004     system_msp432p401r.obj (.data)

.bss       0    20000628    000001c8     UNINITIALIZED
                  20000628    00000120     rtsv7M4_T_le_v4SPD16_eabi.lib : trgmsg.c.obj (.bss:_CIOBUF_)
                  20000748    000000a0     (.common:__TI_tmpnams)
                  200007e8    00000008     (.common:parmbuf)

.stack     0    2000fe00    00000200     UNINITIALIZED
                  2000fe00    00000004     rtsv7M4_T_le_v4SPD16_eabi.lib : boot_cortex_m.c.obj (.stack)
                  2000fe04    000001fc     --HOLE--

__llvm_prf_cnts 
*          0    20000000    00000000     UNINITIALIZED

MODULE SUMMARY

       Module                        code    ro data   rw data
       ------                        ----    -------   -------
    .\
       system_msp432p401r.obj        820     0         8      
       main.obj                      368     24        24     
       startup_msp432p401r_ccs.obj   14      228       0      
    +--+-----------------------------+-------+---------+---------+
       Total:                        1202    252       32     
                                                              
    C:/ti/msp432_driverlib_3_21_00_05/driverlib/MSP432P4xx/ccs/msp432p4xx_driverlib.lib
       adc14.o                       788     128       0      
       cs.o                          676     0         0      
       timer_a.o                     280     0         0      
       gpio.o                        152     0         96     
       interrupt.o                   116     64        0      
       sysctl.o                      80      0         0      
       wdt_a.o                       24      0         0      
       ref_a.o                       20      0         0      
       cpu.o                         12      0         0      
    +--+-----------------------------+-------+---------+---------+
       Total:                        2148    192       96     
                                                              
    C:\ti\ccs1220\ccs\tools\compiler\ti-cgt-arm_20.2.7.LTS\lib\rtsv7M4_T_le_v4SPD16_eabi.lib
       _printfi.c.obj                4851    0         0      
       defs.c.obj                    0       0         832    
       memory.c.obj                  672     0         16     
       trgmsg.c.obj                  108     0         576    
       fd_add_t2.asm.obj             438     0         0      
       host_device.c.obj             0       0         400    
       fd_div_t2.asm.obj             310     0         0      
       fputs.c.obj                   276     0         0      
       s_scalbn.c.obj                272     0         0      
       fd_cmp_t2.asm.obj             268     0         0      
       ctype.c.obj                   0       257       0      
       fd_mul_t2.asm.obj             252     0         0      
       setvbuf.c.obj                 220     0         0      
       memcpy_t2.asm.obj             156     0         0      
       ull_div_t2.asm.obj            150     0         0      
       fputc.c.obj                   140     0         0      
       memset_t2.asm.obj             122     0         0      
       fclose.c.obj                  116     0         0      
       getdevice.c.obj               116     0         0      
       hostopen.c.obj                96      0         16     
       printf.c.obj                  112     0         0      
       fd_tos_t2.asm.obj             110     0         0      
       hostrename.c.obj              108     0         0      
       copy_decompress_lzss.c.obj    104     0         0      
       hostlseek.c.obj               104     0         0      
       exit.c.obj                    76      0         24     
       fseek.c.obj                   100     0         0      
       s_frexp.c.obj                 100     0         0      
       _io_perm.c.obj                98      0         0      
       close.c.obj                   92      0         0      
       hostread.c.obj                88      0         0      
       hostwrite.c.obj               88      0         0      
       _ltoa.c.obj                   84      0         0      
       atoi.c.obj                    76      0         0      
       fflush.c.obj                  76      0         0      
       fd_toi_t2.asm.obj             72      0         0      
       autoinit.c.obj                68      0         0      
       hostclose.c.obj               68      0         0      
       hostunlink.c.obj              68      0         0      
       fs_tod_t2.asm.obj             56      0         0      
       strncpy.c.obj                 54      0         0      
       boot_cortex_m.c.obj           52      0         0      
       fopen.c.obj                   52      0         0      
       i_tofd_t2.asm.obj             46      0         0      
       unlink.c.obj                  44      0         0      
       lseek.c.obj                   40      0         0      
       write.c.obj                   40      0         0      
       memchr.c.obj                  32      0         0      
       u_tofd_t2.asm.obj             32      0         0      
       copy_zero_init.c.obj          28      0         0      
       memccpy.c.obj                 28      0         0      
       s_copysign.c.obj              26      0         0      
       strcmp.c.obj                  24      0         0      
       strchr.c.obj                  22      0         0      
       strcpy.c.obj                  20      0         0      
       strlen.c.obj                  20      0         0      
       _lock.c.obj                   2       0         16     
       wcslen.c.obj                  18      0         0      
       errno.c.obj                   8       0         8      
       copy_decompress_none.c.obj    14      0         0      
       pre_init.c.obj                4       0         0      
       div0.asm.obj                  2       0         0      
    +--+-----------------------------+-------+---------+---------+
       Total:                        10919   257       1888   
                                                              
       Heap:                         0       0         2048   
       Stack:                        0       0         1024   
       Linker Generated:             0       184       0      
    +--+-----------------------------+-------+---------+---------+
       Grand Total:                  14269   885       5088   


LINKER GENERATED COPY TABLES

__TI_cinit_table @ 00003b40 records: 2, size/record: 8, table size: 16
	.data: load addr=00003a98, load size=00000094 bytes, run addr=20000400, run size=00000228 bytes, compression=lzss
	.bss: load addr=00003b38, load size=00000008 bytes, run addr=20000628, run size=000001c8 bytes, compression=zero_init


LINKER GENERATED HANDLER TABLE

__TI_handler_table @ 00003b2c records: 3, size/record: 4, table size: 12
	index: 0, handler: __TI_decompress_lzss
	index: 1, handler: __TI_decompress_none
	index: 2, handler: __TI_zero_init


GLOBAL SYMBOLS: SORTED ALPHABETICALLY BY Name 

address   name                                      
-------   ----                                      
00003883  ADC14_IRQHandler                          
00002935  ADC14_configureConversionMemory           
00003155  ADC14_configureSingleSampleMode           
00003509  ADC14_enableConversion                    
00003849  ADC14_enableModule                        
00003561  ADC14_enableSampleTimer                   
00003731  ADC14_getResult                           
0000332d  ADC14_initModule                          
000037a9  ADC14_isBusy                              
000037bd  ADC14_setResolution                       
00003649  ADC14_toggleConversionTrigger             
20000608  ADCresult                                 
00003883  AES256_IRQHandler                         
00003883  BusFault_Handler                          
000038b5  C$$EXIT                                   
00003393  C$$IO$$                                   
00003883  COMP_E0_IRQHandler                        
00003883  COMP_E1_IRQHandler                        
00003885  CPU_cpsie                                 
00003883  CS_IRQHandler                             
0000210d  CS_initClockSignal                        
00003601  CS_setDCOCenteredFrequency                
00001725  CS_setDCOFrequency                        
00002e99  CS_tuneDCOFrequency                       
00003883  DMA_ERR_IRQHandler                        
00003883  DMA_INT0_IRQHandler                       
00003883  DMA_INT1_IRQHandler                       
00003883  DMA_INT2_IRQHandler                       
00003883  DMA_INT3_IRQHandler                       
00003883  DebugMon_Handler                          
00003883  Default_Handler                           
00003883  EUSCIA0_IRQHandler                        
00003883  EUSCIA1_IRQHandler                        
00003883  EUSCIA2_IRQHandler                        
00003883  EUSCIA3_IRQHandler                        
00003883  EUSCIB0_IRQHandler                        
00003883  EUSCIB1_IRQHandler                        
00003883  EUSCIB2_IRQHandler                        
00003883  EUSCIB3_IRQHandler                        
00003883  FLCTL_IRQHandler                          
00003883  FPU_IRQHandler                            
00003625  GPIO_setAsOutputPin                       
0000307d  GPIO_setAsPeripheralModuleFunctionInputPin
000037e5  GPIO_setOutputHighOnPin                   
00003749  GPIO_setOutputLowOnPin                    
00003199  HOSTclose                                 
00002a0d  HOSTlseek                                 
00002cd5  HOSTopen                                  
00002d91  HOSTread                                  
000029a1  HOSTrename                                
000031dd  HOSTunlink                                
00002de9  HOSTwrite                                 
00003883  HardFault_Handler                         
00002b45  Interrupt_enableInterrupt                 
00003859  Interrupt_enableMaster                    
00003883  MemManage_Handler                         
00003883  NMI_Handler                               
00003883  PCM_IRQHandler                            
00003883  PORT1_IRQHandler                          
00003883  PORT2_IRQHandler                          
00003883  PORT3_IRQHandler                          
00003883  PORT4_IRQHandler                          
00003883  PORT5_IRQHandler                          
00003883  PORT6_IRQHandler                          
00003883  PSS_IRQHandler                            
00003883  PendSV_Handler                            
000037f9  REF_A_setReferenceVoltage                 
00003883  RTC_C_IRQHandler                          
00003877  Reset_Handler                             
20000604  SMCLK_divider                             
00003883  SVC_Handler                               
00002f95  SysCtl_getTLVInfo                         
00003883  SysTick_Handler                           
20000624  SystemCoreClock                           
00000b35  SystemCoreClockUpdate                     
00000dad  SystemInit                                
00003883  T32_INT1_IRQHandler                       
00003883  T32_INT2_IRQHandler                       
00003883  T32_INTC_IRQHandler                       
000014f1  TA0_0_IRQHandler                          
000014f1  TA0_0_IRQHandler                          
00003883  TA0_N_IRQHandler                          
00003883  TA1_0_IRQHandler                          
00003883  TA1_N_IRQHandler                          
00003883  TA2_0_IRQHandler                          
00003883  TA2_N_IRQHandler                          
00003883  TA3_0_IRQHandler                          
00003883  TA3_N_IRQHandler                          
000036fd  Timer_A_clearCaptureCompareInterrupt      
00003221  Timer_A_configureUpMode                   
00003891  Timer_A_startCounter                      
00003883  UsageFault_Handler                        
4000480c  WDTCTL_SYM                                
00003883  WDT_A_IRQHandler                          
00003761  WDT_A_holdTimer                           
20000628  __CIOBUF_                                 
20010000  __STACK_END                               
00000200  __STACK_SIZE                              
00000400  __SYSMEM_SIZE                             
00003b40  __TI_CINIT_Base                           
00003b50  __TI_CINIT_Limit                          
00003b2c  __TI_Handler_Table_Base                   
00003b38  __TI_Handler_Table_Limit                  
00003265  __TI_auto_init_nobinit_nopinit            
0000340d  __TI_cleanup                              
200005f8  __TI_cleanup_ptr                          
00002775  __TI_closefile                            
00002a75  __TI_decompress_lzss                      
00003869  __TI_decompress_none                      
00002fe5  __TI_doflush                              
200005fc  __TI_dtors_ptr                            
20000600  __TI_enable_exit_profile_output           
200005e8  __TI_ft_end                               
00002eed  __TI_ltoa                                 
ffffffff  __TI_pprof_out_hndl                       
000000e5  __TI_printfi                              
ffffffff  __TI_prof_data_size                       
ffffffff  __TI_prof_data_start                      
00003441  __TI_readmsg                              
00000000  __TI_static_base__                        
20000748  __TI_tmpnams                              
00003365  __TI_writemsg                             
00002c71  __TI_wrt_ok                               
000036a9  __TI_zero_init_nomemset                   
000025ed  __aeabi_cdcmpeq                           
000025ed  __aeabi_cdcmple                           
00002673  __aeabi_cdrcmple                          
000028c7  __aeabi_d2f                               
0000310d  __aeabi_d2iz                              
000012b3  __aeabi_dadd                              
000019ad  __aeabi_ddiv                              
00001f2d  __aeabi_dmul                              
000012a9  __aeabi_dsub                              
00003899  __aeabi_errno_addr                        
0000339d  __aeabi_f2d                               
000034d9  __aeabi_i2d                               
0000145f  __aeabi_idiv0                             
0000145f  __aeabi_ldiv0                             
000026f9  __aeabi_memclr                            
000026f9  __aeabi_memclr4                           
000026f9  __aeabi_memclr8                           
0000242f  __aeabi_memcpy                            
0000242f  __aeabi_memcpy4                           
0000242f  __aeabi_memcpy8                           
000026fb  __aeabi_memset                            
000026fb  __aeabi_memset4                           
000026fb  __aeabi_memset8                           
200005f4  __aeabi_stderr                            
200005ec  __aeabi_stdin                             
200005f0  __aeabi_stdout                            
00003689  __aeabi_ui2d                              
000024cb  __aeabi_uldivmod                          
ffffffff  __binit__                                 
ffffffff  __c_args__                                
UNDEFED   __mpu_init                                
2000fe00  __stack                                   
20000000  __start___llvm_prf_cnts                   
20000000  __stop___llvm_prf_cnts                    
00003475  _c_int00_noargs                           
000038b8  _ctypes_                                  
200004f0  _device                                   
20000400  _ftable                                   
20000610  _lock                                     
00000b33  _nop                                      
20000568  _stream                                   
20000000  _sys_memory                               
UNDEFED   _system_post_cinit                        
000038b1  _system_pre_init                          
20000614  _unlock                                   
000038b5  abort                                     
00001e2d  aligned_alloc                             
00003031  atoi                                      
ffffffff  binit                                     
00002d35  close                                     
00003717  copysign                                  
00003717  copysignl                                 
20000620  errno                                     
000030c5  exit                                      
000034a9  finddevice                                
00002561  fputc                                     
00001c09  fputs                                     
00002029  free                                      
00002ba9  frexp                                     
00002ba9  frexpl                                    
00002c0d  fseek                                     
000032a9  getdevice                                 
00000000  interruptVectors                          
00001d1d  ldexp                                     
00001d1d  ldexpl                                    
000035b1  lseek                                     
00001461  main                                      
000038a1  malloc                                    
00001e2d  memalign                                  
000036e1  memccpy                                   
00003669  memchr                                    
0000242f  memcpy                                    
00002701  memset                                    
200007e8  parmbuf                                   
2000060c  phasecount                                
00002add  printf                                    
00002561  putc                                      
00003535  remove                                    
00001d1d  scalbn                                    
00001d1d  scalbnl                                   
000021ed  setvbuf                                   
00003791  strchr                                    
00003779  strcmp                                    
0000380d  strcpy                                    
00003821  strlen                                    
000033d5  strncpy                                   
00003535  unlink                                    
00003a7c  upConfig_0                                
00003835  wcslen                                    
000035d9  write                                     


GLOBAL SYMBOLS: SORTED BY Symbol Address 

address   name                                      
-------   ----                                      
00000000  __TI_static_base__                        
00000000  interruptVectors                          
000000e5  __TI_printfi                              
00000200  __STACK_SIZE                              
00000400  __SYSMEM_SIZE                             
00000b33  _nop                                      
00000b35  SystemCoreClockUpdate                     
00000dad  SystemInit                                
000012a9  __aeabi_dsub                              
000012b3  __aeabi_dadd                              
0000145f  __aeabi_idiv0                             
0000145f  __aeabi_ldiv0                             
00001461  main                                      
000014f1  TA0_0_IRQHandler                          
000014f1  TA0_0_IRQHandler                          
00001725  CS_setDCOFrequency                        
000019ad  __aeabi_ddiv                              
00001c09  fputs                                     
00001d1d  ldexp                                     
00001d1d  ldexpl                                    
00001d1d  scalbn                                    
00001d1d  scalbnl                                   
00001e2d  aligned_alloc                             
00001e2d  memalign                                  
00001f2d  __aeabi_dmul                              
00002029  free                                      
0000210d  CS_initClockSignal                        
000021ed  setvbuf                                   
0000242f  __aeabi_memcpy                            
0000242f  __aeabi_memcpy4                           
0000242f  __aeabi_memcpy8                           
0000242f  memcpy                                    
000024cb  __aeabi_uldivmod                          
00002561  fputc                                     
00002561  putc                                      
000025ed  __aeabi_cdcmpeq                           
000025ed  __aeabi_cdcmple                           
00002673  __aeabi_cdrcmple                          
000026f9  __aeabi_memclr                            
000026f9  __aeabi_memclr4                           
000026f9  __aeabi_memclr8                           
000026fb  __aeabi_memset                            
000026fb  __aeabi_memset4                           
000026fb  __aeabi_memset8                           
00002701  memset                                    
00002775  __TI_closefile                            
000028c7  __aeabi_d2f                               
00002935  ADC14_configureConversionMemory           
000029a1  HOSTrename                                
00002a0d  HOSTlseek                                 
00002a75  __TI_decompress_lzss                      
00002add  printf                                    
00002b45  Interrupt_enableInterrupt                 
00002ba9  frexp                                     
00002ba9  frexpl                                    
00002c0d  fseek                                     
00002c71  __TI_wrt_ok                               
00002cd5  HOSTopen                                  
00002d35  close                                     
00002d91  HOSTread                                  
00002de9  HOSTwrite                                 
00002e99  CS_tuneDCOFrequency                       
00002eed  __TI_ltoa                                 
00002f95  SysCtl_getTLVInfo                         
00002fe5  __TI_doflush                              
00003031  atoi                                      
0000307d  GPIO_setAsPeripheralModuleFunctionInputPin
000030c5  exit                                      
0000310d  __aeabi_d2iz                              
00003155  ADC14_configureSingleSampleMode           
00003199  HOSTclose                                 
000031dd  HOSTunlink                                
00003221  Timer_A_configureUpMode                   
00003265  __TI_auto_init_nobinit_nopinit            
000032a9  getdevice                                 
0000332d  ADC14_initModule                          
00003365  __TI_writemsg                             
00003393  C$$IO$$                                   
0000339d  __aeabi_f2d                               
000033d5  strncpy                                   
0000340d  __TI_cleanup                              
00003441  __TI_readmsg                              
00003475  _c_int00_noargs                           
000034a9  finddevice                                
000034d9  __aeabi_i2d                               
00003509  ADC14_enableConversion                    
00003535  remove                                    
00003535  unlink                                    
00003561  ADC14_enableSampleTimer                   
000035b1  lseek                                     
000035d9  write                                     
00003601  CS_setDCOCenteredFrequency                
00003625  GPIO_setAsOutputPin                       
00003649  ADC14_toggleConversionTrigger             
00003669  memchr                                    
00003689  __aeabi_ui2d                              
000036a9  __TI_zero_init_nomemset                   
000036e1  memccpy                                   
000036fd  Timer_A_clearCaptureCompareInterrupt      
00003717  copysign                                  
00003717  copysignl                                 
00003731  ADC14_getResult                           
00003749  GPIO_setOutputLowOnPin                    
00003761  WDT_A_holdTimer                           
00003779  strcmp                                    
00003791  strchr                                    
000037a9  ADC14_isBusy                              
000037bd  ADC14_setResolution                       
000037e5  GPIO_setOutputHighOnPin                   
000037f9  REF_A_setReferenceVoltage                 
0000380d  strcpy                                    
00003821  strlen                                    
00003835  wcslen                                    
00003849  ADC14_enableModule                        
00003859  Interrupt_enableMaster                    
00003869  __TI_decompress_none                      
00003877  Reset_Handler                             
00003883  ADC14_IRQHandler                          
00003883  AES256_IRQHandler                         
00003883  BusFault_Handler                          
00003883  COMP_E0_IRQHandler                        
00003883  COMP_E1_IRQHandler                        
00003883  CS_IRQHandler                             
00003883  DMA_ERR_IRQHandler                        
00003883  DMA_INT0_IRQHandler                       
00003883  DMA_INT1_IRQHandler                       
00003883  DMA_INT2_IRQHandler                       
00003883  DMA_INT3_IRQHandler                       
00003883  DebugMon_Handler                          
00003883  Default_Handler                           
00003883  EUSCIA0_IRQHandler                        
00003883  EUSCIA1_IRQHandler                        
00003883  EUSCIA2_IRQHandler                        
00003883  EUSCIA3_IRQHandler                        
00003883  EUSCIB0_IRQHandler                        
00003883  EUSCIB1_IRQHandler                        
00003883  EUSCIB2_IRQHandler                        
00003883  EUSCIB3_IRQHandler                        
00003883  FLCTL_IRQHandler                          
00003883  FPU_IRQHandler                            
00003883  HardFault_Handler                         
00003883  MemManage_Handler                         
00003883  NMI_Handler                               
00003883  PCM_IRQHandler                            
00003883  PORT1_IRQHandler                          
00003883  PORT2_IRQHandler                          
00003883  PORT3_IRQHandler                          
00003883  PORT4_IRQHandler                          
00003883  PORT5_IRQHandler                          
00003883  PORT6_IRQHandler                          
00003883  PSS_IRQHandler                            
00003883  PendSV_Handler                            
00003883  RTC_C_IRQHandler                          
00003883  SVC_Handler                               
00003883  SysTick_Handler                           
00003883  T32_INT1_IRQHandler                       
00003883  T32_INT2_IRQHandler                       
00003883  T32_INTC_IRQHandler                       
00003883  TA0_N_IRQHandler                          
00003883  TA1_0_IRQHandler                          
00003883  TA1_N_IRQHandler                          
00003883  TA2_0_IRQHandler                          
00003883  TA2_N_IRQHandler                          
00003883  TA3_0_IRQHandler                          
00003883  TA3_N_IRQHandler                          
00003883  UsageFault_Handler                        
00003883  WDT_A_IRQHandler                          
00003885  CPU_cpsie                                 
00003891  Timer_A_startCounter                      
00003899  __aeabi_errno_addr                        
000038a1  malloc                                    
000038b1  _system_pre_init                          
000038b5  C$$EXIT                                   
000038b5  abort                                     
000038b8  _ctypes_                                  
00003a7c  upConfig_0                                
00003b2c  __TI_Handler_Table_Base                   
00003b38  __TI_Handler_Table_Limit                  
00003b40  __TI_CINIT_Base                           
00003b50  __TI_CINIT_Limit                          
20000000  __start___llvm_prf_cnts                   
20000000  __stop___llvm_prf_cnts                    
20000000  _sys_memory                               
20000400  _ftable                                   
200004f0  _device                                   
20000568  _stream                                   
200005e8  __TI_ft_end                               
200005ec  __aeabi_stdin                             
200005f0  __aeabi_stdout                            
200005f4  __aeabi_stderr                            
200005f8  __TI_cleanup_ptr                          
200005fc  __TI_dtors_ptr                            
20000600  __TI_enable_exit_profile_output           
20000604  SMCLK_divider                             
20000608  ADCresult                                 
2000060c  phasecount                                
20000610  _lock                                     
20000614  _unlock                                   
20000620  errno                                     
20000624  SystemCoreClock                           
20000628  __CIOBUF_                                 
20000748  __TI_tmpnams                              
200007e8  parmbuf                                   
2000fe00  __stack                                   
20010000  __STACK_END                               
4000480c  WDTCTL_SYM                                
ffffffff  __TI_pprof_out_hndl                       
ffffffff  __TI_prof_data_size                       
ffffffff  __TI_prof_data_start                      
ffffffff  __binit__                                 
ffffffff  __c_args__                                
ffffffff  binit                                     
UNDEFED   __mpu_init                                
UNDEFED   _system_post_cinit                        

[214 symbols]
