******************************************************************************
                  TI ARM Linker PC v20.2.7                     
******************************************************************************
>> Linked Fri Mar 17 17:18:10 2023

OUTPUT FILE NAME:   <Lab3.out>
ENTRY POINT SYMBOL: "_c_int00_noargs"  address: 00000745


MEMORY CONFIGURATION

         name            origin    length      used     unused   attr    fill
----------------------  --------  ---------  --------  --------  ----  --------
  MAIN                  00000000   00200000  00000890  001ff770  R  X
  INFO                  00200000   00008000  00000000  00008000  R  X
  SRAM_CODE             01000000   00040000  00000240  0003fdc0  RW X
  SRAM_DATA             20000000   00040000  00000240  0003fdc0  RW  


SEGMENT ALLOCATION MAP

run origin  load origin   length   init length attrs members
----------  ----------- ---------- ----------- ----- -------
00000000    00000000    00000894   00000894    r-x
  00000000    00000000    000000e8   000000e8    r-- .intvecs
  000000e8    000000e8    00000764   00000764    r-x .text
  00000850    00000850    00000044   00000044    r-- .cinit
20000000    20000000    00000040   00000000    rw-
  20000000    20000000    00000040   00000000    rw- .data
2003fe00    2003fe00    00000200   00000000    rw-
  2003fe00    2003fe00    00000200   00000000    rw- .stack


SECTION ALLOCATION MAP

 output                                  attributes/
section   page    origin      length       input sections
--------  ----  ----------  ----------   ----------------
.intvecs   0    00000000    000000e8     
                  00000000    000000e8     startup_msp432p4111_ccs.obj (.intvecs:retain)

.text      0    000000e8    00000764     
                  000000e8    00000350     system_msp432p4111.obj (.text)
                  00000438    000001c4     main.obj (.text)
                  000005fc    0000009c     rtsv7M4_T_le_v4SPD16_eabi.lib : memcpy_t2.asm.obj (.text)
                  00000698    00000068                                   : copy_decompress_lzss.c.obj (.text:decompress:lzss:__TI_decompress_lzss)
                  00000700    00000044                                   : autoinit.c.obj (.text:__TI_auto_init_nobinit_nopinit:__TI_auto_init_nobinit_nopinit)
                  00000744    00000034                                   : boot_cortex_m.c.obj (.text:_c_int00_noargs:_c_int00_noargs)
                  00000778    00000030     msp432p4xx_driverlib.lib : gpio.o (.text:GPIO_setAsInputPinWithPullUpResistor)
                  000007a8    00000024                              : gpio.o (.text:GPIO_setAsOutputPin)
                  000007cc    00000018                              : gpio.o (.text:GPIO_getInputPinValue)
                  000007e4    00000018                              : gpio.o (.text:GPIO_setOutputLowOnPin)
                  000007fc    00000018                              : wdt_a.o (.text:WDT_A_holdTimer)
                  00000814    00000014                              : gpio.o (.text:GPIO_setOutputHighOnPin)
                  00000828    0000000e     rtsv7M4_T_le_v4SPD16_eabi.lib : copy_decompress_none.c.obj (.text:decompress:none:__TI_decompress_none)
                  00000836    0000000e     startup_msp432p4111_ccs.obj (.text)
                  00000844    00000004     rtsv7M4_T_le_v4SPD16_eabi.lib : pre_init.c.obj (.text:_system_pre_init)
                  00000848    00000004                                   : exit.c.obj (.text:abort:abort)

.cinit     0    00000850    00000044     
                  00000850    00000034     (.cinit..data.load) [load image, compression = lzss]
                  00000884    00000008     (__TI_handler_table)
                  0000088c    00000008     (__TI_cinit_table)

.init_array 
*          0    00000000    00000000     UNINITIALIZED

.binit     0    00000000    00000000     

.data      0    20000000    00000040     UNINITIALIZED
                  20000000    00000030     msp432p4xx_driverlib.lib : gpio.o (.data:GPIO_PORT_TO_BASE)
                  20000030    0000000c     main.obj (.data)
                  2000003c    00000004     system_msp432p4111.obj (.data)

.stack     0    2003fe00    00000200     UNINITIALIZED
                  2003fe00    00000004     rtsv7M4_T_le_v4SPD16_eabi.lib : boot_cortex_m.c.obj (.stack)
                  2003fe04    000001fc     --HOLE--

__llvm_prf_cnts 
*          0    20000000    00000000     UNINITIALIZED

MODULE SUMMARY

       Module                        code   ro data   rw data
       ------                        ----   -------   -------
    .\
       system_msp432p4111.obj        848    0         8      
       main.obj                      452    0         24     
       startup_msp432p4111_ccs.obj   14     232       0      
    +--+-----------------------------+------+---------+---------+
       Total:                        1314   232       32     
                                                             
    C:/ti/msp432_driverlib_3_21_00_05/driverlib/MSP432P4xx/ccs/msp432p4xx_driverlib.lib
       gpio.o                        152    0         96     
       wdt_a.o                       24     0         0      
    +--+-----------------------------+------+---------+---------+
       Total:                        176    0         96     
                                                             
    C:\ti\ccs1220\ccs\tools\compiler\ti-cgt-arm_20.2.7.LTS\lib\rtsv7M4_T_le_v4SPD16_eabi.lib
       memcpy_t2.asm.obj             156    0         0      
       copy_decompress_lzss.c.obj    104    0         0      
       autoinit.c.obj                68     0         0      
       boot_cortex_m.c.obj           52     0         0      
       copy_decompress_none.c.obj    14     0         0      
       exit.c.obj                    4      0         0      
       pre_init.c.obj                4      0         0      
    +--+-----------------------------+------+---------+---------+
       Total:                        402    0         0      
                                                             
       Stack:                        0      0         1024   
       Linker Generated:             0      68        0      
    +--+-----------------------------+------+---------+---------+
       Grand Total:                  1892   300       1152   


LINKER GENERATED COPY TABLES

__TI_cinit_table @ 0000088c records: 1, size/record: 8, table size: 8
	.data: load addr=00000850, load size=00000034 bytes, run addr=20000000, run size=00000040 bytes, compression=lzss


LINKER GENERATED HANDLER TABLE

__TI_handler_table @ 00000884 records: 2, size/record: 4, table size: 8
	index: 0, handler: __TI_decompress_lzss
	index: 1, handler: __TI_decompress_none


GLOBAL SYMBOLS: SORTED ALPHABETICALLY BY Name 

address   name                                
-------   ----                                
00000843  ADC14_IRQHandler                    
00000843  AES256_IRQHandler                   
00000843  BusFault_Handler                    
00000849  C$$EXIT                             
00000843  COMP_E0_IRQHandler                  
00000843  COMP_E1_IRQHandler                  
00000843  CS_IRQHandler                       
00000843  DMA_ERR_IRQHandler                  
00000843  DMA_INT0_IRQHandler                 
00000843  DMA_INT1_IRQHandler                 
00000843  DMA_INT2_IRQHandler                 
00000843  DMA_INT3_IRQHandler                 
00000843  DebugMon_Handler                    
00000843  Default_Handler                     
00000843  EUSCIA0_IRQHandler                  
00000843  EUSCIA1_IRQHandler                  
00000843  EUSCIA2_IRQHandler                  
00000843  EUSCIA3_IRQHandler                  
00000843  EUSCIB0_IRQHandler                  
00000843  EUSCIB1_IRQHandler                  
00000843  EUSCIB2_IRQHandler                  
00000843  EUSCIB3_IRQHandler                  
00000843  FLCTL_A_IRQHandler                  
00000843  FPU_IRQHandler                      
000007cd  GPIO_getInputPinValue               
00000779  GPIO_setAsInputPinWithPullUpResistor
000007a9  GPIO_setAsOutputPin                 
00000815  GPIO_setOutputHighOnPin             
000007e5  GPIO_setOutputLowOnPin              
00000843  HardFault_Handler                   
00000843  LCD_F_IRQHandler                    
20000034  LED_STATE                           
00000843  MemManage_Handler                   
00000843  NMI_Handler                         
00000843  PCM_IRQHandler                      
00000843  PORT1_IRQHandler                    
00000843  PORT2_IRQHandler                    
00000843  PORT3_IRQHandler                    
00000843  PORT4_IRQHandler                    
00000843  PORT5_IRQHandler                    
00000843  PORT6_IRQHandler                    
00000843  PSS_IRQHandler                      
00000843  PendSV_Handler                      
00000843  RTC_C_IRQHandler                    
00000837  Reset_Handler                       
00000843  SVC_Handler                         
00000843  SysTick_Handler                     
2000003c  SystemCoreClock                     
000000e9  SystemCoreClockUpdate               
00000361  SystemInit                          
00000843  T32_INT1_IRQHandler                 
00000843  T32_INT2_IRQHandler                 
00000843  T32_INTC_IRQHandler                 
00000843  TA0_0_IRQHandler                    
00000843  TA0_N_IRQHandler                    
00000843  TA1_0_IRQHandler                    
00000843  TA1_N_IRQHandler                    
00000843  TA2_0_IRQHandler                    
00000843  TA2_N_IRQHandler                    
00000843  TA3_0_IRQHandler                    
00000843  TA3_N_IRQHandler                    
00000843  UsageFault_Handler                  
4000480c  WDTCTL_SYM                          
00000843  WDT_A_IRQHandler                    
000007fd  WDT_A_holdTimer                     
20040000  __STACK_END                         
00000200  __STACK_SIZE                        
0000088c  __TI_CINIT_Base                     
00000894  __TI_CINIT_Limit                    
00000884  __TI_Handler_Table_Base             
0000088c  __TI_Handler_Table_Limit            
00000701  __TI_auto_init_nobinit_nopinit      
00000699  __TI_decompress_lzss                
00000829  __TI_decompress_none                
ffffffff  __TI_pprof_out_hndl                 
ffffffff  __TI_prof_data_size                 
ffffffff  __TI_prof_data_start                
00000000  __TI_static_base__                  
000005fd  __aeabi_memcpy                      
000005fd  __aeabi_memcpy4                     
000005fd  __aeabi_memcpy8                     
ffffffff  __binit__                           
ffffffff  __c_args__                          
UNDEFED   __mpu_init                          
2003fe00  __stack                             
20000000  __start___llvm_prf_cnts             
20000000  __stop___llvm_prf_cnts              
00000745  _c_int00_noargs                     
UNDEFED   _system_post_cinit                  
00000845  _system_pre_init                    
00000849  abort                               
ffffffff  binit                               
20000038  count                               
00000439  getState                            
20000030  i                                   
00000000  interruptVectors                    
00000457  main                                
000005fd  memcpy                              


GLOBAL SYMBOLS: SORTED BY Symbol Address 

address   name                                
-------   ----                                
00000000  __TI_static_base__                  
00000000  interruptVectors                    
000000e9  SystemCoreClockUpdate               
00000200  __STACK_SIZE                        
00000361  SystemInit                          
00000439  getState                            
00000457  main                                
000005fd  __aeabi_memcpy                      
000005fd  __aeabi_memcpy4                     
000005fd  __aeabi_memcpy8                     
000005fd  memcpy                              
00000699  __TI_decompress_lzss                
00000701  __TI_auto_init_nobinit_nopinit      
00000745  _c_int00_noargs                     
00000779  GPIO_setAsInputPinWithPullUpResistor
000007a9  GPIO_setAsOutputPin                 
000007cd  GPIO_getInputPinValue               
000007e5  GPIO_setOutputLowOnPin              
000007fd  WDT_A_holdTimer                     
00000815  GPIO_setOutputHighOnPin             
00000829  __TI_decompress_none                
00000837  Reset_Handler                       
00000843  ADC14_IRQHandler                    
00000843  AES256_IRQHandler                   
00000843  BusFault_Handler                    
00000843  COMP_E0_IRQHandler                  
00000843  COMP_E1_IRQHandler                  
00000843  CS_IRQHandler                       
00000843  DMA_ERR_IRQHandler                  
00000843  DMA_INT0_IRQHandler                 
00000843  DMA_INT1_IRQHandler                 
00000843  DMA_INT2_IRQHandler                 
00000843  DMA_INT3_IRQHandler                 
00000843  DebugMon_Handler                    
00000843  Default_Handler                     
00000843  EUSCIA0_IRQHandler                  
00000843  EUSCIA1_IRQHandler                  
00000843  EUSCIA2_IRQHandler                  
00000843  EUSCIA3_IRQHandler                  
00000843  EUSCIB0_IRQHandler                  
00000843  EUSCIB1_IRQHandler                  
00000843  EUSCIB2_IRQHandler                  
00000843  EUSCIB3_IRQHandler                  
00000843  FLCTL_A_IRQHandler                  
00000843  FPU_IRQHandler                      
00000843  HardFault_Handler                   
00000843  LCD_F_IRQHandler                    
00000843  MemManage_Handler                   
00000843  NMI_Handler                         
00000843  PCM_IRQHandler                      
00000843  PORT1_IRQHandler                    
00000843  PORT2_IRQHandler                    
00000843  PORT3_IRQHandler                    
00000843  PORT4_IRQHandler                    
00000843  PORT5_IRQHandler                    
00000843  PORT6_IRQHandler                    
00000843  PSS_IRQHandler                      
00000843  PendSV_Handler                      
00000843  RTC_C_IRQHandler                    
00000843  SVC_Handler                         
00000843  SysTick_Handler                     
00000843  T32_INT1_IRQHandler                 
00000843  T32_INT2_IRQHandler                 
00000843  T32_INTC_IRQHandler                 
00000843  TA0_0_IRQHandler                    
00000843  TA0_N_IRQHandler                    
00000843  TA1_0_IRQHandler                    
00000843  TA1_N_IRQHandler                    
00000843  TA2_0_IRQHandler                    
00000843  TA2_N_IRQHandler                    
00000843  TA3_0_IRQHandler                    
00000843  TA3_N_IRQHandler                    
00000843  UsageFault_Handler                  
00000843  WDT_A_IRQHandler                    
00000845  _system_pre_init                    
00000849  C$$EXIT                             
00000849  abort                               
00000884  __TI_Handler_Table_Base             
0000088c  __TI_CINIT_Base                     
0000088c  __TI_Handler_Table_Limit            
00000894  __TI_CINIT_Limit                    
20000000  __start___llvm_prf_cnts             
20000000  __stop___llvm_prf_cnts              
20000030  i                                   
20000034  LED_STATE                           
20000038  count                               
2000003c  SystemCoreClock                     
2003fe00  __stack                             
20040000  __STACK_END                         
4000480c  WDTCTL_SYM                          
ffffffff  __TI_pprof_out_hndl                 
ffffffff  __TI_prof_data_size                 
ffffffff  __TI_prof_data_start                
ffffffff  __binit__                           
ffffffff  __c_args__                          
ffffffff  binit                               
UNDEFED   __mpu_init                          
UNDEFED   _system_post_cinit                  

[98 symbols]
