******************************************************************************
                  TI ARM Linker PC v20.2.7                     
******************************************************************************
>> Linked Sun Apr 23 14:54:27 2023

OUTPUT FILE NAME:   <Lab 8.out>
ENTRY POINT SYMBOL: "_c_int00_noargs"  address: 000035bd


MEMORY CONFIGURATION

         name            origin    length      used     unused   attr    fill
----------------------  --------  ---------  --------  --------  ----  --------
  MAIN                  00000000   00040000  00003c74  0003c38c  R  X
  INFO                  00200000   00004000  00000000  00004000  R  X
  SRAM_CODE             01000000   00010000  00000a10  0000f5f0  RW X
  SRAM_DATA             20000000   00010000  00000a10  0000f5f0  RW  


SEGMENT ALLOCATION MAP

run origin  load origin   length   init length attrs members
----------  ----------- ---------- ----------- ----- -------
00000000    00000000    00003c78   00003c78    r-x
  00000000    00000000    000000e4   000000e4    r-- .intvecs
  000000e4    000000e4    000038fc   000038fc    r-x .text
  000039e0    000039e0    000001dc   000001dc    r-- .const
  00003bc0    00003bc0    000000b8   000000b8    r-- .cinit
20000000    20000000    00000810   00000000    rw-
  20000000    20000000    00000400   00000000    rw- .sysmem
  20000400    20000400    00000248   00000000    rw- .data
  20000648    20000648    000001c8   00000000    rw- .bss
2000fe00    2000fe00    00000200   00000000    rw-
  2000fe00    2000fe00    00000200   00000000    rw- .stack


SECTION ALLOCATION MAP

 output                                  attributes/
section   page    origin      length       input sections
--------  ----  ----------  ----------   ----------------
.intvecs   0    00000000    000000e4     
                  00000000    000000e4     startup_msp432p401r_ccs.obj (.intvecs:retain)

.text      0    000000e4    000038fc     
                  000000e4    00000a4e     rtsv7M4_T_le_v4SPD16_eabi.lib : _printfi.c.obj (.text:__TI_printfi)
                  00000b32    00000002                                   : _lock.c.obj (.text:_nop)
                  00000b34    00000334     system_msp432p401r.obj (.text)
                  00000e68    00000328     main.obj (.text)
                  00001190    00000270     rtsv7M4_T_le_v4SPD16_eabi.lib : _printfi.c.obj (.text:_pconv_a)
                  00001400    000001d0                                   : _printfi.c.obj (.text:_pconv_g)
                  000015d0    000001b6                                   : fd_add_t2.asm.obj (.text)
                  00001786    00000002                                   : div0.asm.obj (.text)
                  00001788    00000154     msp432p4xx_driverlib.lib : adc14.o (.text:_getIndexForMemRegister)
                  000018dc    0000014c                              : cs.o (.text:CS_setDCOFrequency)
                  00001a28    0000013c     rtsv7M4_T_le_v4SPD16_eabi.lib : _printfi.c.obj (.text:_pconv_e)
                  00001b64    00000136                                   : fd_div_t2.asm.obj (.text)
                  00001c9a    00000002     --HOLE-- [fill = 0]
                  00001c9c    00000124                                   : _printfi.c.obj (.text:fcvt)
                  00001dc0    00000114                                   : fputs.c.obj (.text:fputs)
                  00001ed4    00000110                                   : s_scalbn.c.obj (.text:scalbn)
                  00001fe4    00000100                                   : memory.c.obj (.text:aligned_alloc)
                  000020e4    000000fc                                   : fd_mul_t2.asm.obj (.text)
                  000021e0    000000e4                                   : memory.c.obj (.text:free)
                  000022c4    000000e0     msp432p4xx_driverlib.lib : cs.o (.text:CS_initClockSignal)
                  000023a4    000000dc     rtsv7M4_T_le_v4SPD16_eabi.lib : setvbuf.c.obj (.text:setvbuf)
                  00002480    000000b2     msp432p4xx_driverlib.lib : timer_a.o (.text:privateTimer_AProcessClockSourceDivider)
                  00002532    00000002     --HOLE-- [fill = 0]
                  00002534    000000b1     rtsv7M4_T_le_v4SPD16_eabi.lib : _printfi.c.obj (.text:_ltostr)
                  000025e5    00000001     --HOLE-- [fill = 0]
                  000025e6    0000009c                                   : memcpy_t2.asm.obj (.text)
                  00002682    00000096                                   : ull_div_t2.asm.obj (.text)
                  00002718    0000008c                                   : fputc.c.obj (.text:fputc)
                  000027a4    00000086                                   : fd_cmp_t2.asm.obj (.text:__aeabi_cdcmple)
                  0000282a    00000086                                   : fd_cmp_t2.asm.obj (.text:__aeabi_cdrcmple)
                  000028b0    0000007a                                   : memset_t2.asm.obj (.text)
                  0000292a    00000002     --HOLE-- [fill = 0]
                  0000292c    00000078     msp432p4xx_driverlib.lib : adc14.o (.text:ADC14_configureMultiSequenceMode)
                  000029a4    00000074     rtsv7M4_T_le_v4SPD16_eabi.lib : fclose.c.obj (.text:__TI_closefile)
                  00002a18    00000070                                   : memory.c.obj (.text:split)
                  00002a88    0000006e                                   : _printfi.c.obj (.text:_mcpy)
                  00002af6    00000002     --HOLE-- [fill = 0]
                  00002af8    0000006c     msp432p4xx_driverlib.lib : adc14.o (.text:ADC14_configureConversionMemory)
                  00002b64    0000006c     rtsv7M4_T_le_v4SPD16_eabi.lib : hostrename.c.obj (.text:HOSTrename)
                  00002bd0    00000068                                   : hostlseek.c.obj (.text:HOSTlseek)
                  00002c38    00000068                                   : copy_decompress_lzss.c.obj (.text:decompress:lzss:__TI_decompress_lzss)
                  00002ca0    00000068                                   : printf.c.obj (.text:printf)
                  00002d08    00000064     msp432p4xx_driverlib.lib : interrupt.o (.text:Interrupt_enableInterrupt)
                  00002d6c    00000064     rtsv7M4_T_le_v4SPD16_eabi.lib : s_frexp.c.obj (.text:frexp)
                  00002dd0    00000064                                   : fseek.c.obj (.text:fseek)
                  00002e34    00000062                                   : _io_perm.c.obj (.text:__TI_wrt_ok)
                  00002e96    00000002     --HOLE-- [fill = 0]
                  00002e98    00000060                                   : hostopen.c.obj (.text:HOSTopen)
                  00002ef8    0000005c                                   : close.c.obj (.text:close)
                  00002f54    00000058                                   : hostread.c.obj (.text:HOSTread)
                  00002fac    00000058                                   : hostwrite.c.obj (.text:HOSTwrite)
                  00003004    00000056                                   : _printfi.c.obj (.text:_pconv_f)
                  0000305a    00000002     --HOLE-- [fill = 0]
                  0000305c    00000054     msp432p4xx_driverlib.lib : cs.o (.text:CS_tuneDCOFrequency)
                  000030b0    00000054     rtsv7M4_T_le_v4SPD16_eabi.lib : _ltoa.c.obj (.text:__TI_ltoa)
                  00003104    00000052                                   : _printfi.c.obj (.text:_ecpy)
                  00003156    00000002     --HOLE-- [fill = 0]
                  00003158    00000050     msp432p4xx_driverlib.lib : sysctl.o (.text:SysCtl_getTLVInfo)
                  000031a8    0000004c     rtsv7M4_T_le_v4SPD16_eabi.lib : fflush.c.obj (.text:__TI_doflush)
                  000031f4    0000004c                                   : atoi.c.obj (.text:atoi)
                  00003240    00000048     msp432p4xx_driverlib.lib : gpio.o (.text:GPIO_setAsPeripheralModuleFunctionInputPin)
                  00003288    00000048     rtsv7M4_T_le_v4SPD16_eabi.lib : exit.c.obj (.text:exit)
                  000032d0    00000048                                   : fd_toi_t2.asm.obj (.text)
                  00003318    00000044                                   : hostclose.c.obj (.text:HOSTclose)
                  0000335c    00000044                                   : hostunlink.c.obj (.text:HOSTunlink)
                  000033a0    00000044     msp432p4xx_driverlib.lib : timer_a.o (.text:Timer_A_configureUpMode)
                  000033e4    00000044     rtsv7M4_T_le_v4SPD16_eabi.lib : autoinit.c.obj (.text:__TI_auto_init_nobinit_nopinit:__TI_auto_init_nobinit_nopinit)
                  00003428    00000044                                   : getdevice.c.obj (.text:getdevice)
                  0000346c    0000003e                                   : _printfi.c.obj (.text:_fcpy)
                  000034aa    00000002     --HOLE-- [fill = 0]
                  000034ac    00000038     msp432p4xx_driverlib.lib : adc14.o (.text:ADC14_initModule)
                  000034e4    00000038     rtsv7M4_T_le_v4SPD16_eabi.lib : trgmsg.c.obj (.text:__TI_writemsg)
                  0000351c    00000036                                   : strncpy.c.obj (.text:strncpy)
                  00003552    00000002     --HOLE-- [fill = 0]
                  00003554    00000034                                   : fopen.c.obj (.text:__TI_cleanup)
                  00003588    00000034                                   : trgmsg.c.obj (.text:__TI_readmsg)
                  000035bc    00000034                                   : boot_cortex_m.c.obj (.text:_c_int00_noargs:_c_int00_noargs)
                  000035f0    00000030     msp432p4xx_driverlib.lib : gpio.o (.text:GPIO_setAsInputPinWithPullUpResistor)
                  00003620    00000030     rtsv7M4_T_le_v4SPD16_eabi.lib : getdevice.c.obj (.text:finddevice)
                  00003650    0000002e                                   : i_tofd_t2.asm.obj (.text)
                  0000367e    00000002     --HOLE-- [fill = 0]
                  00003680    0000002c     msp432p4xx_driverlib.lib : adc14.o (.text:ADC14_enableConversion)
                  000036ac    0000002c     rtsv7M4_T_le_v4SPD16_eabi.lib : unlink.c.obj (.text:unlink)
                  000036d8    00000028     msp432p4xx_driverlib.lib : adc14.o (.text:ADC14_enableSampleTimer)
                  00003700    00000028     rtsv7M4_T_le_v4SPD16_eabi.lib : memory.c.obj (.text:free_list_insert)
                  00003728    00000028                                   : lseek.c.obj (.text:lseek)
                  00003750    00000028                                   : write.c.obj (.text:write)
                  00003778    00000024     msp432p4xx_driverlib.lib : cs.o (.text:CS_setDCOCenteredFrequency)
                  0000379c    00000020                              : adc14.o (.text:ADC14_toggleConversionTrigger)
                  000037bc    00000020     rtsv7M4_T_le_v4SPD16_eabi.lib : memchr.c.obj (.text:memchr)
                  000037dc    0000001c                                   : copy_zero_init.c.obj (.text:decompress:ZI:__TI_zero_init_nomemset:__TI_zero_init_nomemset)
                  000037f8    0000001c                                   : memory.c.obj (.text:free_list_remove)
                  00003814    0000001c                                   : memccpy.c.obj (.text:memccpy)
                  00003830    0000001a     msp432p4xx_driverlib.lib : timer_a.o (.text:Timer_A_clearCaptureCompareInterrupt)
                  0000384a    0000001a     rtsv7M4_T_le_v4SPD16_eabi.lib : s_copysign.c.obj (.text:copysign)
                  00003864    00000018     msp432p4xx_driverlib.lib : adc14.o (.text:ADC14_getResult)
                  0000387c    00000018                              : gpio.o (.text:GPIO_getInputPinValue)
                  00003894    00000018                              : wdt_a.o (.text:WDT_A_holdTimer)
                  000038ac    00000018     rtsv7M4_T_le_v4SPD16_eabi.lib : strcmp.c.obj (.text:strcmp)
                  000038c4    00000016                                   : strchr.c.obj (.text:strchr)
                  000038da    00000002     --HOLE-- [fill = 0]
                  000038dc    00000014     msp432p4xx_driverlib.lib : adc14.o (.text:ADC14_isBusy)
                  000038f0    00000014                              : adc14.o (.text:ADC14_setResolution)
                  00003904    00000014                              : adc14.o (.text:ADCIsConversionRunning)
                  00003918    00000014     rtsv7M4_T_le_v4SPD16_eabi.lib : strcpy.c.obj (.text:strcpy)
                  0000392c    00000014                                   : strlen.c.obj (.text:strlen)
                  00003940    00000012                                   : wcslen.c.obj (.text:wcslen)
                  00003952    00000002     --HOLE-- [fill = 0]
                  00003954    00000010     msp432p4xx_driverlib.lib : adc14.o (.text:ADC14_enableModule)
                  00003964    00000010                              : interrupt.o (.text:Interrupt_disableMaster)
                  00003974    00000010                              : interrupt.o (.text:Interrupt_enableMaster)
                  00003984    0000000e     rtsv7M4_T_le_v4SPD16_eabi.lib : copy_decompress_none.c.obj (.text:decompress:none:__TI_decompress_none)
                  00003992    0000000e     startup_msp432p401r_ccs.obj (.text)
                  000039a0    0000000c     msp432p4xx_driverlib.lib : cpu.o (.text:CPU_cpsid)
                  000039ac    0000000c                              : cpu.o (.text:CPU_cpsie)
                  000039b8    00000008                              : timer_a.o (.text:Timer_A_startCounter)
                  000039c0    00000008     rtsv7M4_T_le_v4SPD16_eabi.lib : errno.c.obj (.text:__aeabi_errno_addr)
                  000039c8    00000008                                   : memory.c.obj (.text:malloc)
                  000039d0    00000004                                   : printf.c.obj (.text:_outc)
                  000039d4    00000004                                   : printf.c.obj (.text:_outs)
                  000039d8    00000004                                   : pre_init.c.obj (.text:_system_pre_init)
                  000039dc    00000004                                   : exit.c.obj (.text:abort:abort)

.const     0    000039e0    000001dc     
                  000039e0    00000101     rtsv7M4_T_le_v4SPD16_eabi.lib : ctype.c.obj (.const:.string:_ctypes_)
                  00003ae1    00000003     --HOLE-- [fill = 0]
                  00003ae4    00000080     msp432p4xx_driverlib.lib : adc14.o (.const:_ctlRegs)
                  00003b64    00000040                              : interrupt.o (.const)
                  00003ba4    00000018     main.obj (.const:upConfig_0)

.cinit     0    00003bc0    000000b8     
                  00003bc0    00000094     (.cinit..data.load) [load image, compression = lzss]
                  00003c54    0000000c     (__TI_handler_table)
                  00003c60    00000008     (.cinit..bss.load) [load image, compression = zero_init]
                  00003c68    00000010     (__TI_cinit_table)

.init_array 
*          0    00000000    00000000     UNINITIALIZED

.binit     0    00000000    00000000     

.sysmem    0    20000000    00000400     UNINITIALIZED
                  20000000    00000010     rtsv7M4_T_le_v4SPD16_eabi.lib : memory.c.obj (.sysmem)
                  20000010    000003f0     --HOLE--

.data      0    20000400    00000248     UNINITIALIZED
                  20000400    000000f0     rtsv7M4_T_le_v4SPD16_eabi.lib : defs.c.obj (.data:_ftable)
                  200004f0    00000078                                   : host_device.c.obj (.data:_device)
                  20000568    00000050                                   : host_device.c.obj (.data:_stream)
                  200005b8    00000030     msp432p4xx_driverlib.lib : gpio.o (.data:GPIO_PORT_TO_BASE)
                  200005e8    0000002c     main.obj (.data)
                  20000614    00000010     rtsv7M4_T_le_v4SPD16_eabi.lib : defs.c.obj (.data)
                  20000624    0000000c                                   : exit.c.obj (.data:$O1$$)
                  20000630    00000008                                   : _lock.c.obj (.data:$O1$$)
                  20000638    00000008                                   : memory.c.obj (.data:$O1$$)
                  20000640    00000004                                   : errno.c.obj (.data)
                  20000644    00000004     system_msp432p401r.obj (.data)

.bss       0    20000648    000001c8     UNINITIALIZED
                  20000648    00000120     rtsv7M4_T_le_v4SPD16_eabi.lib : trgmsg.c.obj (.bss:_CIOBUF_)
                  20000768    000000a0     (.common:__TI_tmpnams)
                  20000808    00000008     (.common:parmbuf)

.stack     0    2000fe00    00000200     UNINITIALIZED
                  2000fe00    00000004     rtsv7M4_T_le_v4SPD16_eabi.lib : boot_cortex_m.c.obj (.stack)
                  2000fe04    000001fc     --HOLE--

__llvm_prf_cnts 
*          0    20000000    00000000     UNINITIALIZED

MODULE SUMMARY

       Module                        code    ro data   rw data
       ------                        ----    -------   -------
    .\
       main.obj                      808     24        88     
       system_msp432p401r.obj        820     0         8      
       startup_msp432p401r_ccs.obj   14      228       0      
    +--+-----------------------------+-------+---------+---------+
       Total:                        1642    252       96     
                                                              
    C:/ti/msp432_driverlib_3_21_00_05/driverlib/MSP432P4xx/ccs/msp432p4xx_driverlib.lib
       adc14.o                       840     128       0      
       cs.o                          676     0         0      
       timer_a.o                     280     0         0      
       gpio.o                        144     0         96     
       interrupt.o                   132     64        0      
       sysctl.o                      80      0         0      
       cpu.o                         24      0         0      
       wdt_a.o                       24      0         0      
    +--+-----------------------------+-------+---------+---------+
       Total:                        2200    192       96     
                                                              
    C:\ti\ccs1220\ccs\tools\compiler\ti-cgt-arm_20.2.7.LTS\lib\rtsv7M4_T_le_v4SPD16_eabi.lib
       _printfi.c.obj                4851    0         0      
       defs.c.obj                    0       0         832    
       memory.c.obj                  672     0         16     
       trgmsg.c.obj                  108     0         576    
       fd_add_t2.asm.obj             438     0         0      
       host_device.c.obj             0       0         400    
       fd_div_t2.asm.obj             310     0         0      
       fputs.c.obj                   276     0         0      
       s_scalbn.c.obj                272     0         0      
       fd_cmp_t2.asm.obj             268     0         0      
       ctype.c.obj                   0       257       0      
       fd_mul_t2.asm.obj             252     0         0      
       setvbuf.c.obj                 220     0         0      
       memcpy_t2.asm.obj             156     0         0      
       ull_div_t2.asm.obj            150     0         0      
       fputc.c.obj                   140     0         0      
       memset_t2.asm.obj             122     0         0      
       fclose.c.obj                  116     0         0      
       getdevice.c.obj               116     0         0      
       hostopen.c.obj                96      0         16     
       printf.c.obj                  112     0         0      
       hostrename.c.obj              108     0         0      
       copy_decompress_lzss.c.obj    104     0         0      
       hostlseek.c.obj               104     0         0      
       exit.c.obj                    76      0         24     
       fseek.c.obj                   100     0         0      
       s_frexp.c.obj                 100     0         0      
       _io_perm.c.obj                98      0         0      
       close.c.obj                   92      0         0      
       hostread.c.obj                88      0         0      
       hostwrite.c.obj               88      0         0      
       _ltoa.c.obj                   84      0         0      
       atoi.c.obj                    76      0         0      
       fflush.c.obj                  76      0         0      
       fd_toi_t2.asm.obj             72      0         0      
       autoinit.c.obj                68      0         0      
       hostclose.c.obj               68      0         0      
       hostunlink.c.obj              68      0         0      
       strncpy.c.obj                 54      0         0      
       boot_cortex_m.c.obj           52      0         0      
       fopen.c.obj                   52      0         0      
       i_tofd_t2.asm.obj             46      0         0      
       unlink.c.obj                  44      0         0      
       lseek.c.obj                   40      0         0      
       write.c.obj                   40      0         0      
       memchr.c.obj                  32      0         0      
       copy_zero_init.c.obj          28      0         0      
       memccpy.c.obj                 28      0         0      
       s_copysign.c.obj              26      0         0      
       strcmp.c.obj                  24      0         0      
       strchr.c.obj                  22      0         0      
       strcpy.c.obj                  20      0         0      
       strlen.c.obj                  20      0         0      
       _lock.c.obj                   2       0         16     
       wcslen.c.obj                  18      0         0      
       errno.c.obj                   8       0         8      
       copy_decompress_none.c.obj    14      0         0      
       pre_init.c.obj                4       0         0      
       div0.asm.obj                  2       0         0      
    +--+-----------------------------+-------+---------+---------+
       Total:                        10721   257       1888   
                                                              
       Heap:                         0       0         2048   
       Stack:                        0       0         1024   
       Linker Generated:             0       184       0      
    +--+-----------------------------+-------+---------+---------+
       Grand Total:                  14563   885       5152   


LINKER GENERATED COPY TABLES

__TI_cinit_table @ 00003c68 records: 2, size/record: 8, table size: 16
	.data: load addr=00003bc0, load size=00000094 bytes, run addr=20000400, run size=00000248 bytes, compression=lzss
	.bss: load addr=00003c60, load size=00000008 bytes, run addr=20000648, run size=000001c8 bytes, compression=zero_init


LINKER GENERATED HANDLER TABLE

__TI_handler_table @ 00003c54 records: 3, size/record: 4, table size: 12
	index: 0, handler: __TI_decompress_lzss
	index: 1, handler: __TI_decompress_none
	index: 2, handler: __TI_zero_init


GLOBAL SYMBOLS: SORTED ALPHABETICALLY BY Name 

address   name                                      
-------   ----                                      
20000608  ADC0                                      
2000060a  ADC1                                      
0000399f  ADC14_IRQHandler                          
00002af9  ADC14_configureConversionMemory           
0000292d  ADC14_configureMultiSequenceMode          
00003681  ADC14_enableConversion                    
00003955  ADC14_enableModule                        
000036d9  ADC14_enableSampleTimer                   
00003865  ADC14_getResult                           
000034ad  ADC14_initModule                          
000038dd  ADC14_isBusy                              
000038f1  ADC14_setResolution                       
0000379d  ADC14_toggleConversionTrigger             
2000060c  ADC3                                      
0000399f  AES256_IRQHandler                         
0000399f  BusFault_Handler                          
000039dd  C$$EXIT                                   
00003513  C$$IO$$                                   
0000399f  COMP_E0_IRQHandler                        
0000399f  COMP_E1_IRQHandler                        
000039a1  CPU_cpsid                                 
000039ad  CPU_cpsie                                 
0000399f  CS_IRQHandler                             
000022c5  CS_initClockSignal                        
00003779  CS_setDCOCenteredFrequency                
000018dd  CS_setDCOFrequency                        
0000305d  CS_tuneDCOFrequency                       
0000399f  DMA_ERR_IRQHandler                        
0000399f  DMA_INT0_IRQHandler                       
0000399f  DMA_INT1_IRQHandler                       
0000399f  DMA_INT2_IRQHandler                       
0000399f  DMA_INT3_IRQHandler                       
0000399f  DebugMon_Handler                          
0000399f  Default_Handler                           
0000399f  EUSCIA0_IRQHandler                        
0000399f  EUSCIA1_IRQHandler                        
0000399f  EUSCIA2_IRQHandler                        
0000399f  EUSCIA3_IRQHandler                        
0000399f  EUSCIB0_IRQHandler                        
0000399f  EUSCIB1_IRQHandler                        
0000399f  EUSCIB2_IRQHandler                        
0000399f  EUSCIB3_IRQHandler                        
0000399f  FLCTL_IRQHandler                          
0000399f  FPU_IRQHandler                            
2000060e  FSR1                                      
20000610  FSR2                                      
20000612  FSR_avg                                   
0000387d  GPIO_getInputPinValue                     
000035f1  GPIO_setAsInputPinWithPullUpResistor      
00003241  GPIO_setAsPeripheralModuleFunctionInputPin
00003319  HOSTclose                                 
00002bd1  HOSTlseek                                 
00002e99  HOSTopen                                  
00002f55  HOSTread                                  
00002b65  HOSTrename                                
0000335d  HOSTunlink                                
00002fad  HOSTwrite                                 
0000399f  HardFault_Handler                         
00003965  Interrupt_disableMaster                   
00002d09  Interrupt_enableInterrupt                 
00003975  Interrupt_enableMaster                    
0000399f  MemManage_Handler                         
0000399f  NMI_Handler                               
0000399f  PCM_IRQHandler                            
0000399f  PORT1_IRQHandler                          
0000399f  PORT2_IRQHandler                          
0000399f  PORT3_IRQHandler                          
0000399f  PORT4_IRQHandler                          
0000399f  PORT5_IRQHandler                          
0000399f  PORT6_IRQHandler                          
0000399f  PSS_IRQHandler                            
200005ec  PWM                                       
0000399f  PendSV_Handler                            
0000399f  RTC_C_IRQHandler                          
00003993  Reset_Handler                             
0000399f  SVC_Handler                               
00003159  SysCtl_getTLVInfo                         
0000399f  SysTick_Handler                           
20000644  SystemCoreClock                           
00000b35  SystemCoreClockUpdate                     
00000dad  SystemInit                                
0000399f  T32_INT1_IRQHandler                       
0000399f  T32_INT2_IRQHandler                       
0000399f  T32_INTC_IRQHandler                       
0000105b  TA0_0_IRQHandler                          
0000105b  TA0_0_IRQHandler                          
0000399f  TA0_N_IRQHandler                          
0000399f  TA1_0_IRQHandler                          
0000399f  TA1_N_IRQHandler                          
0000399f  TA2_0_IRQHandler                          
0000399f  TA2_N_IRQHandler                          
0000399f  TA3_0_IRQHandler                          
0000399f  TA3_N_IRQHandler                          
00003831  Timer_A_clearCaptureCompareInterrupt      
000033a1  Timer_A_configureUpMode                   
000039b9  Timer_A_startCounter                      
0000399f  UsageFault_Handler                        
4000480c  WDTCTL_SYM                                
0000399f  WDT_A_IRQHandler                          
00003895  WDT_A_holdTimer                           
20000648  __CIOBUF_                                 
20010000  __STACK_END                               
00000200  __STACK_SIZE                              
00000400  __SYSMEM_SIZE                             
00003c68  __TI_CINIT_Base                           
00003c78  __TI_CINIT_Limit                          
00003c54  __TI_Handler_Table_Base                   
00003c60  __TI_Handler_Table_Limit                  
000033e5  __TI_auto_init_nobinit_nopinit            
00003555  __TI_cleanup                              
20000624  __TI_cleanup_ptr                          
000029a5  __TI_closefile                            
00002c39  __TI_decompress_lzss                      
00003985  __TI_decompress_none                      
000031a9  __TI_doflush                              
20000628  __TI_dtors_ptr                            
2000062c  __TI_enable_exit_profile_output           
20000614  __TI_ft_end                               
000030b1  __TI_ltoa                                 
ffffffff  __TI_pprof_out_hndl                       
000000e5  __TI_printfi                              
ffffffff  __TI_prof_data_size                       
ffffffff  __TI_prof_data_start                      
00003589  __TI_readmsg                              
00000000  __TI_static_base__                        
20000768  __TI_tmpnams                              
000034e5  __TI_writemsg                             
00002e35  __TI_wrt_ok                               
000037dd  __TI_zero_init_nomemset                   
000027a5  __aeabi_cdcmpeq                           
000027a5  __aeabi_cdcmple                           
0000282b  __aeabi_cdrcmple                          
000032d1  __aeabi_d2iz                              
000015db  __aeabi_dadd                              
00001b65  __aeabi_ddiv                              
000020e5  __aeabi_dmul                              
000015d1  __aeabi_dsub                              
000039c1  __aeabi_errno_addr                        
00003651  __aeabi_i2d                               
00001787  __aeabi_idiv0                             
00001787  __aeabi_ldiv0                             
000028b1  __aeabi_memclr                            
000028b1  __aeabi_memclr4                           
000028b1  __aeabi_memclr8                           
000025e7  __aeabi_memcpy                            
000025e7  __aeabi_memcpy4                           
000025e7  __aeabi_memcpy8                           
000028b3  __aeabi_memset                            
000028b3  __aeabi_memset4                           
000028b3  __aeabi_memset8                           
20000620  __aeabi_stderr                            
20000618  __aeabi_stdin                             
2000061c  __aeabi_stdout                            
00002683  __aeabi_uldivmod                          
ffffffff  __binit__                                 
ffffffff  __c_args__                                
UNDEFED   __mpu_init                                
2000fe00  __stack                                   
20000000  __start___llvm_prf_cnts                   
20000000  __stop___llvm_prf_cnts                    
000035bd  _c_int00_noargs                           
000039e0  _ctypes_                                  
200004f0  _device                                   
20000400  _ftable                                   
20000630  _lock                                     
00000b33  _nop                                      
20000568  _stream                                   
20000000  _sys_memory                               
UNDEFED   _system_post_cinit                        
000039d9  _system_pre_init                          
20000634  _unlock                                   
000039dd  abort                                     
00001fe5  aligned_alloc                             
000031f5  atoi                                      
ffffffff  binit                                     
00002ef9  close                                     
0000384b  copysign                                  
0000384b  copysignl                                 
200005fc  dir                                       
20000640  errno                                     
00003289  exit                                      
00003621  finddevice                                
00002719  fputc                                     
00001dc1  fputs                                     
000021e1  free                                      
00002d6d  frexp                                     
00002d6d  frexpl                                    
00002dd1  fseek                                     
00003429  getdevice                                 
200005f8  i                                         
00000000  interruptVectors                          
00001ed5  ldexp                                     
00001ed5  ldexpl                                    
00003729  lseek                                     
00000e69  main                                      
000039c9  malloc                                    
00001fe5  memalign                                  
00003815  memccpy                                   
000037bd  memchr                                    
000025e7  memcpy                                    
000028b9  memset                                    
20000808  parmbuf                                   
00002ca1  printf                                    
00002719  putc                                      
000036ad  remove                                    
200005e8  result                                    
20000600  s1_on                                     
20000604  s2_on                                     
00001ed5  scalbn                                    
00001ed5  scalbnl                                   
000023a5  setvbuf                                   
200005f0  states1                                   
200005f4  states2                                   
000038c5  strchr                                    
000038ad  strcmp                                    
00003919  strcpy                                    
0000392d  strlen                                    
0000351d  strncpy                                   
000036ad  unlink                                    
00003ba4  upConfig_0                                
00003941  wcslen                                    
00003751  write                                     


GLOBAL SYMBOLS: SORTED BY Symbol Address 

address   name                                      
-------   ----                                      
00000000  __TI_static_base__                        
00000000  interruptVectors                          
000000e5  __TI_printfi                              
00000200  __STACK_SIZE                              
00000400  __SYSMEM_SIZE                             
00000b33  _nop                                      
00000b35  SystemCoreClockUpdate                     
00000dad  SystemInit                                
00000e69  main                                      
0000105b  TA0_0_IRQHandler                          
0000105b  TA0_0_IRQHandler                          
000015d1  __aeabi_dsub                              
000015db  __aeabi_dadd                              
00001787  __aeabi_idiv0                             
00001787  __aeabi_ldiv0                             
000018dd  CS_setDCOFrequency                        
00001b65  __aeabi_ddiv                              
00001dc1  fputs                                     
00001ed5  ldexp                                     
00001ed5  ldexpl                                    
00001ed5  scalbn                                    
00001ed5  scalbnl                                   
00001fe5  aligned_alloc                             
00001fe5  memalign                                  
000020e5  __aeabi_dmul                              
000021e1  free                                      
000022c5  CS_initClockSignal                        
000023a5  setvbuf                                   
000025e7  __aeabi_memcpy                            
000025e7  __aeabi_memcpy4                           
000025e7  __aeabi_memcpy8                           
000025e7  memcpy                                    
00002683  __aeabi_uldivmod                          
00002719  fputc                                     
00002719  putc                                      
000027a5  __aeabi_cdcmpeq                           
000027a5  __aeabi_cdcmple                           
0000282b  __aeabi_cdrcmple                          
000028b1  __aeabi_memclr                            
000028b1  __aeabi_memclr4                           
000028b1  __aeabi_memclr8                           
000028b3  __aeabi_memset                            
000028b3  __aeabi_memset4                           
000028b3  __aeabi_memset8                           
000028b9  memset                                    
0000292d  ADC14_configureMultiSequenceMode          
000029a5  __TI_closefile                            
00002af9  ADC14_configureConversionMemory           
00002b65  HOSTrename                                
00002bd1  HOSTlseek                                 
00002c39  __TI_decompress_lzss                      
00002ca1  printf                                    
00002d09  Interrupt_enableInterrupt                 
00002d6d  frexp                                     
00002d6d  frexpl                                    
00002dd1  fseek                                     
00002e35  __TI_wrt_ok                               
00002e99  HOSTopen                                  
00002ef9  close                                     
00002f55  HOSTread                                  
00002fad  HOSTwrite                                 
0000305d  CS_tuneDCOFrequency                       
000030b1  __TI_ltoa                                 
00003159  SysCtl_getTLVInfo                         
000031a9  __TI_doflush                              
000031f5  atoi                                      
00003241  GPIO_setAsPeripheralModuleFunctionInputPin
00003289  exit                                      
000032d1  __aeabi_d2iz                              
00003319  HOSTclose                                 
0000335d  HOSTunlink                                
000033a1  Timer_A_configureUpMode                   
000033e5  __TI_auto_init_nobinit_nopinit            
00003429  getdevice                                 
000034ad  ADC14_initModule                          
000034e5  __TI_writemsg                             
00003513  C$$IO$$                                   
0000351d  strncpy                                   
00003555  __TI_cleanup                              
00003589  __TI_readmsg                              
000035bd  _c_int00_noargs                           
000035f1  GPIO_setAsInputPinWithPullUpResistor      
00003621  finddevice                                
00003651  __aeabi_i2d                               
00003681  ADC14_enableConversion                    
000036ad  remove                                    
000036ad  unlink                                    
000036d9  ADC14_enableSampleTimer                   
00003729  lseek                                     
00003751  write                                     
00003779  CS_setDCOCenteredFrequency                
0000379d  ADC14_toggleConversionTrigger             
000037bd  memchr                                    
000037dd  __TI_zero_init_nomemset                   
00003815  memccpy                                   
00003831  Timer_A_clearCaptureCompareInterrupt      
0000384b  copysign                                  
0000384b  copysignl                                 
00003865  ADC14_getResult                           
0000387d  GPIO_getInputPinValue                     
00003895  WDT_A_holdTimer                           
000038ad  strcmp                                    
000038c5  strchr                                    
000038dd  ADC14_isBusy                              
000038f1  ADC14_setResolution                       
00003919  strcpy                                    
0000392d  strlen                                    
00003941  wcslen                                    
00003955  ADC14_enableModule                        
00003965  Interrupt_disableMaster                   
00003975  Interrupt_enableMaster                    
00003985  __TI_decompress_none                      
00003993  Reset_Handler                             
0000399f  ADC14_IRQHandler                          
0000399f  AES256_IRQHandler                         
0000399f  BusFault_Handler                          
0000399f  COMP_E0_IRQHandler                        
0000399f  COMP_E1_IRQHandler                        
0000399f  CS_IRQHandler                             
0000399f  DMA_ERR_IRQHandler                        
0000399f  DMA_INT0_IRQHandler                       
0000399f  DMA_INT1_IRQHandler                       
0000399f  DMA_INT2_IRQHandler                       
0000399f  DMA_INT3_IRQHandler                       
0000399f  DebugMon_Handler                          
0000399f  Default_Handler                           
0000399f  EUSCIA0_IRQHandler                        
0000399f  EUSCIA1_IRQHandler                        
0000399f  EUSCIA2_IRQHandler                        
0000399f  EUSCIA3_IRQHandler                        
0000399f  EUSCIB0_IRQHandler                        
0000399f  EUSCIB1_IRQHandler                        
0000399f  EUSCIB2_IRQHandler                        
0000399f  EUSCIB3_IRQHandler                        
0000399f  FLCTL_IRQHandler                          
0000399f  FPU_IRQHandler                            
0000399f  HardFault_Handler                         
0000399f  MemManage_Handler                         
0000399f  NMI_Handler                               
0000399f  PCM_IRQHandler                            
0000399f  PORT1_IRQHandler                          
0000399f  PORT2_IRQHandler                          
0000399f  PORT3_IRQHandler                          
0000399f  PORT4_IRQHandler                          
0000399f  PORT5_IRQHandler                          
0000399f  PORT6_IRQHandler                          
0000399f  PSS_IRQHandler                            
0000399f  PendSV_Handler                            
0000399f  RTC_C_IRQHandler                          
0000399f  SVC_Handler                               
0000399f  SysTick_Handler                           
0000399f  T32_INT1_IRQHandler                       
0000399f  T32_INT2_IRQHandler                       
0000399f  T32_INTC_IRQHandler                       
0000399f  TA0_N_IRQHandler                          
0000399f  TA1_0_IRQHandler                          
0000399f  TA1_N_IRQHandler                          
0000399f  TA2_0_IRQHandler                          
0000399f  TA2_N_IRQHandler                          
0000399f  TA3_0_IRQHandler                          
0000399f  TA3_N_IRQHandler                          
0000399f  UsageFault_Handler                        
0000399f  WDT_A_IRQHandler                          
000039a1  CPU_cpsid                                 
000039ad  CPU_cpsie                                 
000039b9  Timer_A_startCounter                      
000039c1  __aeabi_errno_addr                        
000039c9  malloc                                    
000039d9  _system_pre_init                          
000039dd  C$$EXIT                                   
000039dd  abort                                     
000039e0  _ctypes_                                  
00003ba4  upConfig_0                                
00003c54  __TI_Handler_Table_Base                   
00003c60  __TI_Handler_Table_Limit                  
00003c68  __TI_CINIT_Base                           
00003c78  __TI_CINIT_Limit                          
20000000  __start___llvm_prf_cnts                   
20000000  __stop___llvm_prf_cnts                    
20000000  _sys_memory                               
20000400  _ftable                                   
200004f0  _device                                   
20000568  _stream                                   
200005e8  result                                    
200005ec  PWM                                       
200005f0  states1                                   
200005f4  states2                                   
200005f8  i                                         
200005fc  dir                                       
20000600  s1_on                                     
20000604  s2_on                                     
20000608  ADC0                                      
2000060a  ADC1                                      
2000060c  ADC3                                      
2000060e  FSR1                                      
20000610  FSR2                                      
20000612  FSR_avg                                   
20000614  __TI_ft_end                               
20000618  __aeabi_stdin                             
2000061c  __aeabi_stdout                            
20000620  __aeabi_stderr                            
20000624  __TI_cleanup_ptr                          
20000628  __TI_dtors_ptr                            
2000062c  __TI_enable_exit_profile_output           
20000630  _lock                                     
20000634  _unlock                                   
20000640  errno                                     
20000644  SystemCoreClock                           
20000648  __CIOBUF_                                 
20000768  __TI_tmpnams                              
20000808  parmbuf                                   
2000fe00  __stack                                   
20010000  __STACK_END                               
4000480c  WDTCTL_SYM                                
ffffffff  __TI_pprof_out_hndl                       
ffffffff  __TI_prof_data_size                       
ffffffff  __TI_prof_data_start                      
ffffffff  __binit__                                 
ffffffff  __c_args__                                
ffffffff  binit                                     
UNDEFED   __mpu_init                                
UNDEFED   _system_post_cinit                        

[222 symbols]
