******************************************************************************
                  TI ARM Linker PC v20.2.7                     
******************************************************************************
>> Linked Mon Apr 24 11:37:11 2023

OUTPUT FILE NAME:   <Final_project.out>
ENTRY POINT SYMBOL: "_c_int00_noargs"  address: 000038b1


MEMORY CONFIGURATION

         name            origin    length      used     unused   attr    fill
----------------------  --------  ---------  --------  --------  ----  --------
  MAIN                  00000000   00040000  00003f78  0003c088  R  X
  INFO                  00200000   00004000  00000000  00004000  R  X
  SRAM_CODE             01000000   00010000  00000a3c  0000f5c4  RW X
  SRAM_DATA             20000000   00010000  00000a3c  0000f5c4  RW  


SEGMENT ALLOCATION MAP

run origin  load origin   length   init length attrs members
----------  ----------- ---------- ----------- ----- -------
00000000    00000000    00003f78   00003f78    r-x
  00000000    00000000    000000e4   000000e4    r-- .intvecs
  000000e4    000000e4    00003bf0   00003bf0    r-x .text
  00003cd4    00003cd4    000001dc   000001dc    r-- .const
  00003eb0    00003eb0    000000c8   000000c8    r-- .cinit
20000000    20000000    0000083c   00000000    rw-
  20000000    20000000    00000400   00000000    rw- .sysmem
  20000400    20000400    00000274   00000000    rw- .data
  20000674    20000674    000001c8   00000000    rw- .bss
2000fe00    2000fe00    00000200   00000000    rw-
  2000fe00    2000fe00    00000200   00000000    rw- .stack


SECTION ALLOCATION MAP

 output                                  attributes/
section   page    origin      length       input sections
--------  ----  ----------  ----------   ----------------
.intvecs   0    00000000    000000e4     
                  00000000    000000e4     startup_msp432p401r_ccs.obj (.intvecs:retain)

.text      0    000000e4    00003bf0     
                  000000e4    00000a4e     rtsv7M4_T_le_v4SPD16_eabi.lib : _printfi.c.obj (.text:__TI_printfi)
                  00000b32    00000002                                   : _lock.c.obj (.text:_nop)
                  00000b34    00000578     main.obj (.text)
                  000010ac    00000334     system_msp432p401r.obj (.text)
                  000013e0    00000270     rtsv7M4_T_le_v4SPD16_eabi.lib : _printfi.c.obj (.text:_pconv_a)
                  00001650    000001d0                                   : _printfi.c.obj (.text:_pconv_g)
                  00001820    000001b6                                   : fd_add_t2.asm.obj (.text)
                  000019d6    00000002                                   : div0.asm.obj (.text)
                  000019d8    00000154     msp432p4xx_driverlib.lib : adc14.o (.text:_getIndexForMemRegister)
                  00001b2c    0000014c                              : cs.o (.text:CS_setDCOFrequency)
                  00001c78    0000013c     rtsv7M4_T_le_v4SPD16_eabi.lib : _printfi.c.obj (.text:_pconv_e)
                  00001db4    00000136                                   : fd_div_t2.asm.obj (.text)
                  00001eea    00000002     --HOLE-- [fill = 0]
                  00001eec    00000124                                   : _printfi.c.obj (.text:fcvt)
                  00002010    00000114                                   : fputs.c.obj (.text:fputs)
                  00002124    00000110                                   : s_scalbn.c.obj (.text:scalbn)
                  00002234    00000100                                   : memory.c.obj (.text:aligned_alloc)
                  00002334    000000fc                                   : fd_mul_t2.asm.obj (.text)
                  00002430    000000e4                                   : memory.c.obj (.text:free)
                  00002514    000000e0     msp432p4xx_driverlib.lib : cs.o (.text:CS_initClockSignal)
                  000025f4    000000dc     rtsv7M4_T_le_v4SPD16_eabi.lib : setvbuf.c.obj (.text:setvbuf)
                  000026d0    000000b2     msp432p4xx_driverlib.lib : timer_a.o (.text:privateTimer_AProcessClockSourceDivider)
                  00002782    00000002     --HOLE-- [fill = 0]
                  00002784    000000b1     rtsv7M4_T_le_v4SPD16_eabi.lib : _printfi.c.obj (.text:_ltostr)
                  00002835    00000001     --HOLE-- [fill = 0]
                  00002836    0000009c                                   : memcpy_t2.asm.obj (.text)
                  000028d2    00000096                                   : ull_div_t2.asm.obj (.text)
                  00002968    0000008c                                   : fputc.c.obj (.text:fputc)
                  000029f4    00000086                                   : fd_cmp_t2.asm.obj (.text:__aeabi_cdcmple)
                  00002a7a    00000086                                   : fd_cmp_t2.asm.obj (.text:__aeabi_cdrcmple)
                  00002b00    0000007a                                   : memset_t2.asm.obj (.text)
                  00002b7a    00000002     --HOLE-- [fill = 0]
                  00002b7c    00000078     msp432p4xx_driverlib.lib : adc14.o (.text:ADC14_configureMultiSequenceMode)
                  00002bf4    00000074     rtsv7M4_T_le_v4SPD16_eabi.lib : fclose.c.obj (.text:__TI_closefile)
                  00002c68    00000070                                   : memory.c.obj (.text:split)
                  00002cd8    0000006e                                   : _printfi.c.obj (.text:_mcpy)
                  00002d46    0000006e                                   : fd_tos_t2.asm.obj (.text)
                  00002db4    0000006c     msp432p4xx_driverlib.lib : adc14.o (.text:ADC14_configureConversionMemory)
                  00002e20    0000006c     rtsv7M4_T_le_v4SPD16_eabi.lib : hostrename.c.obj (.text:HOSTrename)
                  00002e8c    00000068                                   : hostlseek.c.obj (.text:HOSTlseek)
                  00002ef4    00000068                                   : copy_decompress_lzss.c.obj (.text:decompress:lzss:__TI_decompress_lzss)
                  00002f5c    00000068                                   : printf.c.obj (.text:printf)
                  00002fc4    00000064     msp432p4xx_driverlib.lib : interrupt.o (.text:Interrupt_enableInterrupt)
                  00003028    00000064     rtsv7M4_T_le_v4SPD16_eabi.lib : s_frexp.c.obj (.text:frexp)
                  0000308c    00000064                                   : fseek.c.obj (.text:fseek)
                  000030f0    00000062                                   : _io_perm.c.obj (.text:__TI_wrt_ok)
                  00003152    00000002     --HOLE-- [fill = 0]
                  00003154    00000060                                   : hostopen.c.obj (.text:HOSTopen)
                  000031b4    0000005c                                   : close.c.obj (.text:close)
                  00003210    00000058                                   : hostread.c.obj (.text:HOSTread)
                  00003268    00000058                                   : hostwrite.c.obj (.text:HOSTwrite)
                  000032c0    00000056                                   : _printfi.c.obj (.text:_pconv_f)
                  00003316    00000002     --HOLE-- [fill = 0]
                  00003318    00000054     msp432p4xx_driverlib.lib : cs.o (.text:CS_tuneDCOFrequency)
                  0000336c    00000054     rtsv7M4_T_le_v4SPD16_eabi.lib : _ltoa.c.obj (.text:__TI_ltoa)
                  000033c0    00000052                                   : _printfi.c.obj (.text:_ecpy)
                  00003412    00000002     --HOLE-- [fill = 0]
                  00003414    00000050     msp432p4xx_driverlib.lib : sysctl.o (.text:SysCtl_getTLVInfo)
                  00003464    0000004c     rtsv7M4_T_le_v4SPD16_eabi.lib : fflush.c.obj (.text:__TI_doflush)
                  000034b0    0000004c                                   : atoi.c.obj (.text:atoi)
                  000034fc    00000048     msp432p4xx_driverlib.lib : gpio.o (.text:GPIO_setAsPeripheralModuleFunctionInputPin)
                  00003544    00000048     rtsv7M4_T_le_v4SPD16_eabi.lib : exit.c.obj (.text:exit)
                  0000358c    00000048                                   : fd_toi_t2.asm.obj (.text)
                  000035d4    00000044                                   : hostclose.c.obj (.text:HOSTclose)
                  00003618    00000044                                   : hostunlink.c.obj (.text:HOSTunlink)
                  0000365c    00000044     msp432p4xx_driverlib.lib : timer_a.o (.text:Timer_A_configureUpMode)
                  000036a0    00000044     rtsv7M4_T_le_v4SPD16_eabi.lib : autoinit.c.obj (.text:__TI_auto_init_nobinit_nopinit:__TI_auto_init_nobinit_nopinit)
                  000036e4    00000044                                   : getdevice.c.obj (.text:getdevice)
                  00003728    0000003e                                   : _printfi.c.obj (.text:_fcpy)
                  00003766    00000002     --HOLE-- [fill = 0]
                  00003768    00000038     msp432p4xx_driverlib.lib : adc14.o (.text:ADC14_initModule)
                  000037a0    00000038     rtsv7M4_T_le_v4SPD16_eabi.lib : trgmsg.c.obj (.text:__TI_writemsg)
                  000037d8    00000038                                   : fs_tod_t2.asm.obj (.text)
                  00003810    00000036                                   : strncpy.c.obj (.text:strncpy)
                  00003846    00000002     --HOLE-- [fill = 0]
                  00003848    00000034                                   : fopen.c.obj (.text:__TI_cleanup)
                  0000387c    00000034                                   : trgmsg.c.obj (.text:__TI_readmsg)
                  000038b0    00000034                                   : boot_cortex_m.c.obj (.text:_c_int00_noargs:_c_int00_noargs)
                  000038e4    00000030                                   : getdevice.c.obj (.text:finddevice)
                  00003914    0000002e                                   : i_tofd_t2.asm.obj (.text)
                  00003942    00000002     --HOLE-- [fill = 0]
                  00003944    0000002c     msp432p4xx_driverlib.lib : adc14.o (.text:ADC14_enableConversion)
                  00003970    0000002c                              : gpio.o (.text:GPIO_setAsInputPin)
                  0000399c    0000002c     rtsv7M4_T_le_v4SPD16_eabi.lib : unlink.c.obj (.text:unlink)
                  000039c8    00000028     msp432p4xx_driverlib.lib : adc14.o (.text:ADC14_enableSampleTimer)
                  000039f0    00000028     rtsv7M4_T_le_v4SPD16_eabi.lib : memory.c.obj (.text:free_list_insert)
                  00003a18    00000028                                   : lseek.c.obj (.text:lseek)
                  00003a40    00000028                                   : write.c.obj (.text:write)
                  00003a68    00000024     msp432p4xx_driverlib.lib : cs.o (.text:CS_setDCOCenteredFrequency)
                  00003a8c    00000020                              : adc14.o (.text:ADC14_toggleConversionTrigger)
                  00003aac    00000020     rtsv7M4_T_le_v4SPD16_eabi.lib : memchr.c.obj (.text:memchr)
                  00003acc    00000020                                   : u_tofd_t2.asm.obj (.text)
                  00003aec    0000001c                                   : copy_zero_init.c.obj (.text:decompress:ZI:__TI_zero_init_nomemset:__TI_zero_init_nomemset)
                  00003b08    0000001c                                   : memory.c.obj (.text:free_list_remove)
                  00003b24    0000001c                                   : memccpy.c.obj (.text:memccpy)
                  00003b40    0000001a     msp432p4xx_driverlib.lib : timer_a.o (.text:Timer_A_clearCaptureCompareInterrupt)
                  00003b5a    0000001a     rtsv7M4_T_le_v4SPD16_eabi.lib : s_copysign.c.obj (.text:copysign)
                  00003b74    00000018     msp432p4xx_driverlib.lib : adc14.o (.text:ADC14_getResult)
                  00003b8c    00000018                              : gpio.o (.text:GPIO_getInputPinValue)
                  00003ba4    00000018                              : wdt_a.o (.text:WDT_A_holdTimer)
                  00003bbc    00000018     rtsv7M4_T_le_v4SPD16_eabi.lib : strcmp.c.obj (.text:strcmp)
                  00003bd4    00000016                                   : strchr.c.obj (.text:strchr)
                  00003bea    00000002     --HOLE-- [fill = 0]
                  00003bec    00000014     msp432p4xx_driverlib.lib : adc14.o (.text:ADC14_isBusy)
                  00003c00    00000014                              : adc14.o (.text:ADC14_setResolution)
                  00003c14    00000014                              : adc14.o (.text:ADCIsConversionRunning)
                  00003c28    00000014     rtsv7M4_T_le_v4SPD16_eabi.lib : strcpy.c.obj (.text:strcpy)
                  00003c3c    00000014                                   : strlen.c.obj (.text:strlen)
                  00003c50    00000012                                   : wcslen.c.obj (.text:wcslen)
                  00003c62    00000002     --HOLE-- [fill = 0]
                  00003c64    00000010     msp432p4xx_driverlib.lib : adc14.o (.text:ADC14_enableModule)
                  00003c74    00000010                              : interrupt.o (.text:Interrupt_enableMaster)
                  00003c84    0000000e     rtsv7M4_T_le_v4SPD16_eabi.lib : copy_decompress_none.c.obj (.text:decompress:none:__TI_decompress_none)
                  00003c92    0000000e     startup_msp432p401r_ccs.obj (.text)
                  00003ca0    0000000c     msp432p4xx_driverlib.lib : cpu.o (.text:CPU_cpsie)
                  00003cac    00000008                              : timer_a.o (.text:Timer_A_startCounter)
                  00003cb4    00000008     rtsv7M4_T_le_v4SPD16_eabi.lib : errno.c.obj (.text:__aeabi_errno_addr)
                  00003cbc    00000008                                   : memory.c.obj (.text:malloc)
                  00003cc4    00000004                                   : printf.c.obj (.text:_outc)
                  00003cc8    00000004                                   : printf.c.obj (.text:_outs)
                  00003ccc    00000004                                   : pre_init.c.obj (.text:_system_pre_init)
                  00003cd0    00000004                                   : exit.c.obj (.text:abort:abort)

.const     0    00003cd4    000001dc     
                  00003cd4    00000101     rtsv7M4_T_le_v4SPD16_eabi.lib : ctype.c.obj (.const:.string:_ctypes_)
                  00003dd5    00000003     --HOLE-- [fill = 0]
                  00003dd8    00000080     msp432p4xx_driverlib.lib : adc14.o (.const:_ctlRegs)
                  00003e58    00000040                              : interrupt.o (.const)
                  00003e98    00000018     main.obj (.const:upConfig_0)

.cinit     0    00003eb0    000000c8     
                  00003eb0    000000a2     (.cinit..data.load) [load image, compression = lzss]
                  00003f52    00000002     --HOLE-- [fill = 0]
                  00003f54    0000000c     (__TI_handler_table)
                  00003f60    00000008     (.cinit..bss.load) [load image, compression = zero_init]
                  00003f68    00000010     (__TI_cinit_table)

.init_array 
*          0    00000000    00000000     UNINITIALIZED

.binit     0    00000000    00000000     

.sysmem    0    20000000    00000400     UNINITIALIZED
                  20000000    00000010     rtsv7M4_T_le_v4SPD16_eabi.lib : memory.c.obj (.sysmem)
                  20000010    000003f0     --HOLE--

.data      0    20000400    00000274     UNINITIALIZED
                  20000400    000000f0     rtsv7M4_T_le_v4SPD16_eabi.lib : defs.c.obj (.data:_ftable)
                  200004f0    00000078                                   : host_device.c.obj (.data:_device)
                  20000568    00000058     main.obj (.data)
                  200005c0    00000050     rtsv7M4_T_le_v4SPD16_eabi.lib : host_device.c.obj (.data:_stream)
                  20000610    00000030     msp432p4xx_driverlib.lib : gpio.o (.data:GPIO_PORT_TO_BASE)
                  20000640    00000010     rtsv7M4_T_le_v4SPD16_eabi.lib : defs.c.obj (.data)
                  20000650    0000000c                                   : exit.c.obj (.data:$O1$$)
                  2000065c    00000008                                   : _lock.c.obj (.data:$O1$$)
                  20000664    00000008                                   : memory.c.obj (.data:$O1$$)
                  2000066c    00000004                                   : errno.c.obj (.data)
                  20000670    00000004     system_msp432p401r.obj (.data)

.bss       0    20000674    000001c8     UNINITIALIZED
                  20000674    00000120     rtsv7M4_T_le_v4SPD16_eabi.lib : trgmsg.c.obj (.bss:_CIOBUF_)
                  20000794    000000a0     (.common:__TI_tmpnams)
                  20000834    00000008     (.common:parmbuf)

.stack     0    2000fe00    00000200     UNINITIALIZED
                  2000fe00    00000004     rtsv7M4_T_le_v4SPD16_eabi.lib : boot_cortex_m.c.obj (.stack)
                  2000fe04    000001fc     --HOLE--

__llvm_prf_cnts 
*          0    20000000    00000000     UNINITIALIZED

MODULE SUMMARY

       Module                        code    ro data   rw data
       ------                        ----    -------   -------
    .\
       main.obj                      1400    24        176    
       system_msp432p401r.obj        820     0         8      
       startup_msp432p401r_ccs.obj   14      228       0      
    +--+-----------------------------+-------+---------+---------+
       Total:                        2234    252       184    
                                                              
    C:/ti/msp432_driverlib_3_21_00_05/driverlib/MSP432P4xx/ccs/msp432p4xx_driverlib.lib
       adc14.o                       840     128       0      
       cs.o                          676     0         0      
       timer_a.o                     280     0         0      
       gpio.o                        140     0         96     
       interrupt.o                   116     64        0      
       sysctl.o                      80      0         0      
       wdt_a.o                       24      0         0      
       cpu.o                         12      0         0      
    +--+-----------------------------+-------+---------+---------+
       Total:                        2168    192       96     
                                                              
    C:\ti\ccs1220\ccs\tools\compiler\ti-cgt-arm_20.2.7.LTS\lib\rtsv7M4_T_le_v4SPD16_eabi.lib
       _printfi.c.obj                4851    0         0      
       defs.c.obj                    0       0         832    
       memory.c.obj                  672     0         16     
       trgmsg.c.obj                  108     0         576    
       fd_add_t2.asm.obj             438     0         0      
       host_device.c.obj             0       0         400    
       fd_div_t2.asm.obj             310     0         0      
       fputs.c.obj                   276     0         0      
       s_scalbn.c.obj                272     0         0      
       fd_cmp_t2.asm.obj             268     0         0      
       ctype.c.obj                   0       257       0      
       fd_mul_t2.asm.obj             252     0         0      
       setvbuf.c.obj                 220     0         0      
       memcpy_t2.asm.obj             156     0         0      
       ull_div_t2.asm.obj            150     0         0      
       fputc.c.obj                   140     0         0      
       memset_t2.asm.obj             122     0         0      
       fclose.c.obj                  116     0         0      
       getdevice.c.obj               116     0         0      
       hostopen.c.obj                96      0         16     
       printf.c.obj                  112     0         0      
       fd_tos_t2.asm.obj             110     0         0      
       hostrename.c.obj              108     0         0      
       copy_decompress_lzss.c.obj    104     0         0      
       hostlseek.c.obj               104     0         0      
       exit.c.obj                    76      0         24     
       fseek.c.obj                   100     0         0      
       s_frexp.c.obj                 100     0         0      
       _io_perm.c.obj                98      0         0      
       close.c.obj                   92      0         0      
       hostread.c.obj                88      0         0      
       hostwrite.c.obj               88      0         0      
       _ltoa.c.obj                   84      0         0      
       atoi.c.obj                    76      0         0      
       fflush.c.obj                  76      0         0      
       fd_toi_t2.asm.obj             72      0         0      
       autoinit.c.obj                68      0         0      
       hostclose.c.obj               68      0         0      
       hostunlink.c.obj              68      0         0      
       fs_tod_t2.asm.obj             56      0         0      
       strncpy.c.obj                 54      0         0      
       boot_cortex_m.c.obj           52      0         0      
       fopen.c.obj                   52      0         0      
       i_tofd_t2.asm.obj             46      0         0      
       unlink.c.obj                  44      0         0      
       lseek.c.obj                   40      0         0      
       write.c.obj                   40      0         0      
       memchr.c.obj                  32      0         0      
       u_tofd_t2.asm.obj             32      0         0      
       copy_zero_init.c.obj          28      0         0      
       memccpy.c.obj                 28      0         0      
       s_copysign.c.obj              26      0         0      
       strcmp.c.obj                  24      0         0      
       strchr.c.obj                  22      0         0      
       strcpy.c.obj                  20      0         0      
       strlen.c.obj                  20      0         0      
       _lock.c.obj                   2       0         16     
       wcslen.c.obj                  18      0         0      
       errno.c.obj                   8       0         8      
       copy_decompress_none.c.obj    14      0         0      
       pre_init.c.obj                4       0         0      
       div0.asm.obj                  2       0         0      
    +--+-----------------------------+-------+---------+---------+
       Total:                        10919   257       1888   
                                                              
       Heap:                         0       0         2048   
       Stack:                        0       0         1024   
       Linker Generated:             0       198       0      
    +--+-----------------------------+-------+---------+---------+
       Grand Total:                  15321   899       5240   


LINKER GENERATED COPY TABLES

__TI_cinit_table @ 00003f68 records: 2, size/record: 8, table size: 16
	.data: load addr=00003eb0, load size=000000a2 bytes, run addr=20000400, run size=00000274 bytes, compression=lzss
	.bss: load addr=00003f60, load size=00000008 bytes, run addr=20000674, run size=000001c8 bytes, compression=zero_init


LINKER GENERATED HANDLER TABLE

__TI_handler_table @ 00003f54 records: 3, size/record: 4, table size: 12
	index: 0, handler: __TI_decompress_lzss
	index: 1, handler: __TI_decompress_none
	index: 2, handler: __TI_zero_init


GLOBAL SYMBOLS: SORTED ALPHABETICALLY BY Name 

address   name                                      
-------   ----                                      
20000578  ADC1                                      
00003c9f  ADC14_IRQHandler                          
00002db5  ADC14_configureConversionMemory           
00002b7d  ADC14_configureMultiSequenceMode          
00003945  ADC14_enableConversion                    
00003c65  ADC14_enableModule                        
000039c9  ADC14_enableSampleTimer                   
00003b75  ADC14_getResult                           
00003769  ADC14_initModule                          
00003bed  ADC14_isBusy                              
00003c01  ADC14_setResolution                       
00003a8d  ADC14_toggleConversionTrigger             
20000570  ADC1result                                
2000057c  ADC2                                      
20000572  ADC2result                                
20000580  ADC_avg                                   
00003c9f  AES256_IRQHandler                         
00003c9f  BusFault_Handler                          
00003cd1  C$$EXIT                                   
000037cf  C$$IO$$                                   
00003c9f  COMP_E0_IRQHandler                        
00003c9f  COMP_E1_IRQHandler                        
00003ca1  CPU_cpsie                                 
00003c9f  CS_IRQHandler                             
00002515  CS_initClockSignal                        
00003a69  CS_setDCOCenteredFrequency                
00001b2d  CS_setDCOFrequency                        
00003319  CS_tuneDCOFrequency                       
00003c9f  DMA_ERR_IRQHandler                        
00003c9f  DMA_INT0_IRQHandler                       
00003c9f  DMA_INT1_IRQHandler                       
00003c9f  DMA_INT2_IRQHandler                       
00003c9f  DMA_INT3_IRQHandler                       
00003c9f  DebugMon_Handler                          
00003c9f  Default_Handler                           
00003c9f  EUSCIA0_IRQHandler                        
00003c9f  EUSCIA1_IRQHandler                        
00003c9f  EUSCIA2_IRQHandler                        
00003c9f  EUSCIA3_IRQHandler                        
00003c9f  EUSCIB0_IRQHandler                        
00003c9f  EUSCIB1_IRQHandler                        
00003c9f  EUSCIB2_IRQHandler                        
00003c9f  EUSCIB3_IRQHandler                        
00003c9f  FLCTL_IRQHandler                          
00003c9f  FPU_IRQHandler                            
20000584  FSR                                       
00003b8d  GPIO_getInputPinValue                     
00003971  GPIO_setAsInputPin                        
000034fd  GPIO_setAsPeripheralModuleFunctionInputPin
000035d5  HOSTclose                                 
00002e8d  HOSTlseek                                 
00003155  HOSTopen                                  
00003211  HOSTread                                  
00002e21  HOSTrename                                
00003619  HOSTunlink                                
00003269  HOSTwrite                                 
00003c9f  HardFault_Handler                         
00002fc5  Interrupt_enableInterrupt                 
00003c75  Interrupt_enableMaster                    
00003c9f  MemManage_Handler                         
00003c9f  NMI_Handler                               
00003c9f  PCM_IRQHandler                            
00003c9f  PORT1_IRQHandler                          
00003c9f  PORT2_IRQHandler                          
00003c9f  PORT3_IRQHandler                          
00003c9f  PORT4_IRQHandler                          
00003c9f  PORT5_IRQHandler                          
00003c9f  PORT6_IRQHandler                          
00003c9f  PSS_IRQHandler                            
20000588  PWM                                       
00003c9f  PendSV_Handler                            
00003c9f  RTC_C_IRQHandler                          
00003c93  Reset_Handler                             
20000568  SMCLK_divider                             
00003c9f  SVC_Handler                               
00003415  SysCtl_getTLVInfo                         
00003c9f  SysTick_Handler                           
20000670  SystemCoreClock                           
000010ad  SystemCoreClockUpdate                     
00001325  SystemInit                                
00003c9f  T32_INT1_IRQHandler                       
00003c9f  T32_INT2_IRQHandler                       
00003c9f  T32_INTC_IRQHandler                       
00000ec1  TA0_0_IRQHandler                          
00000ec1  TA0_0_IRQHandler                          
00003c9f  TA0_N_IRQHandler                          
00003c9f  TA1_0_IRQHandler                          
00003c9f  TA1_N_IRQHandler                          
00003c9f  TA2_0_IRQHandler                          
00003c9f  TA2_N_IRQHandler                          
00003c9f  TA3_0_IRQHandler                          
00003c9f  TA3_N_IRQHandler                          
00003b41  Timer_A_clearCaptureCompareInterrupt      
0000365d  Timer_A_configureUpMode                   
00003cad  Timer_A_startCounter                      
00003c9f  UsageFault_Handler                        
4000480c  WDTCTL_SYM                                
00003c9f  WDT_A_IRQHandler                          
00003ba5  WDT_A_holdTimer                           
20000674  __CIOBUF_                                 
20010000  __STACK_END                               
00000200  __STACK_SIZE                              
00000400  __SYSMEM_SIZE                             
00003f68  __TI_CINIT_Base                           
00003f78  __TI_CINIT_Limit                          
00003f54  __TI_Handler_Table_Base                   
00003f60  __TI_Handler_Table_Limit                  
000036a1  __TI_auto_init_nobinit_nopinit            
00003849  __TI_cleanup                              
20000650  __TI_cleanup_ptr                          
00002bf5  __TI_closefile                            
00002ef5  __TI_decompress_lzss                      
00003c85  __TI_decompress_none                      
00003465  __TI_doflush                              
20000654  __TI_dtors_ptr                            
20000658  __TI_enable_exit_profile_output           
20000640  __TI_ft_end                               
0000336d  __TI_ltoa                                 
ffffffff  __TI_pprof_out_hndl                       
000000e5  __TI_printfi                              
ffffffff  __TI_prof_data_size                       
ffffffff  __TI_prof_data_start                      
0000387d  __TI_readmsg                              
00000000  __TI_static_base__                        
20000794  __TI_tmpnams                              
000037a1  __TI_writemsg                             
000030f1  __TI_wrt_ok                               
00003aed  __TI_zero_init_nomemset                   
000029f5  __aeabi_cdcmpeq                           
000029f5  __aeabi_cdcmple                           
00002a7b  __aeabi_cdrcmple                          
00002d47  __aeabi_d2f                               
0000358d  __aeabi_d2iz                              
0000182b  __aeabi_dadd                              
00001db5  __aeabi_ddiv                              
00002335  __aeabi_dmul                              
00001821  __aeabi_dsub                              
00003cb5  __aeabi_errno_addr                        
000037d9  __aeabi_f2d                               
00003915  __aeabi_i2d                               
000019d7  __aeabi_idiv0                             
000019d7  __aeabi_ldiv0                             
00002b01  __aeabi_memclr                            
00002b01  __aeabi_memclr4                           
00002b01  __aeabi_memclr8                           
00002837  __aeabi_memcpy                            
00002837  __aeabi_memcpy4                           
00002837  __aeabi_memcpy8                           
00002b03  __aeabi_memset                            
00002b03  __aeabi_memset4                           
00002b03  __aeabi_memset8                           
2000064c  __aeabi_stderr                            
20000644  __aeabi_stdin                             
20000648  __aeabi_stdout                            
00003acd  __aeabi_ui2d                              
000028d3  __aeabi_uldivmod                          
ffffffff  __binit__                                 
ffffffff  __c_args__                                
UNDEFED   __mpu_init                                
2000fe00  __stack                                   
20000000  __start___llvm_prf_cnts                   
20000000  __stop___llvm_prf_cnts                    
000038b1  _c_int00_noargs                           
00003cd4  _ctypes_                                  
200004f0  _device                                   
20000400  _ftable                                   
2000065c  _lock                                     
00000b33  _nop                                      
200005c0  _stream                                   
20000000  _sys_memory                               
UNDEFED   _system_post_cinit                        
00003ccd  _system_pre_init                          
20000660  _unlock                                   
00003cd1  abort                                     
00002235  aligned_alloc                             
000034b1  atoi                                      
ffffffff  binit                                     
2000056c  bit1                                      
2000056e  bit2                                      
000031b5  close                                     
200005bc  control                                   
00003b5b  copysign                                  
00003b5b  copysignl                                 
2000058c  count                                     
200005a0  des_volt                                  
2000059c  dir                                       
200005a4  dt                                        
2000066c  errno                                     
00003545  exit                                      
000038e5  finddevice                                
20000590  force_avg                                 
00002969  fputc                                     
00002011  fputs                                     
00002431  free                                      
00003029  frexp                                     
00003029  frexpl                                    
0000308d  fseek                                     
00000f15  getPID                                    
000036e5  getdevice                                 
00000000  interruptVectors                          
200005b8  kd                                        
200005b4  ki                                        
200005b0  kp                                        
00002125  ldexp                                     
00002125  ldexpl                                    
00003a19  lseek                                     
00000b35  main                                      
00003cbd  malloc                                    
00002235  memalign                                  
00003b25  memccpy                                   
00003aad  memchr                                    
00002837  memcpy                                    
00002b09  memset                                    
20000834  parmbuf                                   
20000574  phasecount                                
200005ac  pidOutput                                 
20000598  prev_conterr                              
200005a8  prev_error                                
00002f5d  printf                                    
00002969  putc                                      
0000399d  remove                                    
00002125  scalbn                                    
00002125  scalbnl                                   
000025f5  setvbuf                                   
20000594  state                                     
00003bd5  strchr                                    
00003bbd  strcmp                                    
00003c29  strcpy                                    
00003c3d  strlen                                    
00003811  strncpy                                   
0000399d  unlink                                    
00003e98  upConfig_0                                
00003c51  wcslen                                    
00003a41  write                                     


GLOBAL SYMBOLS: SORTED BY Symbol Address 

address   name                                      
-------   ----                                      
00000000  __TI_static_base__                        
00000000  interruptVectors                          
000000e5  __TI_printfi                              
00000200  __STACK_SIZE                              
00000400  __SYSMEM_SIZE                             
00000b33  _nop                                      
00000b35  main                                      
00000ec1  TA0_0_IRQHandler                          
00000ec1  TA0_0_IRQHandler                          
00000f15  getPID                                    
000010ad  SystemCoreClockUpdate                     
00001325  SystemInit                                
00001821  __aeabi_dsub                              
0000182b  __aeabi_dadd                              
000019d7  __aeabi_idiv0                             
000019d7  __aeabi_ldiv0                             
00001b2d  CS_setDCOFrequency                        
00001db5  __aeabi_ddiv                              
00002011  fputs                                     
00002125  ldexp                                     
00002125  ldexpl                                    
00002125  scalbn                                    
00002125  scalbnl                                   
00002235  aligned_alloc                             
00002235  memalign                                  
00002335  __aeabi_dmul                              
00002431  free                                      
00002515  CS_initClockSignal                        
000025f5  setvbuf                                   
00002837  __aeabi_memcpy                            
00002837  __aeabi_memcpy4                           
00002837  __aeabi_memcpy8                           
00002837  memcpy                                    
000028d3  __aeabi_uldivmod                          
00002969  fputc                                     
00002969  putc                                      
000029f5  __aeabi_cdcmpeq                           
000029f5  __aeabi_cdcmple                           
00002a7b  __aeabi_cdrcmple                          
00002b01  __aeabi_memclr                            
00002b01  __aeabi_memclr4                           
00002b01  __aeabi_memclr8                           
00002b03  __aeabi_memset                            
00002b03  __aeabi_memset4                           
00002b03  __aeabi_memset8                           
00002b09  memset                                    
00002b7d  ADC14_configureMultiSequenceMode          
00002bf5  __TI_closefile                            
00002d47  __aeabi_d2f                               
00002db5  ADC14_configureConversionMemory           
00002e21  HOSTrename                                
00002e8d  HOSTlseek                                 
00002ef5  __TI_decompress_lzss                      
00002f5d  printf                                    
00002fc5  Interrupt_enableInterrupt                 
00003029  frexp                                     
00003029  frexpl                                    
0000308d  fseek                                     
000030f1  __TI_wrt_ok                               
00003155  HOSTopen                                  
000031b5  close                                     
00003211  HOSTread                                  
00003269  HOSTwrite                                 
00003319  CS_tuneDCOFrequency                       
0000336d  __TI_ltoa                                 
00003415  SysCtl_getTLVInfo                         
00003465  __TI_doflush                              
000034b1  atoi                                      
000034fd  GPIO_setAsPeripheralModuleFunctionInputPin
00003545  exit                                      
0000358d  __aeabi_d2iz                              
000035d5  HOSTclose                                 
00003619  HOSTunlink                                
0000365d  Timer_A_configureUpMode                   
000036a1  __TI_auto_init_nobinit_nopinit            
000036e5  getdevice                                 
00003769  ADC14_initModule                          
000037a1  __TI_writemsg                             
000037cf  C$$IO$$                                   
000037d9  __aeabi_f2d                               
00003811  strncpy                                   
00003849  __TI_cleanup                              
0000387d  __TI_readmsg                              
000038b1  _c_int00_noargs                           
000038e5  finddevice                                
00003915  __aeabi_i2d                               
00003945  ADC14_enableConversion                    
00003971  GPIO_setAsInputPin                        
0000399d  remove                                    
0000399d  unlink                                    
000039c9  ADC14_enableSampleTimer                   
00003a19  lseek                                     
00003a41  write                                     
00003a69  CS_setDCOCenteredFrequency                
00003a8d  ADC14_toggleConversionTrigger             
00003aad  memchr                                    
00003acd  __aeabi_ui2d                              
00003aed  __TI_zero_init_nomemset                   
00003b25  memccpy                                   
00003b41  Timer_A_clearCaptureCompareInterrupt      
00003b5b  copysign                                  
00003b5b  copysignl                                 
00003b75  ADC14_getResult                           
00003b8d  GPIO_getInputPinValue                     
00003ba5  WDT_A_holdTimer                           
00003bbd  strcmp                                    
00003bd5  strchr                                    
00003bed  ADC14_isBusy                              
00003c01  ADC14_setResolution                       
00003c29  strcpy                                    
00003c3d  strlen                                    
00003c51  wcslen                                    
00003c65  ADC14_enableModule                        
00003c75  Interrupt_enableMaster                    
00003c85  __TI_decompress_none                      
00003c93  Reset_Handler                             
00003c9f  ADC14_IRQHandler                          
00003c9f  AES256_IRQHandler                         
00003c9f  BusFault_Handler                          
00003c9f  COMP_E0_IRQHandler                        
00003c9f  COMP_E1_IRQHandler                        
00003c9f  CS_IRQHandler                             
00003c9f  DMA_ERR_IRQHandler                        
00003c9f  DMA_INT0_IRQHandler                       
00003c9f  DMA_INT1_IRQHandler                       
00003c9f  DMA_INT2_IRQHandler                       
00003c9f  DMA_INT3_IRQHandler                       
00003c9f  DebugMon_Handler                          
00003c9f  Default_Handler                           
00003c9f  EUSCIA0_IRQHandler                        
00003c9f  EUSCIA1_IRQHandler                        
00003c9f  EUSCIA2_IRQHandler                        
00003c9f  EUSCIA3_IRQHandler                        
00003c9f  EUSCIB0_IRQHandler                        
00003c9f  EUSCIB1_IRQHandler                        
00003c9f  EUSCIB2_IRQHandler                        
00003c9f  EUSCIB3_IRQHandler                        
00003c9f  FLCTL_IRQHandler                          
00003c9f  FPU_IRQHandler                            
00003c9f  HardFault_Handler                         
00003c9f  MemManage_Handler                         
00003c9f  NMI_Handler                               
00003c9f  PCM_IRQHandler                            
00003c9f  PORT1_IRQHandler                          
00003c9f  PORT2_IRQHandler                          
00003c9f  PORT3_IRQHandler                          
00003c9f  PORT4_IRQHandler                          
00003c9f  PORT5_IRQHandler                          
00003c9f  PORT6_IRQHandler                          
00003c9f  PSS_IRQHandler                            
00003c9f  PendSV_Handler                            
00003c9f  RTC_C_IRQHandler                          
00003c9f  SVC_Handler                               
00003c9f  SysTick_Handler                           
00003c9f  T32_INT1_IRQHandler                       
00003c9f  T32_INT2_IRQHandler                       
00003c9f  T32_INTC_IRQHandler                       
00003c9f  TA0_N_IRQHandler                          
00003c9f  TA1_0_IRQHandler                          
00003c9f  TA1_N_IRQHandler                          
00003c9f  TA2_0_IRQHandler                          
00003c9f  TA2_N_IRQHandler                          
00003c9f  TA3_0_IRQHandler                          
00003c9f  TA3_N_IRQHandler                          
00003c9f  UsageFault_Handler                        
00003c9f  WDT_A_IRQHandler                          
00003ca1  CPU_cpsie                                 
00003cad  Timer_A_startCounter                      
00003cb5  __aeabi_errno_addr                        
00003cbd  malloc                                    
00003ccd  _system_pre_init                          
00003cd1  C$$EXIT                                   
00003cd1  abort                                     
00003cd4  _ctypes_                                  
00003e98  upConfig_0                                
00003f54  __TI_Handler_Table_Base                   
00003f60  __TI_Handler_Table_Limit                  
00003f68  __TI_CINIT_Base                           
00003f78  __TI_CINIT_Limit                          
20000000  __start___llvm_prf_cnts                   
20000000  __stop___llvm_prf_cnts                    
20000000  _sys_memory                               
20000400  _ftable                                   
200004f0  _device                                   
20000568  SMCLK_divider                             
2000056c  bit1                                      
2000056e  bit2                                      
20000570  ADC1result                                
20000572  ADC2result                                
20000574  phasecount                                
20000578  ADC1                                      
2000057c  ADC2                                      
20000580  ADC_avg                                   
20000584  FSR                                       
20000588  PWM                                       
2000058c  count                                     
20000590  force_avg                                 
20000594  state                                     
20000598  prev_conterr                              
2000059c  dir                                       
200005a0  des_volt                                  
200005a4  dt                                        
200005a8  prev_error                                
200005ac  pidOutput                                 
200005b0  kp                                        
200005b4  ki                                        
200005b8  kd                                        
200005bc  control                                   
200005c0  _stream                                   
20000640  __TI_ft_end                               
20000644  __aeabi_stdin                             
20000648  __aeabi_stdout                            
2000064c  __aeabi_stderr                            
20000650  __TI_cleanup_ptr                          
20000654  __TI_dtors_ptr                            
20000658  __TI_enable_exit_profile_output           
2000065c  _lock                                     
20000660  _unlock                                   
2000066c  errno                                     
20000670  SystemCoreClock                           
20000674  __CIOBUF_                                 
20000794  __TI_tmpnams                              
20000834  parmbuf                                   
2000fe00  __stack                                   
20010000  __STACK_END                               
4000480c  WDTCTL_SYM                                
ffffffff  __TI_pprof_out_hndl                       
ffffffff  __TI_prof_data_size                       
ffffffff  __TI_prof_data_start                      
ffffffff  __binit__                                 
ffffffff  __c_args__                                
ffffffff  binit                                     
UNDEFED   __mpu_init                                
UNDEFED   _system_post_cinit                        

[234 symbols]
