******************************************************************************
                  TI ARM Linker PC v20.2.7                     
******************************************************************************
>> Linked Fri Mar 17 18:09:42 2023

OUTPUT FILE NAME:   <Lab 6.out>
ENTRY POINT SYMBOL: "_c_int00_noargs"  address: 00005019


MEMORY CONFIGURATION

         name            origin    length      used     unused   attr    fill
----------------------  --------  ---------  --------  --------  ----  --------
  MAIN                  00000000   00200000  000058a8  001fa758  R  X
  INFO                  00200000   00008000  00000000  00008000  R  X
  SRAM_CODE             01000000   00040000  00000a7c  0003f584  RW X
  SRAM_DATA             20000000   00040000  00000a7c  0003f584  RW  


SEGMENT ALLOCATION MAP

run origin  load origin   length   init length attrs members
----------  ----------- ---------- ----------- ----- -------
00000000    00000000    000058a8   000058a8    r-x
  00000000    00000000    000000e8   000000e8    r-- .intvecs
  000000e8    000000e8    0000549c   0000549c    r-x .text
  00005584    00005584    0000028c   0000028c    r-- .const
  00005810    00005810    00000098   00000098    r-- .cinit
20000000    20000000    0000087c   00000000    rw-
  20000000    20000000    00000400   00000000    rw- .sysmem
  20000400    20000400    0000027c   00000000    rw- .bss
  2000067c    2000067c    00000200   00000000    rw- .data
2003fe00    2003fe00    00000200   00000000    rw-
  2003fe00    2003fe00    00000200   00000000    rw- .stack


SECTION ALLOCATION MAP

 output                                  attributes/
section   page    origin      length       input sections
--------  ----  ----------  ----------   ----------------
.intvecs   0    00000000    000000e8     
                  00000000    000000e8     startup_msp432p4111_ccs.obj (.intvecs:retain)

.text      0    000000e8    0000549c     
                  000000e8    00000a4e     rtsv7M4_T_le_v4SPD16_eabi.lib : _printfi.c.obj (.text:__TI_printfi)
                  00000b36    00000002                                   : _lock.c.obj (.text:_nop)
                  00000b38    00000350     system_msp432p4111.obj (.text)
                  00000e88    00000334     main.obj (.text)
                  000011bc    00000288     msp432p4xx_driverlib.lib : flash_a.o (.text:FlashCtl_A_verifyMemory)
                  00001444    00000270     rtsv7M4_T_le_v4SPD16_eabi.lib : _printfi.c.obj (.text:_pconv_a)
                  000016b4    0000022c     msp432p4xx_driverlib.lib : flash_a.o (.text:FlashCtl_A_unprotectMemory)
                  000018e0    00000228                              : flash_a.o (.text:FlashCtl_A_protectMemory)
                  00001b08    000001ec                              : flash_a.o (.text:_FlashCtl_A_ProgramBurst)
                  00001cf4    000001d0     rtsv7M4_T_le_v4SPD16_eabi.lib : _printfi.c.obj (.text:_pconv_g)
                  00001ec4    000001b6                                   : fd_add_t2.asm.obj (.text)
                  0000207a    00000002                                   : div0.asm.obj (.text)
                  0000207c    0000019c     msp432p4xx_driverlib.lib : cs.o (.text:CS_setDCOFrequency)
                  00002218    00000162                              : flash_a.o (.text:FlashCtl_A_programMemory)
                  0000237a    00000002     --HOLE-- [fill = 0]
                  0000237c    00000160                              : adc14.o (.text:_getIndexForMemRegister)
                  000024dc    00000144                              : timer_a.o (.text:privateTimer_AProcessClockSourceDivider)
                  00002620    0000013c     rtsv7M4_T_le_v4SPD16_eabi.lib : _printfi.c.obj (.text:_pconv_e)
                  0000275c    00000138     msp432p4xx_driverlib.lib : flash_a.o (.text:FlashCtl_A_eraseSector)
                  00002894    00000136     rtsv7M4_T_le_v4SPD16_eabi.lib : fd_div_t2.asm.obj (.text)
                  000029ca    00000002     --HOLE-- [fill = 0]
                  000029cc    00000130     msp432p4xx_driverlib.lib : cs.o (.text:CS_initClockSignal)
                  00002afc    00000130                              : flash_a.o (.text:__FlashCtl_A_remaskBurstDataPre)
                  00002c2c    0000012c                              : flash_a.o (.text:__FlashCtl_A_remaskBurstDataPost)
                  00002d58    00000124     rtsv7M4_T_le_v4SPD16_eabi.lib : _printfi.c.obj (.text:fcvt)
                  00002e7c    0000011c     msp432p4xx_driverlib.lib : uart.o (.text:UART_initModule)
                  00002f98    00000114     rtsv7M4_T_le_v4SPD16_eabi.lib : fputs.c.obj (.text:fputs)
                  000030ac    00000110                                   : s_scalbn.c.obj (.text:scalbn)
                  000031bc    00000100                                   : memory.c.obj (.text:aligned_alloc)
                  000032bc    000000fc                                   : fd_mul_t2.asm.obj (.text)
                  000033b8    000000e4                                   : memory.c.obj (.text:free)
                  0000349c    000000dc                                   : setvbuf.c.obj (.text:setvbuf)
                  00003578    000000d4     msp432p4xx_driverlib.lib : flash_a.o (.text:__FlashCtl_A_remaskData32Pre)
                  0000364c    000000d0                              : flash_a.o (.text:__FlashCtl_A_remaskData32Post)
                  0000371c    000000c8                              : flash_a.o (.text:_FlashCtl_A_Program8)
                  000037e4    000000bc                              : flash_a.o (.text:_FlashCtl_A_Program32)
                  000038a0    000000b4                              : adc14.o (.text:ADC14_configureConversionMemory)
                  00003954    000000b1     rtsv7M4_T_le_v4SPD16_eabi.lib : _printfi.c.obj (.text:_ltostr)
                  00003a05    00000001     --HOLE-- [fill = 0]
                  00003a06    0000009c                                   : memcpy_t2.asm.obj (.text)
                  00003aa2    00000096                                   : ull_div_t2.asm.obj (.text)
                  00003b38    00000094     msp432p4xx_driverlib.lib : sysctl_a.o (.text:SysCtl_A_getTLVInfo)
                  00003bcc    0000008c     rtsv7M4_T_le_v4SPD16_eabi.lib : fputc.c.obj (.text:fputc)
                  00003c58    00000088     msp432p4xx_driverlib.lib : cs.o (.text:CS_tuneDCOFrequency)
                  00003ce0    00000088                              : gpio.o (.text:GPIO_setAsPeripheralModuleFunctionInputPin)
                  00003d68    00000088                              : flash_a.o (.text:__FlashCtl_A_remaskData8Pre)
                  00003df0    00000086     rtsv7M4_T_le_v4SPD16_eabi.lib : fd_cmp_t2.asm.obj (.text:__aeabi_cdcmple)
                  00003e76    00000086                                   : fd_cmp_t2.asm.obj (.text:__aeabi_cdrcmple)
                  00003efc    00000082     msp432p4xx_driverlib.lib : flash_a.o (.text:__FlashCtl_A_remaskData8Post)
                  00003f7e    00000002     --HOLE-- [fill = 0]
                  00003f80    00000080                              : interrupt.o (.text:Interrupt_enableInterrupt)
                  00004000    0000007a     rtsv7M4_T_le_v4SPD16_eabi.lib : memset_t2.asm.obj (.text)
                  0000407a    00000002     --HOLE-- [fill = 0]
                  0000407c    00000078     msp432p4xx_driverlib.lib : flash_a.o (.text:FlashCtl_A_setReadMode)
                  000040f4    00000074     rtsv7M4_T_le_v4SPD16_eabi.lib : fclose.c.obj (.text:__TI_closefile)
                  00004168    00000070                                   : memory.c.obj (.text:split)
                  000041d8    0000006e                                   : _printfi.c.obj (.text:_mcpy)
                  00004246    0000006e                                   : fd_tos_t2.asm.obj (.text)
                  000042b4    0000006c                                   : hostrename.c.obj (.text:HOSTrename)
                  00004320    00000068                                   : hostlseek.c.obj (.text:HOSTlseek)
                  00004388    00000068     msp432p4xx_driverlib.lib : timer_a.o (.text:Timer_A_configureUpMode)
                  000043f0    00000068     rtsv7M4_T_le_v4SPD16_eabi.lib : copy_decompress_lzss.c.obj (.text:decompress:lzss:__TI_decompress_lzss)
                  00004458    00000068                                   : printf.c.obj (.text:printf)
                  000044c0    00000064                                   : s_frexp.c.obj (.text:frexp)
                  00004524    00000064                                   : fseek.c.obj (.text:fseek)
                  00004588    00000062                                   : _io_perm.c.obj (.text:__TI_wrt_ok)
                  000045ea    00000002     --HOLE-- [fill = 0]
                  000045ec    00000060                                   : hostopen.c.obj (.text:HOSTopen)
                  0000464c    0000005c                                   : close.c.obj (.text:close)
                  000046a8    00000058     msp432p4xx_driverlib.lib : adc14.o (.text:ADC14_configureSingleSampleMode)
                  00004700    00000058                              : gpio.o (.text:GPIO_setAsInputPinWithPullUpResistor)
                  00004758    00000058     rtsv7M4_T_le_v4SPD16_eabi.lib : hostread.c.obj (.text:HOSTread)
                  000047b0    00000058                                   : hostwrite.c.obj (.text:HOSTwrite)
                  00004808    00000056                                   : _printfi.c.obj (.text:_pconv_f)
                  0000485e    00000002     --HOLE-- [fill = 0]
                  00004860    00000054     msp432p4xx_driverlib.lib : adc14.o (.text:ADC14_initModule)
                  000048b4    00000054                              : interrupt.o (.text:Interrupt_setPriority)
                  00004908    00000054     rtsv7M4_T_le_v4SPD16_eabi.lib : _ltoa.c.obj (.text:__TI_ltoa)
                  0000495c    00000052                                   : _printfi.c.obj (.text:_ecpy)
                  000049ae    00000002     --HOLE-- [fill = 0]
                  000049b0    0000004c     msp432p4xx_driverlib.lib : flash_a.o (.text:FlashCtl_A_clearProgramVerification)
                  000049fc    0000004c                              : flash_a.o (.text:FlashCtl_A_setProgramVerification)
                  00004a48    0000004c     rtsv7M4_T_le_v4SPD16_eabi.lib : fflush.c.obj (.text:__TI_doflush)
                  00004a94    0000004c                                   : atoi.c.obj (.text:atoi)
                  00004ae0    00000048     msp432p4xx_driverlib.lib : flash_a.o (.text:FlashCtl_A_setWaitState)
                  00004b28    00000048     rtsv7M4_T_le_v4SPD16_eabi.lib : exit.c.obj (.text:exit)
                  00004b70    00000048                                   : fd_toi_t2.asm.obj (.text)
                  00004bb8    00000044                                   : hostclose.c.obj (.text:HOSTclose)
                  00004bfc    00000044                                   : hostunlink.c.obj (.text:HOSTunlink)
                  00004c40    00000044                                   : autoinit.c.obj (.text:__TI_auto_init_nobinit_nopinit:__TI_auto_init_nobinit_nopinit)
                  00004c84    00000044                                   : getdevice.c.obj (.text:getdevice)
                  00004cc8    00000040     msp432p4xx_driverlib.lib : gpio.o (.text:GPIO_setAsOutputPin)
                  00004d08    00000040     rtsv7M4_T_le_v4SPD16_eabi.lib : sprintf.c.obj (.text:sprintf)
                  00004d48    0000003e                                   : _printfi.c.obj (.text:_fcpy)
                  00004d86    00000002     --HOLE-- [fill = 0]
                  00004d88    0000003c     msp432p4xx_driverlib.lib : gpio.o (.text:GPIO_interruptEdgeSelect)
                  00004dc4    00000038                              : flash_a.o (.text:FlashCtl_A_enableWordProgramming)
                  00004dfc    00000038                              : flash_a.o (.text:FlashCtl_A_getReadMode)
                  00004e34    00000038                              : flash_a.o (.text:FlashCtl_A_getWaitState)
                  00004e6c    00000038     rtsv7M4_T_le_v4SPD16_eabi.lib : trgmsg.c.obj (.text:__TI_writemsg)
                  00004ea4    00000038                                   : fs_tod_t2.asm.obj (.text)
                  00004edc    00000036                                   : strncpy.c.obj (.text:strncpy)
                  00004f12    00000002     --HOLE-- [fill = 0]
                  00004f14    00000034     msp432p4xx_driverlib.lib : adc14.o (.text:ADC14_enableSampleTimer)
                  00004f48    00000034                              : cs.o (.text:CS_setDCOCenteredFrequency)
                  00004f7c    00000034                              : uart.o (.text:UART_transmitData)
                  00004fb0    00000034     rtsv7M4_T_le_v4SPD16_eabi.lib : fopen.c.obj (.text:__TI_cleanup)
                  00004fe4    00000034                                   : trgmsg.c.obj (.text:__TI_readmsg)
                  00005018    00000034                                   : boot_cortex_m.c.obj (.text:_c_int00_noargs:_c_int00_noargs)
                  0000504c    00000030     msp432p4xx_driverlib.lib : gpio.o (.text:GPIO_getInputPinValue)
                  0000507c    00000030     rtsv7M4_T_le_v4SPD16_eabi.lib : getdevice.c.obj (.text:finddevice)
                  000050ac    0000002e                                   : i_tofd_t2.asm.obj (.text)
                  000050da    00000002     --HOLE-- [fill = 0]
                  000050dc    0000002c     msp432p4xx_driverlib.lib : adc14.o (.text:ADC14_toggleConversionTrigger)
                  00005108    0000002c                              : timer_a.o (.text:Timer_A_clearCaptureCompareInterrupt)
                  00005134    0000002c     rtsv7M4_T_le_v4SPD16_eabi.lib : unlink.c.obj (.text:unlink)
                  00005160    00000028     msp432p4xx_driverlib.lib : adc14.o (.text:ADC14_enableConversion)
                  00005188    00000028                              : adc14.o (.text:ADC14_getResult)
                  000051b0    00000028                              : gpio.o (.text:GPIO_clearInterruptFlag)
                  000051d8    00000028                              : gpio.o (.text:GPIO_enableInterrupt)
                  00005200    00000028                              : gpio.o (.text:GPIO_setOutputHighOnPin)
                  00005228    00000028                              : gpio.o (.text:GPIO_setOutputLowOnPin)
                  00005250    00000028     rtsv7M4_T_le_v4SPD16_eabi.lib : memory.c.obj (.text:free_list_insert)
                  00005278    00000028                                   : lseek.c.obj (.text:lseek)
                  000052a0    00000028                                   : write.c.obj (.text:write)
                  000052c8    00000024     msp432p4xx_driverlib.lib : wdt_a.o (.text:WDT_A_holdTimer)
                  000052ec    00000020                              : adc14.o (.text:ADC14_setResolution)
                  0000530c    00000020                              : ref_a.o (.text:REF_A_setReferenceVoltage)
                  0000532c    00000020     rtsv7M4_T_le_v4SPD16_eabi.lib : memchr.c.obj (.text:memchr)
                  0000534c    00000020                                   : u_tofd_t2.asm.obj (.text)
                  0000536c    0000001c                                   : copy_zero_init.c.obj (.text:decompress:ZI:__TI_zero_init_nomemset:__TI_zero_init_nomemset)
                  00005388    0000001c                                   : memory.c.obj (.text:free_list_remove)
                  000053a4    0000001c                                   : memccpy.c.obj (.text:memccpy)
                  000053c0    0000001a                                   : s_copysign.c.obj (.text:copysign)
                  000053da    00000002     --HOLE-- [fill = 0]
                  000053dc    00000018     msp432p4xx_driverlib.lib : fpu.o (.text:FPU_enableModule)
                  000053f4    00000018     rtsv7M4_T_le_v4SPD16_eabi.lib : sprintf.c.obj (.text:_outs)
                  0000540c    00000018                                   : strcmp.c.obj (.text:strcmp)
                  00005424    00000016     msp432p4xx_driverlib.lib : timer_a.o (.text:Timer_A_startCounter)
                  0000543a    00000016                              : uart.o (.text:UART_enableModule)
                  00005450    00000016     rtsv7M4_T_le_v4SPD16_eabi.lib : strchr.c.obj (.text:strchr)
                  00005466    00000014                                   : strcpy.c.obj (.text:strcpy)
                  0000547a    00000014                                   : strlen.c.obj (.text:strlen)
                  0000548e    00000012                                   : wcslen.c.obj (.text:wcslen)
                  000054a0    00000010     msp432p4xx_driverlib.lib : adc14.o (.text:ADC14_isBusy)
                  000054b0    00000010                              : adc14.o (.text:ADCIsConversionRunning)
                  000054c0    00000010                              : interrupt.o (.text:Interrupt_disableMaster)
                  000054d0    00000010                              : interrupt.o (.text:Interrupt_enableMaster)
                  000054e0    0000000e     rtsv7M4_T_le_v4SPD16_eabi.lib : copy_decompress_none.c.obj (.text:decompress:none:__TI_decompress_none)
                  000054ee    0000000e     startup_msp432p4111_ccs.obj (.text)
                  000054fc    0000000c     msp432p4xx_driverlib.lib : adc14.o (.text:ADC14_enableModule)
                  00005508    0000000c                              : cpu.o (.text:CPU_cpsid)
                  00005514    0000000c                              : cpu.o (.text:CPU_cpsie)
                  00005520    0000000c                              : flash_a.o (.text:FlashCtl_A_disableWordProgramming)
                  0000552c    0000000c                              : flash_a.o (.text:FlashCtl_A_getInterruptStatus)
                  00005538    0000000c                              : sysctl_a.o (.text:SysCtl_A_getFlashSize)
                  00005544    0000000c                              : sysctl_a.o (.text:SysCtl_A_getInfoFlashSize)
                  00005550    0000000a                              : cpu.o (.text:CPU_primask)
                  0000555a    0000000a     rtsv7M4_T_le_v4SPD16_eabi.lib : sprintf.c.obj (.text:_outc)
                  00005564    00000008                                   : errno.c.obj (.text:__aeabi_errno_addr)
                  0000556c    00000008                                   : memory.c.obj (.text:malloc)
                  00005574    00000004                                   : printf.c.obj (.text:_outc)
                  00005578    00000004                                   : printf.c.obj (.text:_outs)
                  0000557c    00000004                                   : pre_init.c.obj (.text:_system_pre_init)
                  00005580    00000004                                   : exit.c.obj (.text:abort:abort)

.const     0    00005584    0000028c     
                  00005584    00000101     rtsv7M4_T_le_v4SPD16_eabi.lib : ctype.c.obj (.const:.string:_ctypes_)
                  00005685    00000003     --HOLE-- [fill = 0]
                  00005688    00000080     msp432p4xx_driverlib.lib : adc14.o (.const:_ctlRegs)
                  00005708    00000050                              : interrupt.o (.const:g_pulRegs)
                  00005758    00000040                              : flash_a.o (.const:__getBurstProgramRegs)
                  00005798    00000030                              : gpio.o (.const:GPIO_PORT_TO_BASE)
                  000057c8    00000028     main.obj (.const:UART_config)
                  000057f0    00000018     main.obj (.const:upConfig_0)
                  00005808    00000008     msp432p4xx_driverlib.lib : interrupt.o (.const:g_pulEnRegs)

.cinit     0    00005810    00000098     
                  00005810    00000071     (.cinit..data.load) [load image, compression = lzss]
                  00005881    00000003     --HOLE-- [fill = 0]
                  00005884    0000000c     (__TI_handler_table)
                  00005890    00000008     (.cinit..bss.load) [load image, compression = zero_init]
                  00005898    00000010     (__TI_cinit_table)

.init_array 
*          0    00000000    00000000     UNINITIALIZED

.binit     0    00000000    00000000     

.sysmem    0    20000000    00000400     UNINITIALIZED
                  20000000    00000010     rtsv7M4_T_le_v4SPD16_eabi.lib : memory.c.obj (.sysmem)
                  20000010    000003f0     --HOLE--

.bss       0    20000400    0000027c     UNINITIALIZED
                  20000400    00000120     rtsv7M4_T_le_v4SPD16_eabi.lib : trgmsg.c.obj (.bss:_CIOBUF_)
                  20000520    000000a0     (.common:__TI_tmpnams)
                  200005c0    00000078     (.common:data)
                  20000638    0000003c     (.common:buffer)
                  20000674    00000008     (.common:parmbuf)

.data      0    2000067c    00000200     UNINITIALIZED
                  2000067c    000000f0     rtsv7M4_T_le_v4SPD16_eabi.lib : defs.c.obj (.data:_ftable)
                  2000076c    00000078                                   : host_device.c.obj (.data:_device)
                  200007e4    00000050                                   : host_device.c.obj (.data:_stream)
                  20000834    00000014     main.obj (.data)
                  20000848    00000010     rtsv7M4_T_le_v4SPD16_eabi.lib : defs.c.obj (.data)
                  20000858    0000000c                                   : exit.c.obj (.data:$O1$$)
                  20000864    00000008                                   : _lock.c.obj (.data:$O1$$)
                  2000086c    00000008                                   : memory.c.obj (.data:$O1$$)
                  20000874    00000004                                   : errno.c.obj (.data)
                  20000878    00000004     system_msp432p4111.obj (.data)

.stack     0    2003fe00    00000200     UNINITIALIZED
                  2003fe00    00000004     rtsv7M4_T_le_v4SPD16_eabi.lib : boot_cortex_m.c.obj (.stack)
                  2003fe04    000001fc     --HOLE--

__llvm_prf_cnts 
*          0    20000000    00000000     UNINITIALIZED

MODULE SUMMARY

       Module                        code    ro data   rw data
       ------                        ----    -------   -------
    .\
       main.obj                      820     64        400    
       system_msp432p4111.obj        848     0         8      
       startup_msp432p4111_ccs.obj   14      232       0      
    +--+-----------------------------+-------+---------+---------+
       Total:                        1682    296       408    
                                                              
    C:/Users/parth/OneDrive/Desktop/ME 4405/source/ti/devices/msp432p4xx/driverlib/ccs/msp432p4xx_driverlib.lib
       flash_a.o                     5128    64        0      
       adc14.o                       956     128       0      
       cs.o                          904     0         0      
       gpio.o                        556     48        0      
       timer_a.o                     494     0         0      
       uart.o                        358     0         0      
       interrupt.o                   244     88        0      
       sysctl_a.o                    172     0         0      
       wdt_a.o                       36      0         0      
       cpu.o                         34      0         0      
       ref_a.o                       32      0         0      
       fpu.o                         24      0         0      
    +--+-----------------------------+-------+---------+---------+
       Total:                        8938    328       0      
                                                              
    C:\ti\ccs1220\ccs\tools\compiler\ti-cgt-arm_20.2.7.LTS\lib\rtsv7M4_T_le_v4SPD16_eabi.lib
       _printfi.c.obj                4851    0         0      
       defs.c.obj                    0       0         832    
       memory.c.obj                  672     0         16     
       trgmsg.c.obj                  108     0         576    
       fd_add_t2.asm.obj             438     0         0      
       host_device.c.obj             0       0         400    
       fd_div_t2.asm.obj             310     0         0      
       fputs.c.obj                   276     0         0      
       s_scalbn.c.obj                272     0         0      
       fd_cmp_t2.asm.obj             268     0         0      
       ctype.c.obj                   0       257       0      
       fd_mul_t2.asm.obj             252     0         0      
       setvbuf.c.obj                 220     0         0      
       memcpy_t2.asm.obj             156     0         0      
       ull_div_t2.asm.obj            150     0         0      
       fputc.c.obj                   140     0         0      
       memset_t2.asm.obj             122     0         0      
       fclose.c.obj                  116     0         0      
       getdevice.c.obj               116     0         0      
       hostopen.c.obj                96      0         16     
       printf.c.obj                  112     0         0      
       fd_tos_t2.asm.obj             110     0         0      
       hostrename.c.obj              108     0         0      
       copy_decompress_lzss.c.obj    104     0         0      
       hostlseek.c.obj               104     0         0      
       exit.c.obj                    76      0         24     
       fseek.c.obj                   100     0         0      
       s_frexp.c.obj                 100     0         0      
       _io_perm.c.obj                98      0         0      
       sprintf.c.obj                 98      0         0      
       close.c.obj                   92      0         0      
       hostread.c.obj                88      0         0      
       hostwrite.c.obj               88      0         0      
       _ltoa.c.obj                   84      0         0      
       atoi.c.obj                    76      0         0      
       fflush.c.obj                  76      0         0      
       fd_toi_t2.asm.obj             72      0         0      
       autoinit.c.obj                68      0         0      
       hostclose.c.obj               68      0         0      
       hostunlink.c.obj              68      0         0      
       fs_tod_t2.asm.obj             56      0         0      
       strncpy.c.obj                 54      0         0      
       boot_cortex_m.c.obj           52      0         0      
       fopen.c.obj                   52      0         0      
       i_tofd_t2.asm.obj             46      0         0      
       unlink.c.obj                  44      0         0      
       lseek.c.obj                   40      0         0      
       write.c.obj                   40      0         0      
       memchr.c.obj                  32      0         0      
       u_tofd_t2.asm.obj             32      0         0      
       copy_zero_init.c.obj          28      0         0      
       memccpy.c.obj                 28      0         0      
       s_copysign.c.obj              26      0         0      
       strcmp.c.obj                  24      0         0      
       strchr.c.obj                  22      0         0      
       strcpy.c.obj                  20      0         0      
       strlen.c.obj                  20      0         0      
       _lock.c.obj                   2       0         16     
       wcslen.c.obj                  18      0         0      
       errno.c.obj                   8       0         8      
       copy_decompress_none.c.obj    14      0         0      
       pre_init.c.obj                4       0         0      
       div0.asm.obj                  2       0         0      
    +--+-----------------------------+-------+---------+---------+
       Total:                        11017   257       1888   
                                                              
       Heap:                         0       0         2048   
       Stack:                        0       0         1024   
       Linker Generated:             0       149       0      
    +--+-----------------------------+-------+---------+---------+
       Grand Total:                  21637   1030      5368   


LINKER GENERATED COPY TABLES

__TI_cinit_table @ 00005898 records: 2, size/record: 8, table size: 16
	.data: load addr=00005810, load size=00000071 bytes, run addr=2000067c, run size=00000200 bytes, compression=lzss
	.bss: load addr=00005890, load size=00000008 bytes, run addr=20000400, run size=0000027c bytes, compression=zero_init


LINKER GENERATED HANDLER TABLE

__TI_handler_table @ 00005884 records: 3, size/record: 4, table size: 12
	index: 0, handler: __TI_decompress_lzss
	index: 1, handler: __TI_decompress_none
	index: 2, handler: __TI_zero_init


GLOBAL SYMBOLS: SORTED ALPHABETICALLY BY Name 

address   name                                      
-------   ----                                      
000054fb  ADC14_IRQHandler                          
000038a1  ADC14_configureConversionMemory           
000046a9  ADC14_configureSingleSampleMode           
00005161  ADC14_enableConversion                    
000054fd  ADC14_enableModule                        
00004f15  ADC14_enableSampleTimer                   
00005189  ADC14_getResult                           
00004861  ADC14_initModule                          
000054a1  ADC14_isBusy                              
000052ed  ADC14_setResolution                       
000050dd  ADC14_toggleConversionTrigger             
20000834  ADCresult                                 
000054fb  AES256_IRQHandler                         
000054fb  BusFault_Handler                          
00005581  C$$EXIT                                   
00004e9b  C$$IO$$                                   
000054fb  COMP_E0_IRQHandler                        
000054fb  COMP_E1_IRQHandler                        
00005509  CPU_cpsid                                 
00005515  CPU_cpsie                                 
00005551  CPU_primask                               
000054fb  CS_IRQHandler                             
000029cd  CS_initClockSignal                        
00004f49  CS_setDCOCenteredFrequency                
0000207d  CS_setDCOFrequency                        
00003c59  CS_tuneDCOFrequency                       
000054fb  DMA_ERR_IRQHandler                        
000054fb  DMA_INT0_IRQHandler                       
000054fb  DMA_INT1_IRQHandler                       
000054fb  DMA_INT2_IRQHandler                       
000054fb  DMA_INT3_IRQHandler                       
000054fb  DebugMon_Handler                          
000054fb  Default_Handler                           
000054fb  EUSCIA0_IRQHandler                        
000054fb  EUSCIA1_IRQHandler                        
000054fb  EUSCIA2_IRQHandler                        
000054fb  EUSCIA3_IRQHandler                        
000054fb  EUSCIB0_IRQHandler                        
000054fb  EUSCIB1_IRQHandler                        
000054fb  EUSCIB2_IRQHandler                        
000054fb  EUSCIB3_IRQHandler                        
000054fb  FLCTL_A_IRQHandler                        
000054fb  FPU_IRQHandler                            
000053dd  FPU_enableModule                          
000049b1  FlashCtl_A_clearProgramVerification       
00005521  FlashCtl_A_disableWordProgramming         
00004dc5  FlashCtl_A_enableWordProgramming          
0000275d  FlashCtl_A_eraseSector                    
0000552d  FlashCtl_A_getInterruptStatus             
00004dfd  FlashCtl_A_getReadMode                    
00004e35  FlashCtl_A_getWaitState                   
00002219  FlashCtl_A_programMemory                  
000018e1  FlashCtl_A_protectMemory                  
000049fd  FlashCtl_A_setProgramVerification         
0000407d  FlashCtl_A_setReadMode                    
00004ae1  FlashCtl_A_setWaitState                   
000016b5  FlashCtl_A_unprotectMemory                
000011bd  FlashCtl_A_verifyMemory                   
000051b1  GPIO_clearInterruptFlag                   
000051d9  GPIO_enableInterrupt                      
0000504d  GPIO_getInputPinValue                     
00004d89  GPIO_interruptEdgeSelect                  
00004701  GPIO_setAsInputPinWithPullUpResistor      
00004cc9  GPIO_setAsOutputPin                       
00003ce1  GPIO_setAsPeripheralModuleFunctionInputPin
00005201  GPIO_setOutputHighOnPin                   
00005229  GPIO_setOutputLowOnPin                    
00004bb9  HOSTclose                                 
00004321  HOSTlseek                                 
000045ed  HOSTopen                                  
00004759  HOSTread                                  
000042b5  HOSTrename                                
00004bfd  HOSTunlink                                
000047b1  HOSTwrite                                 
000054fb  HardFault_Handler                         
000054c1  Interrupt_disableMaster                   
00003f81  Interrupt_enableInterrupt                 
000054d1  Interrupt_enableMaster                    
000048b5  Interrupt_setPriority                     
000054fb  LCD_F_IRQHandler                          
000054fb  MemManage_Handler                         
000054fb  NMI_Handler                               
000054fb  PCM_IRQHandler                            
000054fb  PORT1_IRQHandler                          
000054fb  PORT2_IRQHandler                          
000054fb  PORT3_IRQHandler                          
000054fb  PORT4_IRQHandler                          
000054fb  PORT5_IRQHandler                          
000054fb  PORT6_IRQHandler                          
000054fb  PSS_IRQHandler                            
000054fb  PendSV_Handler                            
0000530d  REF_A_setReferenceVoltage                 
000054fb  RTC_C_IRQHandler                          
000054ef  Reset_Handler                             
000054fb  SVC_Handler                               
00005539  SysCtl_A_getFlashSize                     
00005545  SysCtl_A_getInfoFlashSize                 
00003b39  SysCtl_A_getTLVInfo                       
000054fb  SysTick_Handler                           
20000878  SystemCoreClock                           
00000b39  SystemCoreClockUpdate                     
00000db1  SystemInit                                
000054fb  T32_INT1_IRQHandler                       
000054fb  T32_INT2_IRQHandler                       
000054fb  T32_INTC_IRQHandler                       
0000103b  TA0_0_IRQHandler                          
0000103b  TA0_0_IRQHandler                          
000054fb  TA0_N_IRQHandler                          
000054fb  TA1_0_IRQHandler                          
000054fb  TA1_N_IRQHandler                          
000054fb  TA2_0_IRQHandler                          
000054fb  TA2_N_IRQHandler                          
000054fb  TA3_0_IRQHandler                          
000054fb  TA3_N_IRQHandler                          
00005109  Timer_A_clearCaptureCompareInterrupt      
00004389  Timer_A_configureUpMode                   
00005425  Timer_A_startCounter                      
000057c8  UART_config                               
0000543b  UART_enableModule                         
00002e7d  UART_initModule                           
00004f7d  UART_transmitData                         
000054fb  UsageFault_Handler                        
4000480c  WDTCTL_SYM                                
000054fb  WDT_A_IRQHandler                          
000052c9  WDT_A_holdTimer                           
20000400  __CIOBUF_                                 
00002c2d  __FlashCtl_A_remaskBurstDataPost          
00002afd  __FlashCtl_A_remaskBurstDataPre           
0000364d  __FlashCtl_A_remaskData32Post             
00003579  __FlashCtl_A_remaskData32Pre              
00003efd  __FlashCtl_A_remaskData8Post              
00003d69  __FlashCtl_A_remaskData8Pre               
20040000  __STACK_END                               
00000200  __STACK_SIZE                              
00000400  __SYSMEM_SIZE                             
00005898  __TI_CINIT_Base                           
000058a8  __TI_CINIT_Limit                          
00005884  __TI_Handler_Table_Base                   
00005890  __TI_Handler_Table_Limit                  
00004c41  __TI_auto_init_nobinit_nopinit            
00004fb1  __TI_cleanup                              
20000858  __TI_cleanup_ptr                          
000040f5  __TI_closefile                            
000043f1  __TI_decompress_lzss                      
000054e1  __TI_decompress_none                      
00004a49  __TI_doflush                              
2000085c  __TI_dtors_ptr                            
20000860  __TI_enable_exit_profile_output           
20000848  __TI_ft_end                               
00004909  __TI_ltoa                                 
ffffffff  __TI_pprof_out_hndl                       
000000e9  __TI_printfi                              
ffffffff  __TI_prof_data_size                       
ffffffff  __TI_prof_data_start                      
00004fe5  __TI_readmsg                              
00000000  __TI_static_base__                        
20000520  __TI_tmpnams                              
00004e6d  __TI_writemsg                             
00004589  __TI_wrt_ok                               
0000536d  __TI_zero_init_nomemset                   
00003df1  __aeabi_cdcmpeq                           
00003df1  __aeabi_cdcmple                           
00003e77  __aeabi_cdrcmple                          
00004247  __aeabi_d2f                               
00004b71  __aeabi_d2iz                              
00001ecf  __aeabi_dadd                              
00002895  __aeabi_ddiv                              
000032bd  __aeabi_dmul                              
00001ec5  __aeabi_dsub                              
00005565  __aeabi_errno_addr                        
00004ea5  __aeabi_f2d                               
000050ad  __aeabi_i2d                               
0000207b  __aeabi_idiv0                             
0000207b  __aeabi_ldiv0                             
00004001  __aeabi_memclr                            
00004001  __aeabi_memclr4                           
00004001  __aeabi_memclr8                           
00003a07  __aeabi_memcpy                            
00003a07  __aeabi_memcpy4                           
00003a07  __aeabi_memcpy8                           
00004003  __aeabi_memset                            
00004003  __aeabi_memset4                           
00004003  __aeabi_memset8                           
20000854  __aeabi_stderr                            
2000084c  __aeabi_stdin                             
20000850  __aeabi_stdout                            
0000534d  __aeabi_ui2d                              
00003aa3  __aeabi_uldivmod                          
ffffffff  __binit__                                 
ffffffff  __c_args__                                
UNDEFED   __mpu_init                                
2003fe00  __stack                                   
20000000  __start___llvm_prf_cnts                   
20000000  __stop___llvm_prf_cnts                    
00005019  _c_int00_noargs                           
00005584  _ctypes_                                  
2000076c  _device                                   
2000067c  _ftable                                   
20000864  _lock                                     
00000b37  _nop                                      
200007e4  _stream                                   
20000000  _sys_memory                               
UNDEFED   _system_post_cinit                        
0000557d  _system_pre_init                          
20000868  _unlock                                   
00005581  abort                                     
000031bd  aligned_alloc                             
00004a95  atoi                                      
ffffffff  binit                                     
20000638  buffer                                    
0000464d  close                                     
000053c1  copysign                                  
000053c1  copysignl                                 
20000838  count                                     
200005c0  data                                      
20000874  errno                                     
00004b29  exit                                      
0000507d  finddevice                                
20000844  flag                                      
00003bcd  fputc                                     
00002f99  fputs                                     
000033b9  free                                      
000044c1  frexp                                     
000044c1  frexpl                                    
00004525  fseek                                     
00004c85  getdevice                                 
2000083c  i                                         
00000000  interruptVectors                          
20000840  j                                         
000030ad  ldexp                                     
000030ad  ldexpl                                    
00005279  lseek                                     
00000e89  main                                      
0000556d  malloc                                    
000031bd  memalign                                  
000053a5  memccpy                                   
0000532d  memchr                                    
00003a07  memcpy                                    
00004009  memset                                    
20000674  parmbuf                                   
00004459  printf                                    
00003bcd  putc                                      
00005135  remove                                    
000030ad  scalbn                                    
000030ad  scalbnl                                   
0000349d  setvbuf                                   
00004d09  sprintf                                   
00005451  strchr                                    
0000540d  strcmp                                    
00005467  strcpy                                    
0000547b  strlen                                    
00004edd  strncpy                                   
00005135  unlink                                    
000057f0  upConfig_0                                
0000548f  wcslen                                    
000052a1  write                                     


GLOBAL SYMBOLS: SORTED BY Symbol Address 

address   name                                      
-------   ----                                      
00000000  __TI_static_base__                        
00000000  interruptVectors                          
000000e9  __TI_printfi                              
00000200  __STACK_SIZE                              
00000400  __SYSMEM_SIZE                             
00000b37  _nop                                      
00000b39  SystemCoreClockUpdate                     
00000db1  SystemInit                                
00000e89  main                                      
0000103b  TA0_0_IRQHandler                          
0000103b  TA0_0_IRQHandler                          
000011bd  FlashCtl_A_verifyMemory                   
000016b5  FlashCtl_A_unprotectMemory                
000018e1  FlashCtl_A_protectMemory                  
00001ec5  __aeabi_dsub                              
00001ecf  __aeabi_dadd                              
0000207b  __aeabi_idiv0                             
0000207b  __aeabi_ldiv0                             
0000207d  CS_setDCOFrequency                        
00002219  FlashCtl_A_programMemory                  
0000275d  FlashCtl_A_eraseSector                    
00002895  __aeabi_ddiv                              
000029cd  CS_initClockSignal                        
00002afd  __FlashCtl_A_remaskBurstDataPre           
00002c2d  __FlashCtl_A_remaskBurstDataPost          
00002e7d  UART_initModule                           
00002f99  fputs                                     
000030ad  ldexp                                     
000030ad  ldexpl                                    
000030ad  scalbn                                    
000030ad  scalbnl                                   
000031bd  aligned_alloc                             
000031bd  memalign                                  
000032bd  __aeabi_dmul                              
000033b9  free                                      
0000349d  setvbuf                                   
00003579  __FlashCtl_A_remaskData32Pre              
0000364d  __FlashCtl_A_remaskData32Post             
000038a1  ADC14_configureConversionMemory           
00003a07  __aeabi_memcpy                            
00003a07  __aeabi_memcpy4                           
00003a07  __aeabi_memcpy8                           
00003a07  memcpy                                    
00003aa3  __aeabi_uldivmod                          
00003b39  SysCtl_A_getTLVInfo                       
00003bcd  fputc                                     
00003bcd  putc                                      
00003c59  CS_tuneDCOFrequency                       
00003ce1  GPIO_setAsPeripheralModuleFunctionInputPin
00003d69  __FlashCtl_A_remaskData8Pre               
00003df1  __aeabi_cdcmpeq                           
00003df1  __aeabi_cdcmple                           
00003e77  __aeabi_cdrcmple                          
00003efd  __FlashCtl_A_remaskData8Post              
00003f81  Interrupt_enableInterrupt                 
00004001  __aeabi_memclr                            
00004001  __aeabi_memclr4                           
00004001  __aeabi_memclr8                           
00004003  __aeabi_memset                            
00004003  __aeabi_memset4                           
00004003  __aeabi_memset8                           
00004009  memset                                    
0000407d  FlashCtl_A_setReadMode                    
000040f5  __TI_closefile                            
00004247  __aeabi_d2f                               
000042b5  HOSTrename                                
00004321  HOSTlseek                                 
00004389  Timer_A_configureUpMode                   
000043f1  __TI_decompress_lzss                      
00004459  printf                                    
000044c1  frexp                                     
000044c1  frexpl                                    
00004525  fseek                                     
00004589  __TI_wrt_ok                               
000045ed  HOSTopen                                  
0000464d  close                                     
000046a9  ADC14_configureSingleSampleMode           
00004701  GPIO_setAsInputPinWithPullUpResistor      
00004759  HOSTread                                  
000047b1  HOSTwrite                                 
00004861  ADC14_initModule                          
000048b5  Interrupt_setPriority                     
00004909  __TI_ltoa                                 
000049b1  FlashCtl_A_clearProgramVerification       
000049fd  FlashCtl_A_setProgramVerification         
00004a49  __TI_doflush                              
00004a95  atoi                                      
00004ae1  FlashCtl_A_setWaitState                   
00004b29  exit                                      
00004b71  __aeabi_d2iz                              
00004bb9  HOSTclose                                 
00004bfd  HOSTunlink                                
00004c41  __TI_auto_init_nobinit_nopinit            
00004c85  getdevice                                 
00004cc9  GPIO_setAsOutputPin                       
00004d09  sprintf                                   
00004d89  GPIO_interruptEdgeSelect                  
00004dc5  FlashCtl_A_enableWordProgramming          
00004dfd  FlashCtl_A_getReadMode                    
00004e35  FlashCtl_A_getWaitState                   
00004e6d  __TI_writemsg                             
00004e9b  C$$IO$$                                   
00004ea5  __aeabi_f2d                               
00004edd  strncpy                                   
00004f15  ADC14_enableSampleTimer                   
00004f49  CS_setDCOCenteredFrequency                
00004f7d  UART_transmitData                         
00004fb1  __TI_cleanup                              
00004fe5  __TI_readmsg                              
00005019  _c_int00_noargs                           
0000504d  GPIO_getInputPinValue                     
0000507d  finddevice                                
000050ad  __aeabi_i2d                               
000050dd  ADC14_toggleConversionTrigger             
00005109  Timer_A_clearCaptureCompareInterrupt      
00005135  remove                                    
00005135  unlink                                    
00005161  ADC14_enableConversion                    
00005189  ADC14_getResult                           
000051b1  GPIO_clearInterruptFlag                   
000051d9  GPIO_enableInterrupt                      
00005201  GPIO_setOutputHighOnPin                   
00005229  GPIO_setOutputLowOnPin                    
00005279  lseek                                     
000052a1  write                                     
000052c9  WDT_A_holdTimer                           
000052ed  ADC14_setResolution                       
0000530d  REF_A_setReferenceVoltage                 
0000532d  memchr                                    
0000534d  __aeabi_ui2d                              
0000536d  __TI_zero_init_nomemset                   
000053a5  memccpy                                   
000053c1  copysign                                  
000053c1  copysignl                                 
000053dd  FPU_enableModule                          
0000540d  strcmp                                    
00005425  Timer_A_startCounter                      
0000543b  UART_enableModule                         
00005451  strchr                                    
00005467  strcpy                                    
0000547b  strlen                                    
0000548f  wcslen                                    
000054a1  ADC14_isBusy                              
000054c1  Interrupt_disableMaster                   
000054d1  Interrupt_enableMaster                    
000054e1  __TI_decompress_none                      
000054ef  Reset_Handler                             
000054fb  ADC14_IRQHandler                          
000054fb  AES256_IRQHandler                         
000054fb  BusFault_Handler                          
000054fb  COMP_E0_IRQHandler                        
000054fb  COMP_E1_IRQHandler                        
000054fb  CS_IRQHandler                             
000054fb  DMA_ERR_IRQHandler                        
000054fb  DMA_INT0_IRQHandler                       
000054fb  DMA_INT1_IRQHandler                       
000054fb  DMA_INT2_IRQHandler                       
000054fb  DMA_INT3_IRQHandler                       
000054fb  DebugMon_Handler                          
000054fb  Default_Handler                           
000054fb  EUSCIA0_IRQHandler                        
000054fb  EUSCIA1_IRQHandler                        
000054fb  EUSCIA2_IRQHandler                        
000054fb  EUSCIA3_IRQHandler                        
000054fb  EUSCIB0_IRQHandler                        
000054fb  EUSCIB1_IRQHandler                        
000054fb  EUSCIB2_IRQHandler                        
000054fb  EUSCIB3_IRQHandler                        
000054fb  FLCTL_A_IRQHandler                        
000054fb  FPU_IRQHandler                            
000054fb  HardFault_Handler                         
000054fb  LCD_F_IRQHandler                          
000054fb  MemManage_Handler                         
000054fb  NMI_Handler                               
000054fb  PCM_IRQHandler                            
000054fb  PORT1_IRQHandler                          
000054fb  PORT2_IRQHandler                          
000054fb  PORT3_IRQHandler                          
000054fb  PORT4_IRQHandler                          
000054fb  PORT5_IRQHandler                          
000054fb  PORT6_IRQHandler                          
000054fb  PSS_IRQHandler                            
000054fb  PendSV_Handler                            
000054fb  RTC_C_IRQHandler                          
000054fb  SVC_Handler                               
000054fb  SysTick_Handler                           
000054fb  T32_INT1_IRQHandler                       
000054fb  T32_INT2_IRQHandler                       
000054fb  T32_INTC_IRQHandler                       
000054fb  TA0_N_IRQHandler                          
000054fb  TA1_0_IRQHandler                          
000054fb  TA1_N_IRQHandler                          
000054fb  TA2_0_IRQHandler                          
000054fb  TA2_N_IRQHandler                          
000054fb  TA3_0_IRQHandler                          
000054fb  TA3_N_IRQHandler                          
000054fb  UsageFault_Handler                        
000054fb  WDT_A_IRQHandler                          
000054fd  ADC14_enableModule                        
00005509  CPU_cpsid                                 
00005515  CPU_cpsie                                 
00005521  FlashCtl_A_disableWordProgramming         
0000552d  FlashCtl_A_getInterruptStatus             
00005539  SysCtl_A_getFlashSize                     
00005545  SysCtl_A_getInfoFlashSize                 
00005551  CPU_primask                               
00005565  __aeabi_errno_addr                        
0000556d  malloc                                    
0000557d  _system_pre_init                          
00005581  C$$EXIT                                   
00005581  abort                                     
00005584  _ctypes_                                  
000057c8  UART_config                               
000057f0  upConfig_0                                
00005884  __TI_Handler_Table_Base                   
00005890  __TI_Handler_Table_Limit                  
00005898  __TI_CINIT_Base                           
000058a8  __TI_CINIT_Limit                          
20000000  __start___llvm_prf_cnts                   
20000000  __stop___llvm_prf_cnts                    
20000000  _sys_memory                               
20000400  __CIOBUF_                                 
20000520  __TI_tmpnams                              
200005c0  data                                      
20000638  buffer                                    
20000674  parmbuf                                   
2000067c  _ftable                                   
2000076c  _device                                   
200007e4  _stream                                   
20000834  ADCresult                                 
20000838  count                                     
2000083c  i                                         
20000840  j                                         
20000844  flag                                      
20000848  __TI_ft_end                               
2000084c  __aeabi_stdin                             
20000850  __aeabi_stdout                            
20000854  __aeabi_stderr                            
20000858  __TI_cleanup_ptr                          
2000085c  __TI_dtors_ptr                            
20000860  __TI_enable_exit_profile_output           
20000864  _lock                                     
20000868  _unlock                                   
20000874  errno                                     
20000878  SystemCoreClock                           
2003fe00  __stack                                   
20040000  __STACK_END                               
4000480c  WDTCTL_SYM                                
ffffffff  __TI_pprof_out_hndl                       
ffffffff  __TI_prof_data_size                       
ffffffff  __TI_prof_data_start                      
ffffffff  __binit__                                 
ffffffff  __c_args__                                
ffffffff  binit                                     
UNDEFED   __mpu_init                                
UNDEFED   _system_post_cinit                        

[256 symbols]
