<?xml version="1.0" encoding="ISO-8859-1" ?>
<link_info>
   <banner>TI ARM Linker PC v20.2.7.LTS</banner>
   <copyright>Copyright (c) 1996-2018 Texas Instruments Incorporated</copyright>
   <link_time>0x6414e526</link_time>
   <link_errors>0x0</link_errors>
   <output_file>Lab 6.out</output_file>
   <entry_point>
      <name>_c_int00_noargs</name>
      <address>0x5019</address>
   </entry_point>
   <input_file_list>
      <input_file id="fl-2">
         <path>.\</path>
         <kind>object</kind>
         <file>main.obj</file>
         <name>main.obj</name>
      </input_file>
      <input_file id="fl-3">
         <path>.\</path>
         <kind>object</kind>
         <file>startup_msp432p4111_ccs.obj</file>
         <name>startup_msp432p4111_ccs.obj</name>
      </input_file>
      <input_file id="fl-4">
         <path>.\</path>
         <kind>object</kind>
         <file>system_msp432p4111.obj</file>
         <name>system_msp432p4111.obj</name>
      </input_file>
      <input_file id="fl-9">
         <kind>object</kind>
         <file>&lt;internal&gt;</file>
         <name>&lt;internal&gt;</name>
      </input_file>
      <input_file id="fl-bf">
         <path>C:\ti\ccs1220\ccs\tools\compiler\ti-cgt-arm_20.2.7.LTS\lib\</path>
         <kind>archive</kind>
         <file>rtsv7M4_T_le_v4SPD16_eabi.lib</file>
         <name>printf.c.obj</name>
      </input_file>
      <input_file id="fl-c0">
         <path>C:\ti\ccs1220\ccs\tools\compiler\ti-cgt-arm_20.2.7.LTS\lib\</path>
         <kind>archive</kind>
         <file>rtsv7M4_T_le_v4SPD16_eabi.lib</file>
         <name>_printfi.c.obj</name>
      </input_file>
      <input_file id="fl-c1">
         <path>C:\ti\ccs1220\ccs\tools\compiler\ti-cgt-arm_20.2.7.LTS\lib\</path>
         <kind>archive</kind>
         <file>rtsv7M4_T_le_v4SPD16_eabi.lib</file>
         <name>sprintf.c.obj</name>
      </input_file>
      <input_file id="fl-c2">
         <path>C:\ti\ccs1220\ccs\tools\compiler\ti-cgt-arm_20.2.7.LTS\lib\</path>
         <kind>archive</kind>
         <file>rtsv7M4_T_le_v4SPD16_eabi.lib</file>
         <name>fputc.c.obj</name>
      </input_file>
      <input_file id="fl-c3">
         <path>C:\ti\ccs1220\ccs\tools\compiler\ti-cgt-arm_20.2.7.LTS\lib\</path>
         <kind>archive</kind>
         <file>rtsv7M4_T_le_v4SPD16_eabi.lib</file>
         <name>fputs.c.obj</name>
      </input_file>
      <input_file id="fl-c4">
         <path>C:\ti\ccs1220\ccs\tools\compiler\ti-cgt-arm_20.2.7.LTS\lib\</path>
         <kind>archive</kind>
         <file>rtsv7M4_T_le_v4SPD16_eabi.lib</file>
         <name>_io_perm.c.obj</name>
      </input_file>
      <input_file id="fl-c5">
         <path>C:\ti\ccs1220\ccs\tools\compiler\ti-cgt-arm_20.2.7.LTS\lib\</path>
         <kind>archive</kind>
         <file>rtsv7M4_T_le_v4SPD16_eabi.lib</file>
         <name>setvbuf.c.obj</name>
      </input_file>
      <input_file id="fl-c6">
         <path>C:\ti\ccs1220\ccs\tools\compiler\ti-cgt-arm_20.2.7.LTS\lib\</path>
         <kind>archive</kind>
         <file>rtsv7M4_T_le_v4SPD16_eabi.lib</file>
         <name>fd_add_t2.asm.obj</name>
      </input_file>
      <input_file id="fl-c7">
         <path>C:\ti\ccs1220\ccs\tools\compiler\ti-cgt-arm_20.2.7.LTS\lib\</path>
         <kind>archive</kind>
         <file>rtsv7M4_T_le_v4SPD16_eabi.lib</file>
         <name>fd_cmp_t2.asm.obj</name>
      </input_file>
      <input_file id="fl-c8">
         <path>C:\ti\ccs1220\ccs\tools\compiler\ti-cgt-arm_20.2.7.LTS\lib\</path>
         <kind>archive</kind>
         <file>rtsv7M4_T_le_v4SPD16_eabi.lib</file>
         <name>fd_div_t2.asm.obj</name>
      </input_file>
      <input_file id="fl-c9">
         <path>C:\ti\ccs1220\ccs\tools\compiler\ti-cgt-arm_20.2.7.LTS\lib\</path>
         <kind>archive</kind>
         <file>rtsv7M4_T_le_v4SPD16_eabi.lib</file>
         <name>fd_mul_t2.asm.obj</name>
      </input_file>
      <input_file id="fl-ca">
         <path>C:\ti\ccs1220\ccs\tools\compiler\ti-cgt-arm_20.2.7.LTS\lib\</path>
         <kind>archive</kind>
         <file>rtsv7M4_T_le_v4SPD16_eabi.lib</file>
         <name>fd_toi_t2.asm.obj</name>
      </input_file>
      <input_file id="fl-cb">
         <path>C:\ti\ccs1220\ccs\tools\compiler\ti-cgt-arm_20.2.7.LTS\lib\</path>
         <kind>archive</kind>
         <file>rtsv7M4_T_le_v4SPD16_eabi.lib</file>
         <name>fd_tos_t2.asm.obj</name>
      </input_file>
      <input_file id="fl-cc">
         <path>C:\ti\ccs1220\ccs\tools\compiler\ti-cgt-arm_20.2.7.LTS\lib\</path>
         <kind>archive</kind>
         <file>rtsv7M4_T_le_v4SPD16_eabi.lib</file>
         <name>fs_tod_t2.asm.obj</name>
      </input_file>
      <input_file id="fl-cd">
         <path>C:\ti\ccs1220\ccs\tools\compiler\ti-cgt-arm_20.2.7.LTS\lib\</path>
         <kind>archive</kind>
         <file>rtsv7M4_T_le_v4SPD16_eabi.lib</file>
         <name>i_tofd_t2.asm.obj</name>
      </input_file>
      <input_file id="fl-ce">
         <path>C:\ti\ccs1220\ccs\tools\compiler\ti-cgt-arm_20.2.7.LTS\lib\</path>
         <kind>archive</kind>
         <file>rtsv7M4_T_le_v4SPD16_eabi.lib</file>
         <name>memcpy_t2.asm.obj</name>
      </input_file>
      <input_file id="fl-cf">
         <path>C:\ti\ccs1220\ccs\tools\compiler\ti-cgt-arm_20.2.7.LTS\lib\</path>
         <kind>archive</kind>
         <file>rtsv7M4_T_le_v4SPD16_eabi.lib</file>
         <name>u_tofd_t2.asm.obj</name>
      </input_file>
      <input_file id="fl-d0">
         <path>C:\ti\ccs1220\ccs\tools\compiler\ti-cgt-arm_20.2.7.LTS\lib\</path>
         <kind>archive</kind>
         <file>rtsv7M4_T_le_v4SPD16_eabi.lib</file>
         <name>memset_t2.asm.obj</name>
      </input_file>
      <input_file id="fl-d1">
         <path>C:\ti\ccs1220\ccs\tools\compiler\ti-cgt-arm_20.2.7.LTS\lib\</path>
         <kind>archive</kind>
         <file>rtsv7M4_T_le_v4SPD16_eabi.lib</file>
         <name>ull_div_t2.asm.obj</name>
      </input_file>
      <input_file id="fl-d2">
         <path>C:\ti\ccs1220\ccs\tools\compiler\ti-cgt-arm_20.2.7.LTS\lib\</path>
         <kind>archive</kind>
         <file>rtsv7M4_T_le_v4SPD16_eabi.lib</file>
         <name>copy_zero_init.c.obj</name>
      </input_file>
      <input_file id="fl-d3">
         <path>C:\ti\ccs1220\ccs\tools\compiler\ti-cgt-arm_20.2.7.LTS\lib\</path>
         <kind>archive</kind>
         <file>rtsv7M4_T_le_v4SPD16_eabi.lib</file>
         <name>copy_decompress_none.c.obj</name>
      </input_file>
      <input_file id="fl-d4">
         <path>C:\ti\ccs1220\ccs\tools\compiler\ti-cgt-arm_20.2.7.LTS\lib\</path>
         <kind>archive</kind>
         <file>rtsv7M4_T_le_v4SPD16_eabi.lib</file>
         <name>copy_decompress_lzss.c.obj</name>
      </input_file>
      <input_file id="fl-d5">
         <path>C:\ti\ccs1220\ccs\tools\compiler\ti-cgt-arm_20.2.7.LTS\lib\</path>
         <kind>archive</kind>
         <file>rtsv7M4_T_le_v4SPD16_eabi.lib</file>
         <name>exit.c.obj</name>
      </input_file>
      <input_file id="fl-d6">
         <path>C:\ti\ccs1220\ccs\tools\compiler\ti-cgt-arm_20.2.7.LTS\lib\</path>
         <kind>archive</kind>
         <file>rtsv7M4_T_le_v4SPD16_eabi.lib</file>
         <name>_lock.c.obj</name>
      </input_file>
      <input_file id="fl-d7">
         <path>C:\ti\ccs1220\ccs\tools\compiler\ti-cgt-arm_20.2.7.LTS\lib\</path>
         <kind>archive</kind>
         <file>rtsv7M4_T_le_v4SPD16_eabi.lib</file>
         <name>_ltoa.c.obj</name>
      </input_file>
      <input_file id="fl-d8">
         <path>C:\ti\ccs1220\ccs\tools\compiler\ti-cgt-arm_20.2.7.LTS\lib\</path>
         <kind>archive</kind>
         <file>rtsv7M4_T_le_v4SPD16_eabi.lib</file>
         <name>atoi.c.obj</name>
      </input_file>
      <input_file id="fl-d9">
         <path>C:\ti\ccs1220\ccs\tools\compiler\ti-cgt-arm_20.2.7.LTS\lib\</path>
         <kind>archive</kind>
         <file>rtsv7M4_T_le_v4SPD16_eabi.lib</file>
         <name>ctype.c.obj</name>
      </input_file>
      <input_file id="fl-da">
         <path>C:\ti\ccs1220\ccs\tools\compiler\ti-cgt-arm_20.2.7.LTS\lib\</path>
         <kind>archive</kind>
         <file>rtsv7M4_T_le_v4SPD16_eabi.lib</file>
         <name>defs.c.obj</name>
      </input_file>
      <input_file id="fl-db">
         <path>C:\ti\ccs1220\ccs\tools\compiler\ti-cgt-arm_20.2.7.LTS\lib\</path>
         <kind>archive</kind>
         <file>rtsv7M4_T_le_v4SPD16_eabi.lib</file>
         <name>memccpy.c.obj</name>
      </input_file>
      <input_file id="fl-dc">
         <path>C:\ti\ccs1220\ccs\tools\compiler\ti-cgt-arm_20.2.7.LTS\lib\</path>
         <kind>archive</kind>
         <file>rtsv7M4_T_le_v4SPD16_eabi.lib</file>
         <name>memchr.c.obj</name>
      </input_file>
      <input_file id="fl-dd">
         <path>C:\ti\ccs1220\ccs\tools\compiler\ti-cgt-arm_20.2.7.LTS\lib\</path>
         <kind>archive</kind>
         <file>rtsv7M4_T_le_v4SPD16_eabi.lib</file>
         <name>memory.c.obj</name>
      </input_file>
      <input_file id="fl-de">
         <path>C:\ti\ccs1220\ccs\tools\compiler\ti-cgt-arm_20.2.7.LTS\lib\</path>
         <kind>archive</kind>
         <file>rtsv7M4_T_le_v4SPD16_eabi.lib</file>
         <name>strchr.c.obj</name>
      </input_file>
      <input_file id="fl-df">
         <path>C:\ti\ccs1220\ccs\tools\compiler\ti-cgt-arm_20.2.7.LTS\lib\</path>
         <kind>archive</kind>
         <file>rtsv7M4_T_le_v4SPD16_eabi.lib</file>
         <name>strlen.c.obj</name>
      </input_file>
      <input_file id="fl-e0">
         <path>C:\ti\ccs1220\ccs\tools\compiler\ti-cgt-arm_20.2.7.LTS\lib\</path>
         <kind>archive</kind>
         <file>rtsv7M4_T_le_v4SPD16_eabi.lib</file>
         <name>boot_cortex_m.c.obj</name>
      </input_file>
      <input_file id="fl-e1">
         <path>C:\ti\ccs1220\ccs\tools\compiler\ti-cgt-arm_20.2.7.LTS\lib\</path>
         <kind>archive</kind>
         <file>rtsv7M4_T_le_v4SPD16_eabi.lib</file>
         <name>write.c.obj</name>
      </input_file>
      <input_file id="fl-e2">
         <path>C:\ti\ccs1220\ccs\tools\compiler\ti-cgt-arm_20.2.7.LTS\lib\</path>
         <kind>archive</kind>
         <file>rtsv7M4_T_le_v4SPD16_eabi.lib</file>
         <name>host_device.c.obj</name>
      </input_file>
      <input_file id="fl-e3">
         <path>C:\ti\ccs1220\ccs\tools\compiler\ti-cgt-arm_20.2.7.LTS\lib\</path>
         <kind>archive</kind>
         <file>rtsv7M4_T_le_v4SPD16_eabi.lib</file>
         <name>errno.c.obj</name>
      </input_file>
      <input_file id="fl-e4">
         <path>C:\ti\ccs1220\ccs\tools\compiler\ti-cgt-arm_20.2.7.LTS\lib\</path>
         <kind>archive</kind>
         <file>rtsv7M4_T_le_v4SPD16_eabi.lib</file>
         <name>wcslen.c.obj</name>
      </input_file>
      <input_file id="fl-e5">
         <path>C:\ti\ccs1220\ccs\tools\compiler\ti-cgt-arm_20.2.7.LTS\lib\</path>
         <kind>archive</kind>
         <file>rtsv7M4_T_le_v4SPD16_eabi.lib</file>
         <name>s_frexp.c.obj</name>
      </input_file>
      <input_file id="fl-e6">
         <path>C:\ti\ccs1220\ccs\tools\compiler\ti-cgt-arm_20.2.7.LTS\lib\</path>
         <kind>archive</kind>
         <file>rtsv7M4_T_le_v4SPD16_eabi.lib</file>
         <name>s_scalbn.c.obj</name>
      </input_file>
      <input_file id="fl-e7">
         <path>C:\ti\ccs1220\ccs\tools\compiler\ti-cgt-arm_20.2.7.LTS\lib\</path>
         <kind>archive</kind>
         <file>rtsv7M4_T_le_v4SPD16_eabi.lib</file>
         <name>fflush.c.obj</name>
      </input_file>
      <input_file id="fl-e8">
         <path>C:\ti\ccs1220\ccs\tools\compiler\ti-cgt-arm_20.2.7.LTS\lib\</path>
         <kind>archive</kind>
         <file>rtsv7M4_T_le_v4SPD16_eabi.lib</file>
         <name>fopen.c.obj</name>
      </input_file>
      <input_file id="fl-e9">
         <path>C:\ti\ccs1220\ccs\tools\compiler\ti-cgt-arm_20.2.7.LTS\lib\</path>
         <kind>archive</kind>
         <file>rtsv7M4_T_le_v4SPD16_eabi.lib</file>
         <name>fseek.c.obj</name>
      </input_file>
      <input_file id="fl-ea">
         <path>C:\ti\ccs1220\ccs\tools\compiler\ti-cgt-arm_20.2.7.LTS\lib\</path>
         <kind>archive</kind>
         <file>rtsv7M4_T_le_v4SPD16_eabi.lib</file>
         <name>div0.asm.obj</name>
      </input_file>
      <input_file id="fl-eb">
         <path>C:\ti\ccs1220\ccs\tools\compiler\ti-cgt-arm_20.2.7.LTS\lib\</path>
         <kind>archive</kind>
         <file>rtsv7M4_T_le_v4SPD16_eabi.lib</file>
         <name>autoinit.c.obj</name>
      </input_file>
      <input_file id="fl-ec">
         <path>C:\ti\ccs1220\ccs\tools\compiler\ti-cgt-arm_20.2.7.LTS\lib\</path>
         <kind>archive</kind>
         <file>rtsv7M4_T_le_v4SPD16_eabi.lib</file>
         <name>pre_init.c.obj</name>
      </input_file>
      <input_file id="fl-ed">
         <path>C:\ti\ccs1220\ccs\tools\compiler\ti-cgt-arm_20.2.7.LTS\lib\</path>
         <kind>archive</kind>
         <file>rtsv7M4_T_le_v4SPD16_eabi.lib</file>
         <name>cpy_tbl.c.obj</name>
      </input_file>
      <input_file id="fl-ee">
         <path>C:\ti\ccs1220\ccs\tools\compiler\ti-cgt-arm_20.2.7.LTS\lib\</path>
         <kind>archive</kind>
         <file>rtsv7M4_T_le_v4SPD16_eabi.lib</file>
         <name>args_main.c.obj</name>
      </input_file>
      <input_file id="fl-ef">
         <path>C:\ti\ccs1220\ccs\tools\compiler\ti-cgt-arm_20.2.7.LTS\lib\</path>
         <kind>archive</kind>
         <file>rtsv7M4_T_le_v4SPD16_eabi.lib</file>
         <name>hostclose.c.obj</name>
      </input_file>
      <input_file id="fl-f0">
         <path>C:\ti\ccs1220\ccs\tools\compiler\ti-cgt-arm_20.2.7.LTS\lib\</path>
         <kind>archive</kind>
         <file>rtsv7M4_T_le_v4SPD16_eabi.lib</file>
         <name>hostlseek.c.obj</name>
      </input_file>
      <input_file id="fl-f1">
         <path>C:\ti\ccs1220\ccs\tools\compiler\ti-cgt-arm_20.2.7.LTS\lib\</path>
         <kind>archive</kind>
         <file>rtsv7M4_T_le_v4SPD16_eabi.lib</file>
         <name>hostopen.c.obj</name>
      </input_file>
      <input_file id="fl-f2">
         <path>C:\ti\ccs1220\ccs\tools\compiler\ti-cgt-arm_20.2.7.LTS\lib\</path>
         <kind>archive</kind>
         <file>rtsv7M4_T_le_v4SPD16_eabi.lib</file>
         <name>hostread.c.obj</name>
      </input_file>
      <input_file id="fl-f3">
         <path>C:\ti\ccs1220\ccs\tools\compiler\ti-cgt-arm_20.2.7.LTS\lib\</path>
         <kind>archive</kind>
         <file>rtsv7M4_T_le_v4SPD16_eabi.lib</file>
         <name>hostrename.c.obj</name>
      </input_file>
      <input_file id="fl-f4">
         <path>C:\ti\ccs1220\ccs\tools\compiler\ti-cgt-arm_20.2.7.LTS\lib\</path>
         <kind>archive</kind>
         <file>rtsv7M4_T_le_v4SPD16_eabi.lib</file>
         <name>hostunlink.c.obj</name>
      </input_file>
      <input_file id="fl-f5">
         <path>C:\ti\ccs1220\ccs\tools\compiler\ti-cgt-arm_20.2.7.LTS\lib\</path>
         <kind>archive</kind>
         <file>rtsv7M4_T_le_v4SPD16_eabi.lib</file>
         <name>hostwrite.c.obj</name>
      </input_file>
      <input_file id="fl-f6">
         <path>C:\ti\ccs1220\ccs\tools\compiler\ti-cgt-arm_20.2.7.LTS\lib\</path>
         <kind>archive</kind>
         <file>rtsv7M4_T_le_v4SPD16_eabi.lib</file>
         <name>trgmsg.c.obj</name>
      </input_file>
      <input_file id="fl-f7">
         <path>C:\ti\ccs1220\ccs\tools\compiler\ti-cgt-arm_20.2.7.LTS\lib\</path>
         <kind>archive</kind>
         <file>rtsv7M4_T_le_v4SPD16_eabi.lib</file>
         <name>open.c.obj</name>
      </input_file>
      <input_file id="fl-f8">
         <path>C:\ti\ccs1220\ccs\tools\compiler\ti-cgt-arm_20.2.7.LTS\lib\</path>
         <kind>archive</kind>
         <file>rtsv7M4_T_le_v4SPD16_eabi.lib</file>
         <name>lseek.c.obj</name>
      </input_file>
      <input_file id="fl-f9">
         <path>C:\ti\ccs1220\ccs\tools\compiler\ti-cgt-arm_20.2.7.LTS\lib\</path>
         <kind>archive</kind>
         <file>rtsv7M4_T_le_v4SPD16_eabi.lib</file>
         <name>s_copysign.c.obj</name>
      </input_file>
      <input_file id="fl-fa">
         <path>C:\ti\ccs1220\ccs\tools\compiler\ti-cgt-arm_20.2.7.LTS\lib\</path>
         <kind>archive</kind>
         <file>rtsv7M4_T_le_v4SPD16_eabi.lib</file>
         <name>fclose.c.obj</name>
      </input_file>
      <input_file id="fl-fb">
         <path>C:\ti\ccs1220\ccs\tools\compiler\ti-cgt-arm_20.2.7.LTS\lib\</path>
         <kind>archive</kind>
         <file>rtsv7M4_T_le_v4SPD16_eabi.lib</file>
         <name>getdevice.c.obj</name>
      </input_file>
      <input_file id="fl-fc">
         <path>C:\ti\ccs1220\ccs\tools\compiler\ti-cgt-arm_20.2.7.LTS\lib\</path>
         <kind>archive</kind>
         <file>rtsv7M4_T_le_v4SPD16_eabi.lib</file>
         <name>strcmp.c.obj</name>
      </input_file>
      <input_file id="fl-fd">
         <path>C:\ti\ccs1220\ccs\tools\compiler\ti-cgt-arm_20.2.7.LTS\lib\</path>
         <kind>archive</kind>
         <file>rtsv7M4_T_le_v4SPD16_eabi.lib</file>
         <name>strcpy.c.obj</name>
      </input_file>
      <input_file id="fl-fe">
         <path>C:\ti\ccs1220\ccs\tools\compiler\ti-cgt-arm_20.2.7.LTS\lib\</path>
         <kind>archive</kind>
         <file>rtsv7M4_T_le_v4SPD16_eabi.lib</file>
         <name>strncpy.c.obj</name>
      </input_file>
      <input_file id="fl-ff">
         <path>C:\ti\ccs1220\ccs\tools\compiler\ti-cgt-arm_20.2.7.LTS\lib\</path>
         <kind>archive</kind>
         <file>rtsv7M4_T_le_v4SPD16_eabi.lib</file>
         <name>remove.c.obj</name>
      </input_file>
      <input_file id="fl-100">
         <path>C:\ti\ccs1220\ccs\tools\compiler\ti-cgt-arm_20.2.7.LTS\lib\</path>
         <kind>archive</kind>
         <file>rtsv7M4_T_le_v4SPD16_eabi.lib</file>
         <name>close.c.obj</name>
      </input_file>
      <input_file id="fl-101">
         <path>C:\ti\ccs1220\ccs\tools\compiler\ti-cgt-arm_20.2.7.LTS\lib\</path>
         <kind>archive</kind>
         <file>rtsv7M4_T_le_v4SPD16_eabi.lib</file>
         <name>unlink.c.obj</name>
      </input_file>
      <input_file id="fl-102">
         <path>C:\Users\parth\OneDrive\Desktop\ME 4405\source\ti\devices\msp432p4xx\driverlib\ccs\</path>
         <kind>archive</kind>
         <file>msp432p4xx_driverlib.lib</file>
         <name>adc14.o</name>
      </input_file>
      <input_file id="fl-103">
         <path>C:\Users\parth\OneDrive\Desktop\ME 4405\source\ti\devices\msp432p4xx\driverlib\ccs\</path>
         <kind>archive</kind>
         <file>msp432p4xx_driverlib.lib</file>
         <name>cs.o</name>
      </input_file>
      <input_file id="fl-104">
         <path>C:\Users\parth\OneDrive\Desktop\ME 4405\source\ti\devices\msp432p4xx\driverlib\ccs\</path>
         <kind>archive</kind>
         <file>msp432p4xx_driverlib.lib</file>
         <name>flash_a.o</name>
      </input_file>
      <input_file id="fl-105">
         <path>C:\Users\parth\OneDrive\Desktop\ME 4405\source\ti\devices\msp432p4xx\driverlib\ccs\</path>
         <kind>archive</kind>
         <file>msp432p4xx_driverlib.lib</file>
         <name>fpu.o</name>
      </input_file>
      <input_file id="fl-106">
         <path>C:\Users\parth\OneDrive\Desktop\ME 4405\source\ti\devices\msp432p4xx\driverlib\ccs\</path>
         <kind>archive</kind>
         <file>msp432p4xx_driverlib.lib</file>
         <name>gpio.o</name>
      </input_file>
      <input_file id="fl-107">
         <path>C:\Users\parth\OneDrive\Desktop\ME 4405\source\ti\devices\msp432p4xx\driverlib\ccs\</path>
         <kind>archive</kind>
         <file>msp432p4xx_driverlib.lib</file>
         <name>interrupt.o</name>
      </input_file>
      <input_file id="fl-108">
         <path>C:\Users\parth\OneDrive\Desktop\ME 4405\source\ti\devices\msp432p4xx\driverlib\ccs\</path>
         <kind>archive</kind>
         <file>msp432p4xx_driverlib.lib</file>
         <name>ref_a.o</name>
      </input_file>
      <input_file id="fl-109">
         <path>C:\Users\parth\OneDrive\Desktop\ME 4405\source\ti\devices\msp432p4xx\driverlib\ccs\</path>
         <kind>archive</kind>
         <file>msp432p4xx_driverlib.lib</file>
         <name>sysctl_a.o</name>
      </input_file>
      <input_file id="fl-10a">
         <path>C:\Users\parth\OneDrive\Desktop\ME 4405\source\ti\devices\msp432p4xx\driverlib\ccs\</path>
         <kind>archive</kind>
         <file>msp432p4xx_driverlib.lib</file>
         <name>timer_a.o</name>
      </input_file>
      <input_file id="fl-10b">
         <path>C:\Users\parth\OneDrive\Desktop\ME 4405\source\ti\devices\msp432p4xx\driverlib\ccs\</path>
         <kind>archive</kind>
         <file>msp432p4xx_driverlib.lib</file>
         <name>uart.o</name>
      </input_file>
      <input_file id="fl-10c">
         <path>C:\Users\parth\OneDrive\Desktop\ME 4405\source\ti\devices\msp432p4xx\driverlib\ccs\</path>
         <kind>archive</kind>
         <file>msp432p4xx_driverlib.lib</file>
         <name>wdt_a.o</name>
      </input_file>
      <input_file id="fl-10d">
         <path>C:\Users\parth\OneDrive\Desktop\ME 4405\source\ti\devices\msp432p4xx\driverlib\ccs\</path>
         <kind>archive</kind>
         <file>msp432p4xx_driverlib.lib</file>
         <name>cpu.o</name>
      </input_file>
   </input_file_list>
   <object_component_list>
      <object_component id="oc-26">
         <name>.intvecs:retain</name>
         <load_address>0x0</load_address>
         <run_address>0x0</run_address>
         <size>0xe8</size>
         <input_file_ref idref="fl-3"/>
      </object_component>
      <object_component id="oc-2a0">
         <name>.text:__TI_printfi</name>
         <load_address>0xe8</load_address>
         <run_address>0xe8</run_address>
         <size>0xa4e</size>
         <input_file_ref idref="fl-c0"/>
      </object_component>
      <object_component id="oc-3e6">
         <name>.text:_nop</name>
         <load_address>0xb36</load_address>
         <run_address>0xb36</run_address>
         <size>0x2</size>
         <input_file_ref idref="fl-d6"/>
      </object_component>
      <object_component id="oc-ac">
         <name>.text</name>
         <load_address>0xb38</load_address>
         <run_address>0xb38</run_address>
         <size>0x350</size>
         <input_file_ref idref="fl-4"/>
      </object_component>
      <object_component id="oc-70">
         <name>.text</name>
         <load_address>0xe88</load_address>
         <run_address>0xe88</run_address>
         <size>0x334</size>
         <input_file_ref idref="fl-2"/>
      </object_component>
      <object_component id="oc-2eb">
         <name>.text:FlashCtl_A_verifyMemory</name>
         <load_address>0x11bc</load_address>
         <run_address>0x11bc</run_address>
         <size>0x288</size>
         <input_file_ref idref="fl-104"/>
      </object_component>
      <object_component id="oc-3be">
         <name>.text:_pconv_a</name>
         <load_address>0x1444</load_address>
         <run_address>0x1444</run_address>
         <size>0x270</size>
         <input_file_ref idref="fl-c0"/>
      </object_component>
      <object_component id="oc-1a4">
         <name>.text:FlashCtl_A_unprotectMemory</name>
         <load_address>0x16b4</load_address>
         <run_address>0x16b4</run_address>
         <size>0x22c</size>
         <input_file_ref idref="fl-104"/>
      </object_component>
      <object_component id="oc-1b6">
         <name>.text:FlashCtl_A_protectMemory</name>
         <load_address>0x18e0</load_address>
         <run_address>0x18e0</run_address>
         <size>0x228</size>
         <input_file_ref idref="fl-104"/>
      </object_component>
      <object_component id="oc-304">
         <name>.text:_FlashCtl_A_ProgramBurst</name>
         <load_address>0x1b08</load_address>
         <run_address>0x1b08</run_address>
         <size>0x1ec</size>
         <input_file_ref idref="fl-104"/>
      </object_component>
      <object_component id="oc-3ac">
         <name>.text:_pconv_g</name>
         <load_address>0x1cf4</load_address>
         <run_address>0x1cf4</run_address>
         <size>0x1d0</size>
         <input_file_ref idref="fl-c0"/>
      </object_component>
      <object_component id="oc-4aa">
         <name>.text</name>
         <load_address>0x1ec4</load_address>
         <run_address>0x1ec4</run_address>
         <size>0x1b6</size>
         <input_file_ref idref="fl-c6"/>
      </object_component>
      <object_component id="oc-53f">
         <name>.text</name>
         <load_address>0x207a</load_address>
         <run_address>0x207a</run_address>
         <size>0x2</size>
         <input_file_ref idref="fl-ea"/>
      </object_component>
      <object_component id="oc-bf">
         <name>.text:CS_setDCOFrequency</name>
         <load_address>0x207c</load_address>
         <run_address>0x207c</run_address>
         <size>0x19c</size>
         <input_file_ref idref="fl-103"/>
      </object_component>
      <object_component id="oc-1b0">
         <name>.text:FlashCtl_A_programMemory</name>
         <load_address>0x2218</load_address>
         <run_address>0x2218</run_address>
         <size>0x162</size>
         <input_file_ref idref="fl-104"/>
      </object_component>
      <object_component id="oc-27a">
         <name>.text:_getIndexForMemRegister</name>
         <load_address>0x237c</load_address>
         <run_address>0x237c</run_address>
         <size>0x160</size>
         <input_file_ref idref="fl-102"/>
      </object_component>
      <object_component id="oc-288">
         <name>.text:privateTimer_AProcessClockSourceDivider</name>
         <load_address>0x24dc</load_address>
         <run_address>0x24dc</run_address>
         <size>0x144</size>
         <input_file_ref idref="fl-10a"/>
      </object_component>
      <object_component id="oc-3b8">
         <name>.text:_pconv_e</name>
         <load_address>0x2620</load_address>
         <run_address>0x2620</run_address>
         <size>0x13c</size>
         <input_file_ref idref="fl-c0"/>
      </object_component>
      <object_component id="oc-1aa">
         <name>.text:FlashCtl_A_eraseSector</name>
         <load_address>0x275c</load_address>
         <run_address>0x275c</run_address>
         <size>0x138</size>
         <input_file_ref idref="fl-104"/>
      </object_component>
      <object_component id="oc-188">
         <name>.text</name>
         <load_address>0x2894</load_address>
         <run_address>0x2894</run_address>
         <size>0x136</size>
         <input_file_ref idref="fl-c8"/>
      </object_component>
      <object_component id="oc-c5">
         <name>.text:CS_initClockSignal</name>
         <load_address>0x29cc</load_address>
         <run_address>0x29cc</run_address>
         <size>0x130</size>
         <input_file_ref idref="fl-103"/>
      </object_component>
      <object_component id="oc-459">
         <name>.text:__FlashCtl_A_remaskBurstDataPre</name>
         <load_address>0x2afc</load_address>
         <run_address>0x2afc</run_address>
         <size>0x130</size>
         <input_file_ref idref="fl-104"/>
      </object_component>
      <object_component id="oc-45f">
         <name>.text:__FlashCtl_A_remaskBurstDataPost</name>
         <load_address>0x2c2c</load_address>
         <run_address>0x2c2c</run_address>
         <size>0x12c</size>
         <input_file_ref idref="fl-104"/>
      </object_component>
      <object_component id="oc-4bc">
         <name>.text:fcvt</name>
         <load_address>0x2d58</load_address>
         <run_address>0x2d58</run_address>
         <size>0x124</size>
         <input_file_ref idref="fl-c0"/>
      </object_component>
      <object_component id="oc-dd">
         <name>.text:UART_initModule</name>
         <load_address>0x2e7c</load_address>
         <run_address>0x2e7c</run_address>
         <size>0x11c</size>
         <input_file_ref idref="fl-10b"/>
      </object_component>
      <object_component id="oc-3f4">
         <name>.text:fputs</name>
         <load_address>0x2f98</load_address>
         <run_address>0x2f98</run_address>
         <size>0x114</size>
         <input_file_ref idref="fl-c3"/>
      </object_component>
      <object_component id="oc-4d0">
         <name>.text:scalbn</name>
         <load_address>0x30ac</load_address>
         <run_address>0x30ac</run_address>
         <size>0x110</size>
         <input_file_ref idref="fl-e6"/>
      </object_component>
      <object_component id="oc-5e8">
         <name>.text:aligned_alloc</name>
         <load_address>0x31bc</load_address>
         <run_address>0x31bc</run_address>
         <size>0x100</size>
         <input_file_ref idref="fl-dd"/>
      </object_component>
      <object_component id="oc-183">
         <name>.text</name>
         <load_address>0x32bc</load_address>
         <run_address>0x32bc</run_address>
         <size>0xfc</size>
         <input_file_ref idref="fl-c9"/>
      </object_component>
      <object_component id="oc-5a6">
         <name>.text:free</name>
         <load_address>0x33b8</load_address>
         <run_address>0x33b8</run_address>
         <size>0xe4</size>
         <input_file_ref idref="fl-dd"/>
      </object_component>
      <object_component id="oc-578">
         <name>.text:setvbuf</name>
         <load_address>0x349c</load_address>
         <run_address>0x349c</run_address>
         <size>0xdc</size>
         <input_file_ref idref="fl-c5"/>
      </object_component>
      <object_component id="oc-44c">
         <name>.text:__FlashCtl_A_remaskData32Pre</name>
         <load_address>0x3578</load_address>
         <run_address>0x3578</run_address>
         <size>0xd4</size>
         <input_file_ref idref="fl-104"/>
      </object_component>
      <object_component id="oc-452">
         <name>.text:__FlashCtl_A_remaskData32Post</name>
         <load_address>0x364c</load_address>
         <run_address>0x364c</run_address>
         <size>0xd0</size>
         <input_file_ref idref="fl-104"/>
      </object_component>
      <object_component id="oc-2f8">
         <name>.text:_FlashCtl_A_Program8</name>
         <load_address>0x371c</load_address>
         <run_address>0x371c</run_address>
         <size>0xc8</size>
         <input_file_ref idref="fl-104"/>
      </object_component>
      <object_component id="oc-2fe">
         <name>.text:_FlashCtl_A_Program32</name>
         <load_address>0x37e4</load_address>
         <run_address>0x37e4</run_address>
         <size>0xbc</size>
         <input_file_ref idref="fl-104"/>
      </object_component>
      <object_component id="oc-125">
         <name>.text:ADC14_configureConversionMemory</name>
         <load_address>0x38a0</load_address>
         <run_address>0x38a0</run_address>
         <size>0xb4</size>
         <input_file_ref idref="fl-102"/>
      </object_component>
      <object_component id="oc-3a1">
         <name>.text:_ltostr</name>
         <load_address>0x3954</load_address>
         <run_address>0x3954</run_address>
         <size>0xb1</size>
         <input_file_ref idref="fl-c0"/>
      </object_component>
      <object_component id="oc-3a">
         <name>.text</name>
         <load_address>0x3a06</load_address>
         <run_address>0x3a06</run_address>
         <size>0x9c</size>
         <input_file_ref idref="fl-ce"/>
      </object_component>
      <object_component id="oc-48e">
         <name>.text</name>
         <load_address>0x3aa2</load_address>
         <run_address>0x3aa2</run_address>
         <size>0x96</size>
         <input_file_ref idref="fl-d1"/>
      </object_component>
      <object_component id="oc-23b">
         <name>.text:SysCtl_A_getTLVInfo</name>
         <load_address>0x3b38</load_address>
         <run_address>0x3b38</run_address>
         <size>0x94</size>
         <input_file_ref idref="fl-109"/>
      </object_component>
      <object_component id="oc-3fb">
         <name>.text:fputc</name>
         <load_address>0x3bcc</load_address>
         <run_address>0x3bcc</run_address>
         <size>0x8c</size>
         <input_file_ref idref="fl-c2"/>
      </object_component>
      <object_component id="oc-247">
         <name>.text:CS_tuneDCOFrequency</name>
         <load_address>0x3c58</load_address>
         <run_address>0x3c58</run_address>
         <size>0x88</size>
         <input_file_ref idref="fl-103"/>
      </object_component>
      <object_component id="oc-d7">
         <name>.text:GPIO_setAsPeripheralModuleFunctionInputPin</name>
         <load_address>0x3ce0</load_address>
         <run_address>0x3ce0</run_address>
         <size>0x88</size>
         <input_file_ref idref="fl-106"/>
      </object_component>
      <object_component id="oc-43f">
         <name>.text:__FlashCtl_A_remaskData8Pre</name>
         <load_address>0x3d68</load_address>
         <run_address>0x3d68</run_address>
         <size>0x88</size>
         <input_file_ref idref="fl-104"/>
      </object_component>
      <object_component id="oc-3a7">
         <name>.text:__aeabi_cdcmple</name>
         <load_address>0x3df0</load_address>
         <run_address>0x3df0</run_address>
         <size>0x86</size>
         <input_file_ref idref="fl-c7"/>
      </object_component>
      <object_component id="oc-495">
         <name>.text:__aeabi_cdrcmple</name>
         <load_address>0x3e76</load_address>
         <run_address>0x3e76</run_address>
         <size>0x86</size>
         <input_file_ref idref="fl-c7"/>
      </object_component>
      <object_component id="oc-445">
         <name>.text:__FlashCtl_A_remaskData8Post</name>
         <load_address>0x3efc</load_address>
         <run_address>0x3efc</run_address>
         <size>0x82</size>
         <input_file_ref idref="fl-104"/>
      </object_component>
      <object_component id="oc-137">
         <name>.text:Interrupt_enableInterrupt</name>
         <load_address>0x3f80</load_address>
         <run_address>0x3f80</run_address>
         <size>0x80</size>
         <input_file_ref idref="fl-107"/>
      </object_component>
      <object_component id="oc-94">
         <name>.text</name>
         <load_address>0x4000</load_address>
         <run_address>0x4000</run_address>
         <size>0x7a</size>
         <input_file_ref idref="fl-d0"/>
      </object_component>
      <object_component id="oc-425">
         <name>.text:FlashCtl_A_setReadMode</name>
         <load_address>0x407c</load_address>
         <run_address>0x407c</run_address>
         <size>0x78</size>
         <input_file_ref idref="fl-104"/>
      </object_component>
      <object_component id="oc-5ef">
         <name>.text:__TI_closefile</name>
         <load_address>0x40f4</load_address>
         <run_address>0x40f4</run_address>
         <size>0x74</size>
         <input_file_ref idref="fl-fa"/>
      </object_component>
      <object_component id="oc-630">
         <name>.text:split</name>
         <load_address>0x4168</load_address>
         <run_address>0x4168</run_address>
         <size>0x70</size>
         <input_file_ref idref="fl-dd"/>
      </object_component>
      <object_component id="oc-4b5">
         <name>.text:_mcpy</name>
         <load_address>0x41d8</load_address>
         <run_address>0x41d8</run_address>
         <size>0x6e</size>
         <input_file_ref idref="fl-c0"/>
      </object_component>
      <object_component id="oc-18d">
         <name>.text</name>
         <load_address>0x4246</load_address>
         <run_address>0x4246</run_address>
         <size>0x6e</size>
         <input_file_ref idref="fl-cb"/>
      </object_component>
      <object_component id="oc-61f">
         <name>.text:HOSTrename</name>
         <load_address>0x42b4</load_address>
         <run_address>0x42b4</run_address>
         <size>0x6c</size>
         <input_file_ref idref="fl-f3"/>
      </object_component>
      <object_component id="oc-613">
         <name>.text:HOSTlseek</name>
         <load_address>0x4320</load_address>
         <run_address>0x4320</run_address>
         <size>0x68</size>
         <input_file_ref idref="fl-f0"/>
      </object_component>
      <object_component id="oc-131">
         <name>.text:Timer_A_configureUpMode</name>
         <load_address>0x4388</load_address>
         <run_address>0x4388</run_address>
         <size>0x68</size>
         <input_file_ref idref="fl-10a"/>
      </object_component>
      <object_component id="oc-17">
         <name>.text:decompress:lzss:__TI_decompress_lzss</name>
         <load_address>0x43f0</load_address>
         <run_address>0x43f0</run_address>
         <size>0x68</size>
         <input_file_ref idref="fl-d4"/>
      </object_component>
      <object_component id="oc-192">
         <name>.text:printf</name>
         <load_address>0x4458</load_address>
         <run_address>0x4458</run_address>
         <size>0x68</size>
         <input_file_ref idref="fl-bf"/>
      </object_component>
      <object_component id="oc-4ca">
         <name>.text:frexp</name>
         <load_address>0x44c0</load_address>
         <run_address>0x44c0</run_address>
         <size>0x64</size>
         <input_file_ref idref="fl-e5"/>
      </object_component>
      <object_component id="oc-572">
         <name>.text:fseek</name>
         <load_address>0x4524</load_address>
         <run_address>0x4524</run_address>
         <size>0x64</size>
         <input_file_ref idref="fl-e9"/>
      </object_component>
      <object_component id="oc-501">
         <name>.text:__TI_wrt_ok</name>
         <load_address>0x4588</load_address>
         <run_address>0x4588</run_address>
         <size>0x62</size>
         <input_file_ref idref="fl-c4"/>
      </object_component>
      <object_component id="oc-5fb">
         <name>.text:HOSTopen</name>
         <load_address>0x45ec</load_address>
         <run_address>0x45ec</run_address>
         <size>0x60</size>
         <input_file_ref idref="fl-f1"/>
      </object_component>
      <object_component id="oc-637">
         <name>.text:close</name>
         <load_address>0x464c</load_address>
         <run_address>0x464c</run_address>
         <size>0x5c</size>
         <input_file_ref idref="fl-100"/>
      </object_component>
      <object_component id="oc-119">
         <name>.text:ADC14_configureSingleSampleMode</name>
         <load_address>0x46a8</load_address>
         <run_address>0x46a8</run_address>
         <size>0x58</size>
         <input_file_ref idref="fl-102"/>
      </object_component>
      <object_component id="oc-cb">
         <name>.text:GPIO_setAsInputPinWithPullUpResistor</name>
         <load_address>0x4700</load_address>
         <run_address>0x4700</run_address>
         <size>0x58</size>
         <input_file_ref idref="fl-106"/>
      </object_component>
      <object_component id="oc-607">
         <name>.text:HOSTread</name>
         <load_address>0x4758</load_address>
         <run_address>0x4758</run_address>
         <size>0x58</size>
         <input_file_ref idref="fl-f2"/>
      </object_component>
      <object_component id="oc-60d">
         <name>.text:HOSTwrite</name>
         <load_address>0x47b0</load_address>
         <run_address>0x47b0</run_address>
         <size>0x58</size>
         <input_file_ref idref="fl-f5"/>
      </object_component>
      <object_component id="oc-3b2">
         <name>.text:_pconv_f</name>
         <load_address>0x4808</load_address>
         <run_address>0x4808</run_address>
         <size>0x56</size>
         <input_file_ref idref="fl-c0"/>
      </object_component>
      <object_component id="oc-113">
         <name>.text:ADC14_initModule</name>
         <load_address>0x4860</load_address>
         <run_address>0x4860</run_address>
         <size>0x54</size>
         <input_file_ref idref="fl-102"/>
      </object_component>
      <object_component id="oc-101">
         <name>.text:Interrupt_setPriority</name>
         <load_address>0x48b4</load_address>
         <run_address>0x48b4</run_address>
         <size>0x54</size>
         <input_file_ref idref="fl-107"/>
      </object_component>
      <object_component id="oc-49f">
         <name>.text:__TI_ltoa</name>
         <load_address>0x4908</load_address>
         <run_address>0x4908</run_address>
         <size>0x54</size>
         <input_file_ref idref="fl-d7"/>
      </object_component>
      <object_component id="oc-4af">
         <name>.text:_ecpy</name>
         <load_address>0x495c</load_address>
         <run_address>0x495c</run_address>
         <size>0x52</size>
         <input_file_ref idref="fl-c0"/>
      </object_component>
      <object_component id="oc-433">
         <name>.text:FlashCtl_A_clearProgramVerification</name>
         <load_address>0x49b0</load_address>
         <run_address>0x49b0</run_address>
         <size>0x4c</size>
         <input_file_ref idref="fl-104"/>
      </object_component>
      <object_component id="oc-42d">
         <name>.text:FlashCtl_A_setProgramVerification</name>
         <load_address>0x49fc</load_address>
         <run_address>0x49fc</run_address>
         <size>0x4c</size>
         <input_file_ref idref="fl-104"/>
      </object_component>
      <object_component id="oc-50d">
         <name>.text:__TI_doflush</name>
         <load_address>0x4a48</load_address>
         <run_address>0x4a48</run_address>
         <size>0x4c</size>
         <input_file_ref idref="fl-e7"/>
      </object_component>
      <object_component id="oc-39b">
         <name>.text:atoi</name>
         <load_address>0x4a94</load_address>
         <run_address>0x4a94</run_address>
         <size>0x4c</size>
         <input_file_ref idref="fl-d8"/>
      </object_component>
      <object_component id="oc-41f">
         <name>.text:FlashCtl_A_setWaitState</name>
         <load_address>0x4ae0</load_address>
         <run_address>0x4ae0</run_address>
         <size>0x48</size>
         <input_file_ref idref="fl-104"/>
      </object_component>
      <object_component id="oc-1f3">
         <name>.text:exit</name>
         <load_address>0x4b28</load_address>
         <run_address>0x4b28</run_address>
         <size>0x48</size>
         <input_file_ref idref="fl-d5"/>
      </object_component>
      <object_component id="oc-49a">
         <name>.text</name>
         <load_address>0x4b70</load_address>
         <run_address>0x4b70</run_address>
         <size>0x48</size>
         <input_file_ref idref="fl-ca"/>
      </object_component>
      <object_component id="oc-601">
         <name>.text:HOSTclose</name>
         <load_address>0x4bb8</load_address>
         <run_address>0x4bb8</run_address>
         <size>0x44</size>
         <input_file_ref idref="fl-ef"/>
      </object_component>
      <object_component id="oc-619">
         <name>.text:HOSTunlink</name>
         <load_address>0x4bfc</load_address>
         <run_address>0x4bfc</run_address>
         <size>0x44</size>
         <input_file_ref idref="fl-f4"/>
      </object_component>
      <object_component id="oc-1f9">
         <name>.text:__TI_auto_init_nobinit_nopinit:__TI_auto_init_nobinit_nopinit</name>
         <load_address>0x4c40</load_address>
         <run_address>0x4c40</run_address>
         <size>0x44</size>
         <input_file_ref idref="fl-eb"/>
      </object_component>
      <object_component id="oc-66f">
         <name>.text:getdevice</name>
         <load_address>0x4c84</load_address>
         <run_address>0x4c84</run_address>
         <size>0x44</size>
         <input_file_ref idref="fl-fb"/>
      </object_component>
      <object_component id="oc-d1">
         <name>.text:GPIO_setAsOutputPin</name>
         <load_address>0x4cc8</load_address>
         <run_address>0x4cc8</run_address>
         <size>0x40</size>
         <input_file_ref idref="fl-106"/>
      </object_component>
      <object_component id="oc-160">
         <name>.text:sprintf</name>
         <load_address>0x4d08</load_address>
         <run_address>0x4d08</run_address>
         <size>0x40</size>
         <input_file_ref idref="fl-c1"/>
      </object_component>
      <object_component id="oc-4c2">
         <name>.text:_fcpy</name>
         <load_address>0x4d48</load_address>
         <run_address>0x4d48</run_address>
         <size>0x3e</size>
         <input_file_ref idref="fl-c0"/>
      </object_component>
      <object_component id="oc-ef">
         <name>.text:GPIO_interruptEdgeSelect</name>
         <load_address>0x4d88</load_address>
         <run_address>0x4d88</run_address>
         <size>0x3c</size>
         <input_file_ref idref="fl-106"/>
      </object_component>
      <object_component id="oc-2f2">
         <name>.text:FlashCtl_A_enableWordProgramming</name>
         <load_address>0x4dc4</load_address>
         <run_address>0x4dc4</run_address>
         <size>0x38</size>
         <input_file_ref idref="fl-104"/>
      </object_component>
      <object_component id="oc-419">
         <name>.text:FlashCtl_A_getReadMode</name>
         <load_address>0x4dfc</load_address>
         <run_address>0x4dfc</run_address>
         <size>0x38</size>
         <input_file_ref idref="fl-104"/>
      </object_component>
      <object_component id="oc-413">
         <name>.text:FlashCtl_A_getWaitState</name>
         <load_address>0x4e34</load_address>
         <run_address>0x4e34</run_address>
         <size>0x38</size>
         <input_file_ref idref="fl-104"/>
      </object_component>
      <object_component id="oc-648">
         <name>.text:__TI_writemsg</name>
         <load_address>0x4e6c</load_address>
         <run_address>0x4e6c</run_address>
         <size>0x38</size>
         <input_file_ref idref="fl-f6"/>
      </object_component>
      <object_component id="oc-15b">
         <name>.text</name>
         <load_address>0x4ea4</load_address>
         <run_address>0x4ea4</run_address>
         <size>0x38</size>
         <input_file_ref idref="fl-cc"/>
      </object_component>
      <object_component id="oc-691">
         <name>.text:strncpy</name>
         <load_address>0x4edc</load_address>
         <run_address>0x4edc</run_address>
         <size>0x36</size>
         <input_file_ref idref="fl-fe"/>
      </object_component>
      <object_component id="oc-12b">
         <name>.text:ADC14_enableSampleTimer</name>
         <load_address>0x4f14</load_address>
         <run_address>0x4f14</run_address>
         <size>0x34</size>
         <input_file_ref idref="fl-102"/>
      </object_component>
      <object_component id="oc-241">
         <name>.text:CS_setDCOCenteredFrequency</name>
         <load_address>0x4f48</load_address>
         <run_address>0x4f48</run_address>
         <size>0x34</size>
         <input_file_ref idref="fl-103"/>
      </object_component>
      <object_component id="oc-166">
         <name>.text:UART_transmitData</name>
         <load_address>0x4f7c</load_address>
         <run_address>0x4f7c</run_address>
         <size>0x34</size>
         <input_file_ref idref="fl-10b"/>
      </object_component>
      <object_component id="oc-5b2">
         <name>.text:__TI_cleanup</name>
         <load_address>0x4fb0</load_address>
         <run_address>0x4fb0</run_address>
         <size>0x34</size>
         <input_file_ref idref="fl-e8"/>
      </object_component>
      <object_component id="oc-64e">
         <name>.text:__TI_readmsg</name>
         <load_address>0x4fe4</load_address>
         <run_address>0x4fe4</run_address>
         <size>0x34</size>
         <input_file_ref idref="fl-f6"/>
      </object_component>
      <object_component id="oc-58">
         <name>.text:_c_int00_noargs:_c_int00_noargs</name>
         <load_address>0x5018</load_address>
         <run_address>0x5018</run_address>
         <size>0x34</size>
         <input_file_ref idref="fl-e0"/>
      </object_component>
      <object_component id="oc-149">
         <name>.text:GPIO_getInputPinValue</name>
         <load_address>0x504c</load_address>
         <run_address>0x504c</run_address>
         <size>0x30</size>
         <input_file_ref idref="fl-106"/>
      </object_component>
      <object_component id="oc-697">
         <name>.text:finddevice</name>
         <load_address>0x507c</load_address>
         <run_address>0x507c</run_address>
         <size>0x30</size>
         <input_file_ref idref="fl-fb"/>
      </object_component>
      <object_component id="oc-4a5">
         <name>.text</name>
         <load_address>0x50ac</load_address>
         <run_address>0x50ac</run_address>
         <size>0x2e</size>
         <input_file_ref idref="fl-cd"/>
      </object_component>
      <object_component id="oc-16c">
         <name>.text:ADC14_toggleConversionTrigger</name>
         <load_address>0x50dc</load_address>
         <run_address>0x50dc</run_address>
         <size>0x2c</size>
         <input_file_ref idref="fl-102"/>
      </object_component>
      <object_component id="oc-19e">
         <name>.text:Timer_A_clearCaptureCompareInterrupt</name>
         <load_address>0x5108</load_address>
         <run_address>0x5108</run_address>
         <size>0x2c</size>
         <input_file_ref idref="fl-10a"/>
      </object_component>
      <object_component id="oc-63d">
         <name>.text:unlink</name>
         <load_address>0x5134</load_address>
         <run_address>0x5134</run_address>
         <size>0x2c</size>
         <input_file_ref idref="fl-101"/>
      </object_component>
      <object_component id="oc-143">
         <name>.text:ADC14_enableConversion</name>
         <load_address>0x5160</load_address>
         <run_address>0x5160</run_address>
         <size>0x28</size>
         <input_file_ref idref="fl-102"/>
      </object_component>
      <object_component id="oc-178">
         <name>.text:ADC14_getResult</name>
         <load_address>0x5188</load_address>
         <run_address>0x5188</run_address>
         <size>0x28</size>
         <input_file_ref idref="fl-102"/>
      </object_component>
      <object_component id="oc-f5">
         <name>.text:GPIO_clearInterruptFlag</name>
         <load_address>0x51b0</load_address>
         <run_address>0x51b0</run_address>
         <size>0x28</size>
         <input_file_ref idref="fl-106"/>
      </object_component>
      <object_component id="oc-fb">
         <name>.text:GPIO_enableInterrupt</name>
         <load_address>0x51d8</load_address>
         <run_address>0x51d8</run_address>
         <size>0x28</size>
         <input_file_ref idref="fl-106"/>
      </object_component>
      <object_component id="oc-198">
         <name>.text:GPIO_setOutputHighOnPin</name>
         <load_address>0x5200</load_address>
         <run_address>0x5200</run_address>
         <size>0x28</size>
         <input_file_ref idref="fl-106"/>
      </object_component>
      <object_component id="oc-155">
         <name>.text:GPIO_setOutputLowOnPin</name>
         <load_address>0x5228</load_address>
         <run_address>0x5228</run_address>
         <size>0x28</size>
         <input_file_ref idref="fl-106"/>
      </object_component>
      <object_component id="oc-5e1">
         <name>.text:free_list_insert</name>
         <load_address>0x5250</load_address>
         <run_address>0x5250</run_address>
         <size>0x28</size>
         <input_file_ref idref="fl-dd"/>
      </object_component>
      <object_component id="oc-59e">
         <name>.text:lseek</name>
         <load_address>0x5278</load_address>
         <run_address>0x5278</run_address>
         <size>0x28</size>
         <input_file_ref idref="fl-f8"/>
      </object_component>
      <object_component id="oc-513">
         <name>.text:write</name>
         <load_address>0x52a0</load_address>
         <run_address>0x52a0</run_address>
         <size>0x28</size>
         <input_file_ref idref="fl-e1"/>
      </object_component>
      <object_component id="oc-b3">
         <name>.text:WDT_A_holdTimer</name>
         <load_address>0x52c8</load_address>
         <run_address>0x52c8</run_address>
         <size>0x24</size>
         <input_file_ref idref="fl-10c"/>
      </object_component>
      <object_component id="oc-10d">
         <name>.text:ADC14_setResolution</name>
         <load_address>0x52ec</load_address>
         <run_address>0x52ec</run_address>
         <size>0x20</size>
         <input_file_ref idref="fl-102"/>
      </object_component>
      <object_component id="oc-11f">
         <name>.text:REF_A_setReferenceVoltage</name>
         <load_address>0x530c</load_address>
         <run_address>0x530c</run_address>
         <size>0x20</size>
         <input_file_ref idref="fl-108"/>
      </object_component>
      <object_component id="oc-507">
         <name>.text:memchr</name>
         <load_address>0x532c</load_address>
         <run_address>0x532c</run_address>
         <size>0x20</size>
         <input_file_ref idref="fl-dc"/>
      </object_component>
      <object_component id="oc-17e">
         <name>.text</name>
         <load_address>0x534c</load_address>
         <run_address>0x534c</run_address>
         <size>0x20</size>
         <input_file_ref idref="fl-cf"/>
      </object_component>
      <object_component id="oc-46">
         <name>.text:decompress:ZI:__TI_zero_init_nomemset:__TI_zero_init_nomemset</name>
         <load_address>0x536c</load_address>
         <run_address>0x536c</run_address>
         <size>0x1c</size>
         <input_file_ref idref="fl-d2"/>
      </object_component>
      <object_component id="oc-5db">
         <name>.text:free_list_remove</name>
         <load_address>0x5388</load_address>
         <run_address>0x5388</run_address>
         <size>0x1c</size>
         <input_file_ref idref="fl-dd"/>
      </object_component>
      <object_component id="oc-3c4">
         <name>.text:memccpy</name>
         <load_address>0x53a4</load_address>
         <run_address>0x53a4</run_address>
         <size>0x1c</size>
         <input_file_ref idref="fl-db"/>
      </object_component>
      <object_component id="oc-556">
         <name>.text:copysign</name>
         <load_address>0x53c0</load_address>
         <run_address>0x53c0</run_address>
         <size>0x1a</size>
         <input_file_ref idref="fl-f9"/>
      </object_component>
      <object_component id="oc-b9">
         <name>.text:FPU_enableModule</name>
         <load_address>0x53dc</load_address>
         <run_address>0x53dc</run_address>
         <size>0x18</size>
         <input_file_ref idref="fl-105"/>
      </object_component>
      <object_component id="oc-2a6">
         <name>.text:_outs</name>
         <load_address>0x53f4</load_address>
         <run_address>0x53f4</run_address>
         <size>0x18</size>
         <input_file_ref idref="fl-c1"/>
      </object_component>
      <object_component id="oc-6ae">
         <name>.text:strcmp</name>
         <load_address>0x540c</load_address>
         <run_address>0x540c</run_address>
         <size>0x18</size>
         <input_file_ref idref="fl-fc"/>
      </object_component>
      <object_component id="oc-13d">
         <name>.text:Timer_A_startCounter</name>
         <load_address>0x5424</load_address>
         <run_address>0x5424</run_address>
         <size>0x16</size>
         <input_file_ref idref="fl-10a"/>
      </object_component>
      <object_component id="oc-e3">
         <name>.text:UART_enableModule</name>
         <load_address>0x543a</load_address>
         <run_address>0x543a</run_address>
         <size>0x16</size>
         <input_file_ref idref="fl-10b"/>
      </object_component>
      <object_component id="oc-4d6">
         <name>.text:strchr</name>
         <load_address>0x5450</load_address>
         <run_address>0x5450</run_address>
         <size>0x16</size>
         <input_file_ref idref="fl-de"/>
      </object_component>
      <object_component id="oc-662">
         <name>.text:strcpy</name>
         <load_address>0x5466</load_address>
         <run_address>0x5466</run_address>
         <size>0x14</size>
         <input_file_ref idref="fl-fd"/>
      </object_component>
      <object_component id="oc-395">
         <name>.text:strlen</name>
         <load_address>0x547a</load_address>
         <run_address>0x547a</run_address>
         <size>0x14</size>
         <input_file_ref idref="fl-df"/>
      </object_component>
      <object_component id="oc-3ca">
         <name>.text:wcslen</name>
         <load_address>0x548e</load_address>
         <run_address>0x548e</run_address>
         <size>0x12</size>
         <input_file_ref idref="fl-e4"/>
      </object_component>
      <object_component id="oc-172">
         <name>.text:ADC14_isBusy</name>
         <load_address>0x54a0</load_address>
         <run_address>0x54a0</run_address>
         <size>0x10</size>
         <input_file_ref idref="fl-102"/>
      </object_component>
      <object_component id="oc-273">
         <name>.text:ADCIsConversionRunning</name>
         <load_address>0x54b0</load_address>
         <run_address>0x54b0</run_address>
         <size>0x10</size>
         <input_file_ref idref="fl-102"/>
      </object_component>
      <object_component id="oc-e9">
         <name>.text:Interrupt_disableMaster</name>
         <load_address>0x54c0</load_address>
         <run_address>0x54c0</run_address>
         <size>0x10</size>
         <input_file_ref idref="fl-107"/>
      </object_component>
      <object_component id="oc-14f">
         <name>.text:Interrupt_enableMaster</name>
         <load_address>0x54d0</load_address>
         <run_address>0x54d0</run_address>
         <size>0x10</size>
         <input_file_ref idref="fl-107"/>
      </object_component>
      <object_component id="oc-1d">
         <name>.text:decompress:none:__TI_decompress_none</name>
         <load_address>0x54e0</load_address>
         <run_address>0x54e0</run_address>
         <size>0xe</size>
         <input_file_ref idref="fl-d3"/>
      </object_component>
      <object_component id="oc-6a">
         <name>.text</name>
         <load_address>0x54ee</load_address>
         <run_address>0x54ee</run_address>
         <size>0xe</size>
         <input_file_ref idref="fl-3"/>
      </object_component>
      <object_component id="oc-107">
         <name>.text:ADC14_enableModule</name>
         <load_address>0x54fc</load_address>
         <run_address>0x54fc</run_address>
         <size>0xc</size>
         <input_file_ref idref="fl-102"/>
      </object_component>
      <object_component id="oc-263">
         <name>.text:CPU_cpsid</name>
         <load_address>0x5508</load_address>
         <run_address>0x5508</run_address>
         <size>0xc</size>
         <input_file_ref idref="fl-10d"/>
      </object_component>
      <object_component id="oc-297">
         <name>.text:CPU_cpsie</name>
         <load_address>0x5514</load_address>
         <run_address>0x5514</run_address>
         <size>0xc</size>
         <input_file_ref idref="fl-10d"/>
      </object_component>
      <object_component id="oc-30a">
         <name>.text:FlashCtl_A_disableWordProgramming</name>
         <load_address>0x5520</load_address>
         <run_address>0x5520</run_address>
         <size>0xc</size>
         <input_file_ref idref="fl-104"/>
      </object_component>
      <object_component id="oc-439">
         <name>.text:FlashCtl_A_getInterruptStatus</name>
         <load_address>0x552c</load_address>
         <run_address>0x552c</run_address>
         <size>0xc</size>
         <input_file_ref idref="fl-104"/>
      </object_component>
      <object_component id="oc-2d7">
         <name>.text:SysCtl_A_getFlashSize</name>
         <load_address>0x5538</load_address>
         <run_address>0x5538</run_address>
         <size>0xc</size>
         <input_file_ref idref="fl-109"/>
      </object_component>
      <object_component id="oc-2dd">
         <name>.text:SysCtl_A_getInfoFlashSize</name>
         <load_address>0x5544</load_address>
         <run_address>0x5544</run_address>
         <size>0xc</size>
         <input_file_ref idref="fl-109"/>
      </object_component>
      <object_component id="oc-2e5">
         <name>.text:CPU_primask</name>
         <load_address>0x5550</load_address>
         <run_address>0x5550</run_address>
         <size>0xa</size>
         <input_file_ref idref="fl-10d"/>
      </object_component>
      <object_component id="oc-2ac">
         <name>.text:_outc</name>
         <load_address>0x555a</load_address>
         <run_address>0x555a</run_address>
         <size>0xa</size>
         <input_file_ref idref="fl-c1"/>
      </object_component>
      <object_component id="oc-3d0">
         <name>.text:__aeabi_errno_addr</name>
         <load_address>0x5564</load_address>
         <run_address>0x5564</run_address>
         <size>0x8</size>
         <input_file_ref idref="fl-e3"/>
      </object_component>
      <object_component id="oc-5ac">
         <name>.text:malloc</name>
         <load_address>0x556c</load_address>
         <run_address>0x556c</run_address>
         <size>0x8</size>
         <input_file_ref idref="fl-dd"/>
      </object_component>
      <object_component id="oc-2cd">
         <name>.text:_outc</name>
         <load_address>0x5574</load_address>
         <run_address>0x5574</run_address>
         <size>0x4</size>
         <input_file_ref idref="fl-bf"/>
      </object_component>
      <object_component id="oc-2c7">
         <name>.text:_outs</name>
         <load_address>0x5578</load_address>
         <run_address>0x5578</run_address>
         <size>0x4</size>
         <input_file_ref idref="fl-bf"/>
      </object_component>
      <object_component id="oc-9a">
         <name>.text:_system_pre_init</name>
         <load_address>0x557c</load_address>
         <run_address>0x557c</run_address>
         <size>0x4</size>
         <input_file_ref idref="fl-ec"/>
      </object_component>
      <object_component id="oc-1ed">
         <name>.text:abort:abort</name>
         <load_address>0x5580</load_address>
         <run_address>0x5580</run_address>
         <size>0x4</size>
         <input_file_ref idref="fl-d5"/>
      </object_component>
      <object_component id="oc-489">
         <name>.const:.string:_ctypes_</name>
         <load_address>0x5584</load_address>
         <run_address>0x5584</run_address>
         <size>0x101</size>
         <input_file_ref idref="fl-d9"/>
      </object_component>
      <object_component id="oc-282">
         <name>.const:_ctlRegs</name>
         <load_address>0x5688</load_address>
         <run_address>0x5688</run_address>
         <size>0x80</size>
         <input_file_ref idref="fl-102"/>
      </object_component>
      <object_component id="oc-26d">
         <name>.const:g_pulRegs</name>
         <load_address>0x5708</load_address>
         <run_address>0x5708</run_address>
         <size>0x50</size>
         <input_file_ref idref="fl-107"/>
      </object_component>
      <object_component id="oc-465">
         <name>.const:__getBurstProgramRegs</name>
         <load_address>0x5758</load_address>
         <run_address>0x5758</run_address>
         <size>0x40</size>
         <input_file_ref idref="fl-104"/>
      </object_component>
      <object_component id="oc-25a">
         <name>.const:GPIO_PORT_TO_BASE</name>
         <load_address>0x5798</load_address>
         <run_address>0x5798</run_address>
         <size>0x30</size>
         <input_file_ref idref="fl-106"/>
      </object_component>
      <object_component id="oc-1bc">
         <name>.const:UART_config</name>
         <load_address>0x57c8</load_address>
         <run_address>0x57c8</run_address>
         <size>0x28</size>
         <input_file_ref idref="fl-2"/>
      </object_component>
      <object_component id="oc-1bf">
         <name>.const:upConfig_0</name>
         <load_address>0x57f0</load_address>
         <run_address>0x57f0</run_address>
         <size>0x18</size>
         <input_file_ref idref="fl-2"/>
      </object_component>
      <object_component id="oc-290">
         <name>.const:g_pulEnRegs</name>
         <load_address>0x5808</load_address>
         <run_address>0x5808</run_address>
         <size>0x8</size>
         <input_file_ref idref="fl-107"/>
      </object_component>
      <object_component id="oc-6ee">
         <name>.cinit..data.load</name>
         <load_address>0x5810</load_address>
         <run_address>0x5810</run_address>
         <size>0x71</size>
      </object_component>
      <object_component id="oc-6ec">
         <name>__TI_handler_table</name>
         <load_address>0x5884</load_address>
         <run_address>0x5884</run_address>
         <size>0xc</size>
      </object_component>
      <object_component id="oc-6ef">
         <name>.cinit..bss.load</name>
         <load_address>0x5890</load_address>
         <run_address>0x5890</run_address>
         <size>0x8</size>
      </object_component>
      <object_component id="oc-6ed">
         <name>__TI_cinit_table</name>
         <load_address>0x5898</load_address>
         <run_address>0x5898</run_address>
         <size>0x10</size>
      </object_component>
      <object_component id="oc-6c0">
         <name>.binit</name>
         <load_address>0x0</load_address>
         <run_address>0x0</run_address>
         <size>0x0</size>
      </object_component>
      <object_component id="oc-1c2">
         <name>.data</name>
         <load_address>0x20000834</load_address>
         <run_address>0x20000834</run_address>
         <size>0x14</size>
         <input_file_ref idref="fl-2"/>
      </object_component>
      <object_component id="oc-22b">
         <name>.data</name>
         <load_address>0x20000878</load_address>
         <run_address>0x20000878</run_address>
         <size>0x4</size>
         <input_file_ref idref="fl-4"/>
      </object_component>
      <object_component id="oc-339">
         <name>.data:$O1$$</name>
         <load_address>0x20000858</load_address>
         <run_address>0x20000858</run_address>
         <size>0xc</size>
         <input_file_ref idref="fl-d5"/>
      </object_component>
      <object_component id="oc-2c1">
         <name>.data:$O1$$</name>
         <load_address>0x20000864</load_address>
         <run_address>0x20000864</run_address>
         <size>0x8</size>
         <input_file_ref idref="fl-d6"/>
      </object_component>
      <object_component id="oc-2c4">
         <name>.data:_ftable</name>
         <load_address>0x2000067c</load_address>
         <run_address>0x2000067c</run_address>
         <size>0xf0</size>
         <input_file_ref idref="fl-da"/>
      </object_component>
      <object_component id="oc-5f5">
         <name>.data</name>
         <load_address>0x20000848</load_address>
         <run_address>0x20000848</run_address>
         <size>0x10</size>
         <input_file_ref idref="fl-da"/>
      </object_component>
      <object_component id="oc-62b">
         <name>.data:$O1$$</name>
         <load_address>0x2000086c</load_address>
         <run_address>0x2000086c</run_address>
         <size>0x8</size>
         <input_file_ref idref="fl-dd"/>
      </object_component>
      <object_component id="oc-5c5">
         <name>.data:_device</name>
         <load_address>0x2000076c</load_address>
         <run_address>0x2000076c</run_address>
         <size>0x78</size>
         <input_file_ref idref="fl-e2"/>
      </object_component>
      <object_component id="oc-584">
         <name>.data:_stream</name>
         <load_address>0x200007e4</load_address>
         <run_address>0x200007e4</run_address>
         <size>0x50</size>
         <input_file_ref idref="fl-e2"/>
      </object_component>
      <object_component id="oc-4e6">
         <name>.data</name>
         <load_address>0x20000874</load_address>
         <run_address>0x20000874</run_address>
         <size>0x4</size>
         <input_file_ref idref="fl-e3"/>
      </object_component>
      <object_component id="oc-679">
         <name>.bss:_CIOBUF_</name>
         <uninitialized>true</uninitialized>
         <run_address>0x20000400</run_address>
         <size>0x120</size>
         <input_file_ref idref="fl-f6"/>
      </object_component>
      <object_component id="oc-1c5">
         <name>.common:buffer</name>
         <uninitialized>true</uninitialized>
         <run_address>0x20000638</run_address>
         <size>0x3c</size>
      </object_component>
      <object_component id="oc-1c8">
         <name>.common:data</name>
         <uninitialized>true</uninitialized>
         <run_address>0x200005c0</run_address>
         <size>0x78</size>
      </object_component>
      <object_component id="oc-643">
         <name>.common:__TI_tmpnams</name>
         <uninitialized>true</uninitialized>
         <run_address>0x20000520</run_address>
         <size>0xa0</size>
      </object_component>
      <object_component id="oc-654">
         <name>.common:parmbuf</name>
         <uninitialized>true</uninitialized>
         <run_address>0x20000674</run_address>
         <size>0x8</size>
      </object_component>
      <object_component id="oc-29">
         <name>.sysmem</name>
         <uninitialized>true</uninitialized>
         <run_address>0x20000000</run_address>
         <size>0x10</size>
         <input_file_ref idref="fl-dd"/>
      </object_component>
      <object_component id="oc-6f2">
         <name>.sysmem</name>
         <uninitialized>true</uninitialized>
         <run_address>0x20000000</run_address>
         <size>0x0</size>
      </object_component>
      <object_component id="oc-2c">
         <name>.stack</name>
         <uninitialized>true</uninitialized>
         <run_address>0x2003fe00</run_address>
         <size>0x4</size>
         <input_file_ref idref="fl-e0"/>
      </object_component>
      <object_component id="oc-6f1">
         <name>.stack</name>
         <uninitialized>true</uninitialized>
         <run_address>0x2003fe00</run_address>
         <size>0x0</size>
      </object_component>
      <object_component id="oc-1c6">
         <name>.debug_info</name>
         <load_address>0x0</load_address>
         <run_address>0x0</run_address>
         <size>0x1051</size>
         <input_file_ref idref="fl-2"/>
      </object_component>
      <object_component id="oc-1c3">
         <name>.debug_info</name>
         <load_address>0x1051</load_address>
         <run_address>0x1051</run_address>
         <size>0x12f</size>
         <input_file_ref idref="fl-2"/>
      </object_component>
      <object_component id="oc-1c0">
         <name>.debug_info</name>
         <load_address>0x1180</load_address>
         <run_address>0x1180</run_address>
         <size>0xd7</size>
         <input_file_ref idref="fl-2"/>
      </object_component>
      <object_component id="oc-1bd">
         <name>.debug_info</name>
         <load_address>0x1257</load_address>
         <run_address>0x1257</run_address>
         <size>0xd9</size>
         <input_file_ref idref="fl-2"/>
      </object_component>
      <object_component id="oc-71">
         <name>.debug_info</name>
         <load_address>0x1330</load_address>
         <run_address>0x1330</run_address>
         <size>0x762</size>
         <input_file_ref idref="fl-2"/>
      </object_component>
      <object_component id="oc-1cc">
         <name>.debug_info</name>
         <load_address>0x1a92</load_address>
         <run_address>0x1a92</run_address>
         <size>0x26b</size>
         <input_file_ref idref="fl-2"/>
      </object_component>
      <object_component id="oc-31f">
         <name>.debug_info</name>
         <load_address>0x1cfd</load_address>
         <run_address>0x1cfd</run_address>
         <size>0x1055</size>
         <input_file_ref idref="fl-2"/>
      </object_component>
      <object_component id="oc-31a">
         <name>.debug_info</name>
         <load_address>0x2d52</load_address>
         <run_address>0x2d52</run_address>
         <size>0x3c27</size>
         <input_file_ref idref="fl-2"/>
      </object_component>
      <object_component id="oc-324">
         <name>.debug_info</name>
         <load_address>0x6979</load_address>
         <run_address>0x6979</run_address>
         <size>0x341</size>
         <input_file_ref idref="fl-2"/>
      </object_component>
      <object_component id="oc-24e">
         <name>.debug_info</name>
         <load_address>0x6cba</load_address>
         <run_address>0x6cba</run_address>
         <size>0x8b</size>
         <input_file_ref idref="fl-2"/>
      </object_component>
      <object_component id="oc-333">
         <name>.debug_info</name>
         <load_address>0x6d45</load_address>
         <run_address>0x6d45</run_address>
         <size>0x2a4</size>
         <input_file_ref idref="fl-2"/>
      </object_component>
      <object_component id="oc-32e">
         <name>.debug_info</name>
         <load_address>0x6fe9</load_address>
         <run_address>0x6fe9</run_address>
         <size>0xef</size>
         <input_file_ref idref="fl-2"/>
      </object_component>
      <object_component id="oc-22f">
         <name>.debug_info</name>
         <load_address>0x70d8</load_address>
         <run_address>0x70d8</run_address>
         <size>0xbb</size>
         <input_file_ref idref="fl-2"/>
      </object_component>
      <object_component id="oc-2b4">
         <name>.debug_info</name>
         <load_address>0x7193</load_address>
         <run_address>0x7193</run_address>
         <size>0x2c</size>
         <input_file_ref idref="fl-2"/>
      </object_component>
      <object_component id="oc-329">
         <name>.debug_info</name>
         <load_address>0x71bf</load_address>
         <run_address>0x71bf</run_address>
         <size>0x102</size>
         <input_file_ref idref="fl-2"/>
      </object_component>
      <object_component id="oc-78">
         <name>.debug_info</name>
         <load_address>0x72c1</load_address>
         <run_address>0x72c1</run_address>
         <size>0x2ca</size>
         <input_file_ref idref="fl-3"/>
      </object_component>
      <object_component id="oc-27">
         <name>.debug_info</name>
         <load_address>0x758b</load_address>
         <run_address>0x758b</run_address>
         <size>0xf6</size>
         <input_file_ref idref="fl-3"/>
      </object_component>
      <object_component id="oc-6d">
         <name>.debug_info</name>
         <load_address>0x7681</load_address>
         <run_address>0x7681</run_address>
         <size>0x1bd</size>
         <input_file_ref idref="fl-3"/>
      </object_component>
      <object_component id="oc-35">
         <name>.debug_info</name>
         <load_address>0x783e</load_address>
         <run_address>0x783e</run_address>
         <size>0x84</size>
         <input_file_ref idref="fl-3"/>
      </object_component>
      <object_component id="oc-22c">
         <name>.debug_info</name>
         <load_address>0x78c2</load_address>
         <run_address>0x78c2</run_address>
         <size>0xef</size>
         <input_file_ref idref="fl-4"/>
      </object_component>
      <object_component id="oc-ad">
         <name>.debug_info</name>
         <load_address>0x79b1</load_address>
         <run_address>0x79b1</run_address>
         <size>0x261</size>
         <input_file_ref idref="fl-4"/>
      </object_component>
      <object_component id="oc-2d4">
         <name>.debug_info</name>
         <load_address>0x7c12</load_address>
         <run_address>0x7c12</run_address>
         <size>0x3e5</size>
         <input_file_ref idref="fl-bf"/>
      </object_component>
      <object_component id="oc-2d0">
         <name>.debug_info</name>
         <load_address>0x7ff7</load_address>
         <run_address>0x7ff7</run_address>
         <size>0x157</size>
         <input_file_ref idref="fl-bf"/>
      </object_component>
      <object_component id="oc-2c8">
         <name>.debug_info</name>
         <load_address>0x814e</load_address>
         <run_address>0x814e</run_address>
         <size>0x166</size>
         <input_file_ref idref="fl-bf"/>
      </object_component>
      <object_component id="oc-195">
         <name>.debug_info</name>
         <load_address>0x82b4</load_address>
         <run_address>0x82b4</run_address>
         <size>0x1ac</size>
         <input_file_ref idref="fl-bf"/>
      </object_component>
      <object_component id="oc-404">
         <name>.debug_info</name>
         <load_address>0x8460</load_address>
         <run_address>0x8460</run_address>
         <size>0xb2</size>
         <input_file_ref idref="fl-bf"/>
      </object_component>
      <object_component id="oc-3d7">
         <name>.debug_info</name>
         <load_address>0x8512</load_address>
         <run_address>0x8512</run_address>
         <size>0x590</size>
         <input_file_ref idref="fl-c0"/>
      </object_component>
      <object_component id="oc-3a3">
         <name>.debug_info</name>
         <load_address>0x8aa2</load_address>
         <run_address>0x8aa2</run_address>
         <size>0x21e</size>
         <input_file_ref idref="fl-c0"/>
      </object_component>
      <object_component id="oc-4b0">
         <name>.debug_info</name>
         <load_address>0x8cc0</load_address>
         <run_address>0x8cc0</run_address>
         <size>0x1b3</size>
         <input_file_ref idref="fl-c0"/>
      </object_component>
      <object_component id="oc-4b7">
         <name>.debug_info</name>
         <load_address>0x8e73</load_address>
         <run_address>0x8e73</run_address>
         <size>0x21b</size>
         <input_file_ref idref="fl-c0"/>
      </object_component>
      <object_component id="oc-3ae">
         <name>.debug_info</name>
         <load_address>0x908e</load_address>
         <run_address>0x908e</run_address>
         <size>0x3c0</size>
         <input_file_ref idref="fl-c0"/>
      </object_component>
      <object_component id="oc-4be">
         <name>.debug_info</name>
         <load_address>0x944e</load_address>
         <run_address>0x944e</run_address>
         <size>0x30a</size>
         <input_file_ref idref="fl-c0"/>
      </object_component>
      <object_component id="oc-4c3">
         <name>.debug_info</name>
         <load_address>0x9758</load_address>
         <run_address>0x9758</run_address>
         <size>0x215</size>
         <input_file_ref idref="fl-c0"/>
      </object_component>
      <object_component id="oc-3b4">
[...]
      </symbol>
      <symbol id="sm-73f">
         <name>HOSTunlink</name>
         <value>0x4bfd</value>
         <object_component_ref idref="oc-619"/>
      </symbol>
      <symbol id="sm-750">
         <name>HOSTwrite</name>
         <value>0x47b1</value>
         <object_component_ref idref="oc-60d"/>
      </symbol>
      <symbol id="sm-774">
         <name>__TI_readmsg</name>
         <value>0x4fe5</value>
         <object_component_ref idref="oc-64e"/>
      </symbol>
      <symbol id="sm-775">
         <name>C$$IO$$</name>
         <value>0x4e9b</value>
         <object_component_ref idref="oc-648"/>
      </symbol>
      <symbol id="sm-776">
         <name>__CIOBUF_</name>
         <value>0x20000400</value>
         <object_component_ref idref="oc-679"/>
      </symbol>
      <symbol id="sm-777">
         <name>__TI_writemsg</name>
         <value>0x4e6d</value>
         <object_component_ref idref="oc-648"/>
      </symbol>
      <symbol id="sm-788">
         <name>lseek</name>
         <value>0x5279</value>
         <object_component_ref idref="oc-59e"/>
      </symbol>
      <symbol id="sm-792">
         <name>copysign</name>
         <value>0x53c1</value>
         <object_component_ref idref="oc-556"/>
      </symbol>
      <symbol id="sm-793">
         <name>copysignl</name>
         <value>0x53c1</value>
         <object_component_ref idref="oc-556"/>
      </symbol>
      <symbol id="sm-7a8">
         <name>__TI_closefile</name>
         <value>0x40f5</value>
         <object_component_ref idref="oc-5ef"/>
      </symbol>
      <symbol id="sm-7cb">
         <name>finddevice</name>
         <value>0x507d</value>
         <object_component_ref idref="oc-697"/>
      </symbol>
      <symbol id="sm-7cc">
         <name>getdevice</name>
         <value>0x4c85</value>
         <object_component_ref idref="oc-66f"/>
      </symbol>
      <symbol id="sm-7db">
         <name>strcmp</name>
         <value>0x540d</value>
         <object_component_ref idref="oc-6ae"/>
      </symbol>
      <symbol id="sm-7e9">
         <name>strcpy</name>
         <value>0x5467</value>
         <object_component_ref idref="oc-662"/>
      </symbol>
      <symbol id="sm-7f9">
         <name>strncpy</name>
         <value>0x4edd</value>
         <object_component_ref idref="oc-691"/>
      </symbol>
      <symbol id="sm-80e">
         <name>close</name>
         <value>0x464d</value>
         <object_component_ref idref="oc-637"/>
      </symbol>
      <symbol id="sm-81e">
         <name>unlink</name>
         <value>0x5135</value>
         <object_component_ref idref="oc-63d"/>
      </symbol>
      <symbol id="sm-90d">
         <name>ADC14_configureSingleSampleMode</name>
         <value>0x46a9</value>
         <object_component_ref idref="oc-119"/>
      </symbol>
      <symbol id="sm-90e">
         <name>ADC14_enableSampleTimer</name>
         <value>0x4f15</value>
         <object_component_ref idref="oc-12b"/>
      </symbol>
      <symbol id="sm-90f">
         <name>ADC14_enableConversion</name>
         <value>0x5161</value>
         <object_component_ref idref="oc-143"/>
      </symbol>
      <symbol id="sm-910">
         <name>ADC14_setResolution</name>
         <value>0x52ed</value>
         <object_component_ref idref="oc-10d"/>
      </symbol>
      <symbol id="sm-911">
         <name>ADC14_toggleConversionTrigger</name>
         <value>0x50dd</value>
         <object_component_ref idref="oc-16c"/>
      </symbol>
      <symbol id="sm-912">
         <name>ADC14_isBusy</name>
         <value>0x54a1</value>
         <object_component_ref idref="oc-172"/>
      </symbol>
      <symbol id="sm-913">
         <name>ADC14_initModule</name>
         <value>0x4861</value>
         <object_component_ref idref="oc-113"/>
      </symbol>
      <symbol id="sm-914">
         <name>ADC14_configureConversionMemory</name>
         <value>0x38a1</value>
         <object_component_ref idref="oc-125"/>
      </symbol>
      <symbol id="sm-915">
         <name>ADC14_enableModule</name>
         <value>0x54fd</value>
         <object_component_ref idref="oc-107"/>
      </symbol>
      <symbol id="sm-916">
         <name>ADC14_getResult</name>
         <value>0x5189</value>
         <object_component_ref idref="oc-178"/>
      </symbol>
      <symbol id="sm-980">
         <name>CS_setDCOFrequency</name>
         <value>0x207d</value>
         <object_component_ref idref="oc-bf"/>
      </symbol>
      <symbol id="sm-981">
         <name>CS_setDCOCenteredFrequency</name>
         <value>0x4f49</value>
         <object_component_ref idref="oc-241"/>
      </symbol>
      <symbol id="sm-982">
         <name>CS_tuneDCOFrequency</name>
         <value>0x3c59</value>
         <object_component_ref idref="oc-247"/>
      </symbol>
      <symbol id="sm-983">
         <name>CS_initClockSignal</name>
         <value>0x29cd</value>
         <object_component_ref idref="oc-c5"/>
      </symbol>
      <symbol id="sm-b7b">
         <name>__FlashCtl_A_remaskData32Post</name>
         <value>0x364d</value>
         <object_component_ref idref="oc-452"/>
      </symbol>
      <symbol id="sm-b7c">
         <name>FlashCtl_A_protectMemory</name>
         <value>0x18e1</value>
         <object_component_ref idref="oc-1b6"/>
      </symbol>
      <symbol id="sm-b7d">
         <name>FlashCtl_A_clearProgramVerification</name>
         <value>0x49b1</value>
         <object_component_ref idref="oc-433"/>
      </symbol>
      <symbol id="sm-b7e">
         <name>FlashCtl_A_getInterruptStatus</name>
         <value>0x552d</value>
         <object_component_ref idref="oc-439"/>
      </symbol>
      <symbol id="sm-b7f">
         <name>FlashCtl_A_disableWordProgramming</name>
         <value>0x5521</value>
         <object_component_ref idref="oc-30a"/>
      </symbol>
      <symbol id="sm-b80">
         <name>FlashCtl_A_setWaitState</name>
         <value>0x4ae1</value>
         <object_component_ref idref="oc-41f"/>
      </symbol>
      <symbol id="sm-b81">
         <name>FlashCtl_A_enableWordProgramming</name>
         <value>0x4dc5</value>
         <object_component_ref idref="oc-2f2"/>
      </symbol>
      <symbol id="sm-b82">
         <name>__FlashCtl_A_remaskData32Pre</name>
         <value>0x3579</value>
         <object_component_ref idref="oc-44c"/>
      </symbol>
      <symbol id="sm-b83">
         <name>__FlashCtl_A_remaskData8Pre</name>
         <value>0x3d69</value>
         <object_component_ref idref="oc-43f"/>
      </symbol>
      <symbol id="sm-b84">
         <name>FlashCtl_A_verifyMemory</name>
         <value>0x11bd</value>
         <object_component_ref idref="oc-2eb"/>
      </symbol>
      <symbol id="sm-b85">
         <name>__FlashCtl_A_remaskData8Post</name>
         <value>0x3efd</value>
         <object_component_ref idref="oc-445"/>
      </symbol>
      <symbol id="sm-b86">
         <name>__FlashCtl_A_remaskBurstDataPre</name>
         <value>0x2afd</value>
         <object_component_ref idref="oc-459"/>
      </symbol>
      <symbol id="sm-b87">
         <name>FlashCtl_A_setProgramVerification</name>
         <value>0x49fd</value>
         <object_component_ref idref="oc-42d"/>
      </symbol>
      <symbol id="sm-b88">
         <name>__FlashCtl_A_remaskBurstDataPost</name>
         <value>0x2c2d</value>
         <object_component_ref idref="oc-45f"/>
      </symbol>
      <symbol id="sm-b89">
         <name>FlashCtl_A_setReadMode</name>
         <value>0x407d</value>
         <object_component_ref idref="oc-425"/>
      </symbol>
      <symbol id="sm-b8a">
         <name>FlashCtl_A_programMemory</name>
         <value>0x2219</value>
         <object_component_ref idref="oc-1b0"/>
      </symbol>
      <symbol id="sm-b8b">
         <name>FlashCtl_A_unprotectMemory</name>
         <value>0x16b5</value>
         <object_component_ref idref="oc-1a4"/>
      </symbol>
      <symbol id="sm-b8c">
         <name>FlashCtl_A_getReadMode</name>
         <value>0x4dfd</value>
         <object_component_ref idref="oc-419"/>
      </symbol>
      <symbol id="sm-b8d">
         <name>FlashCtl_A_getWaitState</name>
         <value>0x4e35</value>
         <object_component_ref idref="oc-413"/>
      </symbol>
      <symbol id="sm-b8e">
         <name>FlashCtl_A_eraseSector</name>
         <value>0x275d</value>
         <object_component_ref idref="oc-1aa"/>
      </symbol>
      <symbol id="sm-b9a">
         <name>FPU_enableModule</name>
         <value>0x53dd</value>
         <object_component_ref idref="oc-b9"/>
      </symbol>
      <symbol id="sm-c09">
         <name>GPIO_setOutputHighOnPin</name>
         <value>0x5201</value>
         <object_component_ref idref="oc-198"/>
      </symbol>
      <symbol id="sm-c0a">
         <name>GPIO_setAsInputPinWithPullUpResistor</name>
         <value>0x4701</value>
         <object_component_ref idref="oc-cb"/>
      </symbol>
      <symbol id="sm-c0b">
         <name>GPIO_enableInterrupt</name>
         <value>0x51d9</value>
         <object_component_ref idref="oc-fb"/>
      </symbol>
      <symbol id="sm-c0c">
         <name>GPIO_setAsOutputPin</name>
         <value>0x4cc9</value>
         <object_component_ref idref="oc-d1"/>
      </symbol>
      <symbol id="sm-c0d">
         <name>GPIO_interruptEdgeSelect</name>
         <value>0x4d89</value>
         <object_component_ref idref="oc-ef"/>
      </symbol>
      <symbol id="sm-c0e">
         <name>GPIO_setOutputLowOnPin</name>
         <value>0x5229</value>
         <object_component_ref idref="oc-155"/>
      </symbol>
      <symbol id="sm-c0f">
         <name>GPIO_clearInterruptFlag</name>
         <value>0x51b1</value>
         <object_component_ref idref="oc-f5"/>
      </symbol>
      <symbol id="sm-c10">
         <name>GPIO_getInputPinValue</name>
         <value>0x504d</value>
         <object_component_ref idref="oc-149"/>
      </symbol>
      <symbol id="sm-c11">
         <name>GPIO_setAsPeripheralModuleFunctionInputPin</name>
         <value>0x3ce1</value>
         <object_component_ref idref="oc-d7"/>
      </symbol>
      <symbol id="sm-c51">
         <name>Interrupt_disableMaster</name>
         <value>0x54c1</value>
         <object_component_ref idref="oc-e9"/>
      </symbol>
      <symbol id="sm-c52">
         <name>Interrupt_setPriority</name>
         <value>0x48b5</value>
         <object_component_ref idref="oc-101"/>
      </symbol>
      <symbol id="sm-c53">
         <name>Interrupt_enableMaster</name>
         <value>0x54d1</value>
         <object_component_ref idref="oc-14f"/>
      </symbol>
      <symbol id="sm-c54">
         <name>Interrupt_enableInterrupt</name>
         <value>0x3f81</value>
         <object_component_ref idref="oc-137"/>
      </symbol>
      <symbol id="sm-c60">
         <name>REF_A_setReferenceVoltage</name>
         <value>0x530d</value>
         <object_component_ref idref="oc-11f"/>
      </symbol>
      <symbol id="sm-c8a">
         <name>SysCtl_A_getInfoFlashSize</name>
         <value>0x5545</value>
         <object_component_ref idref="oc-2dd"/>
      </symbol>
      <symbol id="sm-c8b">
         <name>SysCtl_A_getFlashSize</name>
         <value>0x5539</value>
         <object_component_ref idref="oc-2d7"/>
      </symbol>
      <symbol id="sm-c8c">
         <name>SysCtl_A_getTLVInfo</name>
         <value>0x3b39</value>
         <object_component_ref idref="oc-23b"/>
      </symbol>
      <symbol id="sm-ccc">
         <name>Timer_A_clearCaptureCompareInterrupt</name>
         <value>0x5109</value>
         <object_component_ref idref="oc-19e"/>
      </symbol>
      <symbol id="sm-ccd">
         <name>Timer_A_startCounter</name>
         <value>0x5425</value>
         <object_component_ref idref="oc-13d"/>
      </symbol>
      <symbol id="sm-cce">
         <name>Timer_A_configureUpMode</name>
         <value>0x4389</value>
         <object_component_ref idref="oc-131"/>
      </symbol>
      <symbol id="sm-d06">
         <name>UART_enableModule</name>
         <value>0x543b</value>
         <object_component_ref idref="oc-e3"/>
      </symbol>
      <symbol id="sm-d07">
         <name>UART_transmitData</name>
         <value>0x4f7d</value>
         <object_component_ref idref="oc-166"/>
      </symbol>
      <symbol id="sm-d08">
         <name>UART_initModule</name>
         <value>0x2e7d</value>
         <object_component_ref idref="oc-dd"/>
      </symbol>
      <symbol id="sm-d14">
         <name>WDT_A_holdTimer</name>
         <value>0x52c9</value>
         <object_component_ref idref="oc-b3"/>
      </symbol>
      <symbol id="sm-d2e">
         <name>CPU_cpsie</name>
         <value>0x5515</value>
         <object_component_ref idref="oc-297"/>
      </symbol>
      <symbol id="sm-d2f">
         <name>CPU_cpsid</name>
         <value>0x5509</value>
         <object_component_ref idref="oc-263"/>
      </symbol>
      <symbol id="sm-d30">
         <name>CPU_primask</name>
         <value>0x5551</value>
         <object_component_ref idref="oc-2e5"/>
      </symbol>
      <symbol id="sm-d31">
         <name>__TI_static_base__</name>
         <value>0x0</value>
      </symbol>
      <symbol id="sm-d34">
         <name>__mpu_init</name>
         <value>0x0</value>
      </symbol>
      <symbol id="sm-d35">
         <name>_system_post_cinit</name>
         <value>0x0</value>
      </symbol>
      <symbol id="sm-d36">
         <name>NMI_Handler</name>
         <value>0x54fb</value>
      </symbol>
      <symbol id="sm-d37">
         <name>HardFault_Handler</name>
         <value>0x54fb</value>
      </symbol>
      <symbol id="sm-d38">
         <name>MemManage_Handler</name>
         <value>0x54fb</value>
      </symbol>
      <symbol id="sm-d39">
         <name>BusFault_Handler</name>
         <value>0x54fb</value>
      </symbol>
      <symbol id="sm-d3a">
         <name>UsageFault_Handler</name>
         <value>0x54fb</value>
      </symbol>
      <symbol id="sm-d3b">
         <name>SVC_Handler</name>
         <value>0x54fb</value>
      </symbol>
      <symbol id="sm-d3c">
         <name>DebugMon_Handler</name>
         <value>0x54fb</value>
      </symbol>
      <symbol id="sm-d3d">
         <name>PendSV_Handler</name>
         <value>0x54fb</value>
      </symbol>
      <symbol id="sm-d3e">
         <name>SysTick_Handler</name>
         <value>0x54fb</value>
      </symbol>
      <symbol id="sm-d3f">
         <name>PSS_IRQHandler</name>
         <value>0x54fb</value>
      </symbol>
      <symbol id="sm-d40">
         <name>CS_IRQHandler</name>
         <value>0x54fb</value>
      </symbol>
      <symbol id="sm-d41">
         <name>PCM_IRQHandler</name>
         <value>0x54fb</value>
      </symbol>
      <symbol id="sm-d42">
         <name>WDT_A_IRQHandler</name>
         <value>0x54fb</value>
      </symbol>
      <symbol id="sm-d43">
         <name>FPU_IRQHandler</name>
         <value>0x54fb</value>
      </symbol>
      <symbol id="sm-d44">
         <name>FLCTL_A_IRQHandler</name>
         <value>0x54fb</value>
      </symbol>
      <symbol id="sm-d45">
         <name>COMP_E0_IRQHandler</name>
         <value>0x54fb</value>
      </symbol>
      <symbol id="sm-d46">
         <name>COMP_E1_IRQHandler</name>
         <value>0x54fb</value>
      </symbol>
      <symbol id="sm-d47">
         <name>TA0_0_IRQHandler</name>
         <value>0x103b</value>
      </symbol>
      <symbol id="sm-d48">
         <name>TA0_N_IRQHandler</name>
         <value>0x54fb</value>
      </symbol>
      <symbol id="sm-d49">
         <name>TA1_0_IRQHandler</name>
         <value>0x54fb</value>
      </symbol>
      <symbol id="sm-d4a">
         <name>TA1_N_IRQHandler</name>
         <value>0x54fb</value>
      </symbol>
      <symbol id="sm-d4b">
         <name>TA2_0_IRQHandler</name>
         <value>0x54fb</value>
      </symbol>
      <symbol id="sm-d4c">
         <name>TA2_N_IRQHandler</name>
         <value>0x54fb</value>
      </symbol>
      <symbol id="sm-d4d">
         <name>TA3_0_IRQHandler</name>
         <value>0x54fb</value>
      </symbol>
      <symbol id="sm-d4e">
         <name>TA3_N_IRQHandler</name>
         <value>0x54fb</value>
      </symbol>
      <symbol id="sm-d4f">
         <name>EUSCIA0_IRQHandler</name>
         <value>0x54fb</value>
      </symbol>
      <symbol id="sm-d50">
         <name>EUSCIA1_IRQHandler</name>
         <value>0x54fb</value>
      </symbol>
      <symbol id="sm-d51">
         <name>EUSCIA2_IRQHandler</name>
         <value>0x54fb</value>
      </symbol>
      <symbol id="sm-d52">
         <name>EUSCIA3_IRQHandler</name>
         <value>0x54fb</value>
      </symbol>
      <symbol id="sm-d53">
         <name>EUSCIB0_IRQHandler</name>
         <value>0x54fb</value>
      </symbol>
      <symbol id="sm-d54">
         <name>EUSCIB1_IRQHandler</name>
         <value>0x54fb</value>
      </symbol>
      <symbol id="sm-d55">
         <name>EUSCIB2_IRQHandler</name>
         <value>0x54fb</value>
      </symbol>
      <symbol id="sm-d56">
         <name>EUSCIB3_IRQHandler</name>
         <value>0x54fb</value>
      </symbol>
      <symbol id="sm-d57">
         <name>ADC14_IRQHandler</name>
         <value>0x54fb</value>
      </symbol>
      <symbol id="sm-d58">
         <name>T32_INT1_IRQHandler</name>
         <value>0x54fb</value>
      </symbol>
      <symbol id="sm-d59">
         <name>T32_INT2_IRQHandler</name>
         <value>0x54fb</value>
      </symbol>
      <symbol id="sm-d5a">
         <name>T32_INTC_IRQHandler</name>
         <value>0x54fb</value>
      </symbol>
      <symbol id="sm-d5b">
         <name>AES256_IRQHandler</name>
         <value>0x54fb</value>
      </symbol>
      <symbol id="sm-d5c">
         <name>RTC_C_IRQHandler</name>
         <value>0x54fb</value>
      </symbol>
      <symbol id="sm-d5d">
         <name>DMA_ERR_IRQHandler</name>
         <value>0x54fb</value>
      </symbol>
      <symbol id="sm-d5e">
         <name>DMA_INT3_IRQHandler</name>
         <value>0x54fb</value>
      </symbol>
      <symbol id="sm-d5f">
         <name>DMA_INT2_IRQHandler</name>
         <value>0x54fb</value>
      </symbol>
      <symbol id="sm-d60">
         <name>DMA_INT1_IRQHandler</name>
         <value>0x54fb</value>
      </symbol>
      <symbol id="sm-d61">
         <name>DMA_INT0_IRQHandler</name>
         <value>0x54fb</value>
      </symbol>
      <symbol id="sm-d62">
         <name>PORT1_IRQHandler</name>
         <value>0x54fb</value>
      </symbol>
      <symbol id="sm-d63">
         <name>PORT2_IRQHandler</name>
         <value>0x54fb</value>
      </symbol>
      <symbol id="sm-d64">
         <name>PORT3_IRQHandler</name>
         <value>0x54fb</value>
      </symbol>
      <symbol id="sm-d65">
         <name>PORT4_IRQHandler</name>
         <value>0x54fb</value>
      </symbol>
      <symbol id="sm-d66">
         <name>PORT5_IRQHandler</name>
         <value>0x54fb</value>
      </symbol>
      <symbol id="sm-d67">
         <name>PORT6_IRQHandler</name>
         <value>0x54fb</value>
      </symbol>
      <symbol id="sm-d68">
         <name>LCD_F_IRQHandler</name>
         <value>0x54fb</value>
      </symbol>
      <symbol id="sm-d69">
         <name>remove</name>
         <value>0x5135</value>
      </symbol>
   </symbol_table>
   <title>Link successful</title>
</link_info>
